09-16 04:27:29 batch pantheon: 559 to run, 8 at a time
09-16 04:27:29 start chaos (Chaos)
09-16 04:27:29 start uranus (Uranus)
09-16 04:27:29 start gaia (Gaia)
09-16 04:27:29 start tartarus (Tartarus)
09-16 04:27:29 start eros_primordial (Eros (the primordial))
09-16 04:27:29 start erebus (Erebus)
09-16 04:27:29 start nyx (Nyx)
09-16 04:27:29 start pontus (Pontus)
09-16 04:31:49 DONE chaos: 583 lines, committed and pushed
09-16 04:31:49 start aether (Aether)
09-16 04:32:03 DONE uranus: 641 lines, committed and pushed
09-16 04:32:03 start hemera (Hemera)
09-16 04:33:34 DONE nyx: 711 lines, committed and pushed
09-16 04:33:34 start ananke (Ananke)
09-16 04:34:27 DONE tartarus: 678 lines, committed and pushed
09-16 04:34:27 start chronos_primordial (Chronos (primordial Time))
09-16 04:34:32 DONE erebus: 704 lines, committed and pushed
09-16 04:34:32 start phanes (Phanes)
09-16 04:34:34 DONE gaia: 573 lines, committed and pushed
09-16 04:34:34 start rhea (Rhea)
09-16 04:34:40 DONE eros_primordial: 564 lines, committed and pushed
09-16 04:34:40 start oceanus (Oceanus)
09-16 04:36:41 DONE pontus: 736 lines, committed and pushed
09-16 04:36:41 start tethys (Tethys)
09-16 04:37:47 DONE aether: 537 lines, committed and pushed
09-16 04:37:47 start hyperion (Hyperion)
09-16 04:39:06 DONE hemera: 775 lines, committed and pushed
09-16 04:39:06 start theia (Theia)
09-16 04:39:35 DONE ananke: 561 lines, committed and pushed
09-16 04:39:35 start coeus (Coeus)
09-16 04:40:22 DONE chronos_primordial: 547 lines, committed and pushed
09-16 04:40:22 start phoebe (Phoebe)
09-16 04:40:47 DONE phanes: 590 lines, committed and pushed
09-16 04:40:47 start iapetus (Iapetus)
09-16 04:41:35 DONE tethys: 588 lines, committed and pushed
09-16 04:41:35 start themis (Themis)
09-16 04:41:43 DONE rhea: 696 lines, committed and pushed
09-16 04:41:43 start mnemosyne (Mnemosyne)
09-16 04:42:07 DONE oceanus: 789 lines, committed and pushed
09-16 04:42:07 start crius (Crius)
09-16 04:42:16 DONE hyperion: 723 lines, committed and pushed
09-16 04:42:16 start prometheus (Prometheus)
09-16 04:44:49 DONE theia: 581 lines, committed and pushed
09-16 04:44:49 start epimetheus (Epimetheus)
09-16 04:44:55 DONE coeus: 680 lines, committed and pushed
09-16 04:44:55 start atlas (Atlas)
09-16 04:45:40 DONE iapetus: 702 lines, committed and pushed
09-16 04:45:40 start menoetius (Menoetius)
09-16 04:45:47 DONE phoebe: 675 lines, committed and pushed
09-16 04:45:47 start leto (Leto)
09-16 04:47:19 DONE mnemosyne: 555 lines, committed and pushed
09-16 04:47:19 start asteria (Asteria)
09-16 04:48:10 DONE themis: 915 lines, committed and pushed
09-16 04:48:10 start selene (Selene)
09-16 04:48:59 DONE crius: 815 lines, committed and pushed
09-16 04:48:59 start eos (Eos)
09-16 04:49:19 DONE prometheus: 553 lines, committed and pushed
09-16 04:49:19 start metis (Metis)
09-16 04:49:42 DONE leto: 466 lines, committed and pushed
09-16 04:49:42 start styx (Styx)
09-16 04:50:39 DONE menoetius: 587 lines, committed and pushed
09-16 04:50:39 start pallas_titan (Pallas (the Titan))
09-16 04:51:02 DONE epimetheus: 575 lines, committed and pushed
09-16 04:51:02 start perses_titan (Perses (the Titan))
09-16 04:51:20 DONE atlas: 475 lines, committed and pushed
09-16 04:51:20 start astraeus (Astraeus)
09-16 04:53:19 DONE metis: 552 lines, committed and pushed
09-16 04:53:19 start hera (Hera)
09-16 04:54:06 DONE pallas_titan: 597 lines, committed and pushed
09-16 04:54:06 start demeter (Demeter)
09-16 04:54:19 DONE asteria: 695 lines, committed and pushed
09-16 04:54:19 start athena (Athena)
09-16 04:54:50 DONE styx: 601 lines, committed and pushed
09-16 04:54:50 start ares (Ares)
09-16 04:55:12 DONE eos: 521 lines, committed and pushed
09-16 04:55:12 start aphrodite (Aphrodite)
09-16 04:55:35 DONE selene: 665 lines, committed and pushed
09-16 04:55:35 start hestia (Hestia)
09-16 04:56:05 DONE perses_titan: 763 lines, committed and pushed
09-16 04:56:05 start dionysus (Dionysus)
09-16 04:57:00 DONE astraeus: 686 lines, committed and pushed
09-16 04:57:00 start hades (Hades)
09-16 04:59:28 DONE demeter: 562 lines, committed and pushed
09-16 04:59:28 start persephone (Persephone)
09-16 05:00:56 DONE aphrodite: 745 lines, committed and pushed
09-16 05:00:56 start hecate (Hecate)
09-16 05:01:00 DONE hera: 578 lines, committed and pushed
09-16 05:01:00 start pan (Pan)
09-16 05:01:09 DONE ares: 572 lines, committed and pushed
09-16 05:01:09 start asclepius (Asclepius)
09-16 05:01:32 DONE hestia: 645 lines, committed and pushed
09-16 05:01:32 start eros (Eros (son of Aphrodite))
09-16 05:01:44 DONE athena: 711 lines, committed and pushed
09-16 05:01:44 start nike (Nike)
09-16 05:02:39 DONE dionysus: 505 lines, committed and pushed
09-16 05:02:39 start nemesis (Nemesis)
09-16 05:04:21 DONE hades: 668 lines, committed and pushed
09-16 05:04:21 start iris (Iris)
09-16 05:04:58 DONE persephone: 559 lines, committed and pushed
09-16 05:04:58 start tyche (Tyche)
09-16 05:07:03 DONE asclepius: 707 lines, committed and pushed
09-16 05:07:03 start hebe (Hebe)
09-16 05:07:30 DONE eros: 537 lines, committed and pushed
09-16 05:07:30 start ganymede (Ganymede)
09-16 05:07:32 DONE nike: 617 lines, committed and pushed
09-16 05:07:32 start heracles_god (Heracles (the god))
09-16 05:08:25 DONE pan: 641 lines, committed and pushed
09-16 05:08:25 start dioscuri (The Dioscuri (Castor and Pollux))
09-16 05:08:37 DONE hecate: 572 lines, committed and pushed
09-16 05:08:37 start eileithyia (Eileithyia)
09-16 05:09:42 DONE nemesis: 699 lines, committed and pushed
09-16 05:09:42 start enyo (Enyo)
09-16 05:10:51 DONE tyche: 615 lines, committed and pushed
09-16 05:10:51 start phobos_and_deimos (Phobos and Deimos)
09-16 05:13:41 DONE ganymede: 528 lines, committed and pushed
09-16 05:13:41 start harmonia (Harmonia)
09-16 05:13:51 DONE heracles_god: 670 lines, committed and pushed
09-16 05:13:51 start eris (Eris)
09-16 05:14:03 DONE hebe: 752 lines, committed and pushed
09-16 05:14:03 start ate (Ate)
09-16 05:14:28 DONE eileithyia: 735 lines, committed and pushed
09-16 05:14:28 start momus (Momus)
09-16 05:15:24 DONE dioscuri: 622 lines, committed and pushed
09-16 05:15:24 start ploutos (Ploutos)
09-16 05:15:52 DONE enyo: 486 lines, committed and pushed
09-16 05:15:52 start priapus (Priapus)
09-16 05:16:58 DONE phobos_and_deimos: 589 lines, committed and pushed
09-16 05:16:58 start hypnos (Hypnos)
09-16 05:18:19 DONE iris: 545 lines, committed and pushed
09-16 05:18:19 start thanatos (Thanatos)
09-16 05:19:17 DONE momus: 514 lines, committed and pushed
09-16 05:19:17 start morpheus (Morpheus)
09-16 05:20:07 DONE ate: 481 lines, committed and pushed
09-16 05:20:07 start charon (Charon)
09-16 05:20:08 DONE eris: 618 lines, committed and pushed
09-16 05:20:08 start hermaphroditus (Hermaphroditus)
09-16 05:20:21 DONE harmonia: 748 lines, committed and pushed
09-16 05:20:21 start triton (Triton)
09-16 05:21:45 DONE ploutos: 631 lines, committed and pushed
09-16 05:21:45 start nereus (Nereus)
09-16 05:22:15 DONE priapus: 658 lines, committed and pushed
09-16 05:22:15 start proteus (Proteus)
09-16 05:23:31 DONE hypnos: 542 lines, committed and pushed
09-16 05:23:31 start amphitrite (Amphitrite)
09-16 05:24:46 DONE morpheus: 639 lines, committed and pushed
09-16 05:24:46 start thetis (Thetis)
09-16 05:25:22 DONE thanatos: 664 lines, committed and pushed
09-16 05:25:22 start glaucus_sea (Glaucus (the sea god))
09-16 05:25:36 DONE charon: 634 lines, committed and pushed
09-16 05:25:36 start aeolus (Aeolus)
09-16 05:25:39 DONE triton: 489 lines, committed and pushed
09-16 05:25:39 start boreas (Boreas)
09-16 05:26:53 DONE hermaphroditus: 626 lines, committed and pushed
09-16 05:26:53 start zephyrus (Zephyrus)
09-16 05:28:35 DONE nereus: 571 lines, committed and pushed
09-16 05:28:35 start notus_and_eurus (Notus and Eurus)
09-16 05:28:41 DONE proteus: 788 lines, committed and pushed
09-16 05:28:41 start circe (Circe)
09-16 05:29:47 DONE amphitrite: 611 lines, committed and pushed
09-16 05:29:47 start calypso (Calypso)
09-16 05:29:59 DONE thetis: 678 lines, committed and pushed
09-16 05:29:59 start muses (The Muses)
09-16 05:32:44 DONE aeolus: 642 lines, committed and pushed
09-16 05:32:44 start charites (The Charites (Graces))
09-16 05:32:50 DONE glaucus_sea: 897 lines, committed and pushed
09-16 05:32:50 start horae (The Horae)
09-16 05:33:02 DONE notus_and_eurus: 556 lines, committed and pushed
09-16 05:33:02 start erinyes (The Erinyes)
09-16 05:33:40 DONE boreas: 764 lines, committed and pushed
09-16 05:33:40 start nereids (The Nereids)
09-16 05:33:54 DONE calypso: 495 lines, committed and pushed
09-16 05:33:54 start nymphs (The Nymphs)
09-16 05:34:02 DONE zephyrus: 711 lines, committed and pushed
09-16 05:34:02 start anemoi (The Anemoi)
09-16 05:35:56 DONE circe: 599 lines, committed and pushed
09-16 05:35:56 start cyclopes (The Cyclopes)
09-16 05:37:50 DONE muses: 900 lines, committed and pushed
09-16 05:37:50 start hecatoncheires (The Hecatoncheires)
09-16 05:38:09 DONE horae: 686 lines, committed and pushed
09-16 05:38:09 start gigantes (The Gigantes)
09-16 05:38:14 DONE charites: 466 lines, committed and pushed
09-16 05:38:14 start sirens (The Sirens)
09-16 05:40:17 DONE nereids: 581 lines, committed and pushed
09-16 05:40:17 start harpies (The Harpies)
09-16 05:41:07 DONE anemoi: 732 lines, committed and pushed
09-16 05:41:07 start keres (The Keres)
09-16 05:41:14 DONE nymphs: 696 lines, committed and pushed
09-16 05:41:14 start oneiroi (The Oneiroi)
09-16 05:41:31 DONE erinyes: 879 lines, committed and pushed
09-16 05:41:31 start typhon (Typhon)
09-16 05:41:43 DONE cyclopes: 562 lines, committed and pushed
09-16 05:41:43 start echidna (Echidna)
09-16 05:42:54 DONE hecatoncheires: 634 lines, committed and pushed
09-16 05:42:54 start cerberus_hound (Cerberus (the hound))
09-16 05:43:30 DONE gigantes: 795 lines, committed and pushed
09-16 05:43:30 start chimera (The Chimera)
09-16 05:44:15 DONE sirens: 539 lines, committed and pushed
09-16 05:44:15 start lernaean_hydra (The Lernaean Hydra)
09-16 05:44:58 DONE harpies: 578 lines, committed and pushed
09-16 05:44:58 start sphinx (The Sphinx (Greek))
09-16 05:45:20 DONE echidna: 484 lines, committed and pushed
09-16 05:45:20 start scylla_and_charybdis (Scylla and Charybdis)
09-16 05:46:35 DONE oneiroi: 548 lines, committed and pushed
09-16 05:46:35 start nemean_lion (The Nemean Lion)
09-16 05:47:17 DONE typhon: 433 lines, committed and pushed
09-16 05:47:17 start ladon (Ladon)
09-16 05:47:26 DONE keres: 603 lines, committed and pushed
09-16 05:47:26 start argus_panoptes (Argus Panoptes)
09-16 05:47:57 DONE cerberus_hound: 612 lines, committed and pushed
09-16 05:47:57 start talos (Talos)
09-16 05:49:57 DONE sphinx: 570 lines, committed and pushed
09-16 05:49:57 start python (Python)
09-16 05:50:04 DONE scylla_and_charybdis: 568 lines, committed and pushed
09-16 05:50:04 start stymphalian_birds (The Stymphalian Birds)
09-16 05:50:30 DONE chimera: 781 lines, committed and pushed
09-16 05:50:30 start geryon (Geryon)
09-16 05:51:21 DONE ladon: 517 lines, committed and pushed
09-16 05:51:21 start orthrus (Orthrus)
09-16 05:51:24 DONE lernaean_hydra: 701 lines, committed and pushed
09-16 05:51:24 start erymanthian_boar (The Erymanthian Boar)
09-16 05:52:56 DONE argus_panoptes: 602 lines, committed and pushed
09-16 05:52:56 start calydonian_boar (The Calydonian Boar)
09-16 05:53:51 DONE talos: 775 lines, committed and pushed
09-16 05:53:51 start polyphemus (Polyphemus)
09-16 05:54:09 DONE nemean_lion: 587 lines, committed and pushed
09-16 05:54:09 start mars (Mars)
09-16 05:54:48 DONE python: 686 lines, committed and pushed
09-16 05:54:48 start neptune (Neptune)
09-16 05:54:50 DONE geryon: 543 lines, committed and pushed
09-16 05:54:50 start ceres (Ceres)
09-16 05:56:13 DONE stymphalian_birds: 573 lines, committed and pushed
09-16 05:56:13 start vulcan (Vulcan)
09-16 05:56:57 DONE erymanthian_boar: 456 lines, committed and pushed
09-16 05:56:57 start vesta (Vesta)
09-16 05:58:07 DONE orthrus: 515 lines, committed and pushed
09-16 05:58:07 start diana (Diana)
09-16 05:58:26 DONE ceres: 445 lines, committed and pushed
09-16 05:58:26 start bacchus_liber (Bacchus / Liber Pater)
09-16 06:00:07 DONE vulcan: 519 lines, committed and pushed
09-16 06:00:07 start pluto_dis_pater (Pluto / Dis Pater)
09-16 06:00:37 DONE mars: 633 lines, committed and pushed
09-16 06:00:37 start proserpina (Proserpina)
09-16 06:01:38 DONE neptune: 750 lines, committed and pushed
09-16 06:01:38 start janus (Janus)
09-16 06:01:57 DONE calydonian_boar: 660 lines, committed and pushed
09-16 06:01:57 start saturn (Saturn)
09-16 06:02:43 DONE polyphemus: 527 lines, committed and pushed
09-16 06:02:43 start ops (Ops)
09-16 06:05:10 DONE vesta: 565 lines, committed and pushed
09-16 06:05:10 start quirinus (Quirinus)
09-16 06:05:11 DONE diana: 560 lines, committed and pushed
09-16 06:05:11 start bellona (Bellona)
09-16 06:06:17 DONE proserpina: 602 lines, committed and pushed
09-16 06:06:17 start fortuna (Fortuna)
09-16 06:07:11 DONE pluto_dis_pater: 539 lines, committed and pushed
09-16 06:07:11 start faunus (Faunus)
09-16 06:07:33 DONE saturn: 741 lines, committed and pushed
09-16 06:07:33 start silvanus (Silvanus)
09-16 06:07:56 DONE ops: 884 lines, committed and pushed
09-16 06:07:56 start flora (Flora)
09-16 06:08:49 DONE janus: 657 lines, committed and pushed
09-16 06:08:49 start pomona (Pomona)
09-16 06:10:07 DONE bacchus_liber: 672 lines, committed and pushed
09-16 06:10:07 start vertumnus (Vertumnus)
09-16 06:10:08 DONE bellona: 450 lines, committed and pushed
09-16 06:10:08 start terminus (Terminus)
09-16 06:10:10 DONE fortuna: 463 lines, committed and pushed
09-16 06:10:10 start lares (The Lares)
09-16 06:10:58 DONE quirinus: 568 lines, committed and pushed
09-16 06:10:58 start penates (The Penates)
09-16 06:12:07 DONE silvanus: 550 lines, committed and pushed
09-16 06:12:07 start manes (The Manes)
09-16 06:13:17 DONE flora: 778 lines, committed and pushed
09-16 06:13:17 start genius (Genius)
09-16 06:13:58 DONE pomona: 529 lines, committed and pushed
09-16 06:13:58 start concordia (Concordia)
09-16 06:14:04 DONE faunus: 787 lines, committed and pushed
09-16 06:14:04 start victoria (Victoria)
09-16 06:14:12 DONE terminus: 488 lines, committed and pushed
09-16 06:14:12 start pax (Pax)
09-16 06:15:35 DONE lares: 465 lines, committed and pushed
09-16 06:15:35 start fides (Fides)
09-16 06:15:43 DONE penates: 593 lines, committed and pushed
09-16 06:15:43 start pietas (Pietas)
09-16 06:16:12 DONE vertumnus: 627 lines, committed and pushed
09-16 06:16:12 start roma_dea (Dea Roma)
09-16 06:17:34 DONE manes: 705 lines, committed and pushed
09-16 06:17:34 start sol_invictus (Sol Invictus)
09-16 06:18:27 DONE victoria: 634 lines, committed and pushed
09-16 06:18:27 start luna (Luna)
09-16 06:19:33 DONE concordia: 716 lines, committed and pushed
09-16 06:19:33 start aurora (Aurora)
09-16 06:19:44 DONE genius: 604 lines, committed and pushed
09-16 06:19:44 start cupid (Cupid)
09-16 06:19:57 DONE pax: 630 lines, committed and pushed
09-16 06:19:57 start mithras_roman (Mithras (the Roman mysteries))
09-16 06:20:46 DONE roma_dea: 593 lines, committed and pushed
09-16 06:20:46 start cybele_magna_mater (Cybele / Magna Mater)
09-16 06:22:25 DONE sol_invictus: 512 lines, committed and pushed
09-16 06:22:25 start isis_in_rome (Isis in Rome)
09-16 06:22:35 DONE fides: 648 lines, committed and pushed
09-16 06:22:35 start consus (Consus)
09-16 06:24:54 DONE pietas: 376 lines, committed and pushed
09-16 06:24:54 start vediovis (Vediovis)
09-16 06:25:00 DONE aurora: 744 lines, committed and pushed
09-16 06:25:00 start mater_matuta (Mater Matuta)
09-16 06:25:59 DONE mithras_roman: 628 lines, committed and pushed
09-16 06:25:59 start carmenta (Carmenta)
09-16 06:26:35 DONE cybele_magna_mater: 692 lines, committed and pushed
09-16 06:26:35 start feronia (Feronia)
09-16 06:26:52 DONE cupid: 766 lines, committed and pushed
09-16 06:26:52 start egeria (Egeria)
09-16 06:27:30 DONE consus: 850 lines, committed and pushed
09-16 06:27:30 start picus (Picus)
09-16 06:28:11 DONE isis_in_rome: 734 lines, committed and pushed
09-16 06:28:11 start robigus (Robigus)
09-16 06:29:17 DONE mater_matuta: 607 lines, committed and pushed
09-16 06:29:17 start cloacina (Cloacina)
09-16 06:29:25 DONE vediovis: 583 lines, committed and pushed
09-16 06:29:25 start fama (Fama)
09-16 06:30:13 DONE carmenta: 475 lines, committed and pushed
09-16 06:30:13 start spes (Spes)
09-16 06:31:17 DONE feronia: 649 lines, committed and pushed
09-16 06:31:17 start salus (Salus)
09-16 06:31:23 DONE luna: 619 lines, committed and pushed
09-16 06:31:23 start aesculapius (Aesculapius)
09-16 06:32:44 DONE egeria: 559 lines, committed and pushed
09-16 06:32:44 start hercules_in_rome (Hercules in Rome)
09-16 06:33:21 DONE picus: 593 lines, committed and pushed
09-16 06:33:21 start castor_and_pollux_in_rome (Castor and Pollux in Rome)
09-16 06:33:43 DONE robigus: 640 lines, committed and pushed
09-16 06:33:43 start veritas (Veritas)
09-16 06:33:49 DONE cloacina: 785 lines, committed and pushed
09-16 06:33:49 start juventas (Juventas)
09-16 06:35:40 DONE fama: 701 lines, committed and pushed
09-16 06:35:40 start lucina (Lucina)
09-16 06:36:05 DONE spes: 632 lines, committed and pushed
09-16 06:36:05 start mania (Mania)
09-16 06:37:04 DONE juventas: 560 lines, committed and pushed
09-16 06:37:04 start summanus (Summanus)
09-16 06:37:12 DONE salus: 544 lines, committed and pushed
09-16 06:37:12 start portunus (Portunus)
09-16 06:37:47 DONE aesculapius: 707 lines, committed and pushed
09-16 06:37:47 start lakshmi (Lakshmi)
09-16 06:37:55 DONE castor_and_pollux_in_rome: 451 lines, committed and pushed
09-16 06:37:55 start parvati (Parvati)
09-16 06:39:02 DONE veritas: 547 lines, committed and pushed
09-16 06:39:02 start kali (Kali)
09-16 06:39:24 DONE lucina: 492 lines, committed and pushed
09-16 06:39:24 start radha (Radha)
09-16 06:39:50 DONE hercules_in_rome: 552 lines, committed and pushed
09-16 06:39:50 start kartikeya (Kartikeya / Skanda / Murugan)
09-16 06:41:08 DONE mania: 580 lines, committed and pushed
09-16 06:41:08 start hanuman (Hanuman)
09-16 06:41:40 DONE portunus: 672 lines, committed and pushed
09-16 06:41:40 start rama (Rama)
09-16 06:41:51 DONE summanus: 493 lines, committed and pushed
09-16 06:41:51 start sita (Sita)
09-16 06:41:58 DONE lakshmi: 440 lines, committed and pushed
09-16 06:41:58 start lakshmana (Lakshmana)
09-16 06:43:34 DONE parvati: 738 lines, committed and pushed
09-16 06:43:34 start balarama (Balarama)
09-16 06:44:59 DONE hanuman: 351 lines, committed and pushed
09-16 06:44:59 start surya (Surya)
09-16 06:45:40 DONE kali: 485 lines, committed and pushed
09-16 06:45:40 start chandra_soma (Chandra / Soma)
09-16 06:45:53 DONE kartikeya: 558 lines, committed and pushed
09-16 06:45:53 start agni (Agni)
09-16 06:46:38 DONE radha: 597 lines, committed and pushed
09-16 06:46:38 start vayu (Vayu)
09-16 06:48:07 DONE sita: 593 lines, committed and pushed
09-16 06:48:07 start rudra (Rudra)
09-16 06:48:40 DONE lakshmana: 678 lines, committed and pushed
09-16 06:48:40 start prajapati (Prajapati)
09-16 06:49:20 DONE rama: 663 lines, committed and pushed
09-16 06:49:20 start aditi (Aditi)
09-16 06:49:43 DONE balarama: 490 lines, committed and pushed
09-16 06:49:43 start ushas (Ushas)
09-16 06:53:12 DONE surya: 774 lines, committed and pushed
09-16 06:53:12 start ratri (Ratri)
09-16 06:53:39 DONE ushas: 631 lines, committed and pushed
09-16 06:53:39 start dyaus (Dyaus Pitar)
09-16 06:53:44 DONE agni: 607 lines, committed and pushed
09-16 06:53:44 start prithvi (Prithvi)
09-16 06:53:47 DONE chandra_soma: 716 lines, committed and pushed
09-16 06:53:47 start yami (Yami)
09-16 06:54:08 DONE vayu: 663 lines, committed and pushed
09-16 06:54:08 start kubera (Kubera)
09-16 06:54:48 DONE prajapati: 436 lines, committed and pushed
09-16 06:54:48 start kama (Kama)
09-16 06:55:18 DONE aditi: 584 lines, committed and pushed
09-16 06:55:18 start rati (Rati)
09-16 06:57:12 DONE rudra: 672 lines, committed and pushed
09-16 06:57:12 start ganga (Ganga)
09-16 06:58:29 DONE kubera: 517 lines, committed and pushed
09-16 06:58:29 start yamuna (Yamuna)
09-16 06:58:42 DONE dyaus: 619 lines, committed and pushed
09-16 06:58:42 start vishvakarman (Vishvakarman)
09-16 06:58:54 DONE yami: 692 lines, committed and pushed
09-16 06:58:54 start tvashtar (Tvashtar)
09-16 07:00:07 DONE prithvi: 794 lines, committed and pushed
09-16 07:00:07 start pushan (Pushan)
09-16 07:00:26 DONE ratri: 667 lines, committed and pushed
09-16 07:00:26 start savitr (Savitr)
09-16 07:03:22 DONE rati: 881 lines, committed and pushed
09-16 07:03:22 start bhaga (Bhaga)
09-16 07:03:54 DONE kama: 555 lines, committed and pushed
09-16 07:03:54 start daksha (Daksha)
09-16 07:03:56 DONE yamuna: 563 lines, committed and pushed
09-16 07:03:56 start manu (Manu)
09-16 07:04:17 DONE ganga: 505 lines, committed and pushed
09-16 07:04:17 start shesha_ananta (Shesha / Ananta)
09-16 07:04:31 DONE tvashtar: 450 lines, committed and pushed
09-16 07:04:31 start vasuki (Vasuki)
09-16 07:05:06 DONE savitr: 495 lines, committed and pushed
09-16 07:05:06 start bhairava (Bhairava)
09-16 07:05:57 DONE pushan: 798 lines, committed and pushed
09-16 07:05:57 start dattatreya (Dattatreya)
09-16 07:06:20 DONE vishvakarman: 694 lines, committed and pushed
09-16 07:06:20 start ayyappa (Ayyappa)
09-16 07:07:51 DONE bhaga: 404 lines, committed and pushed
09-16 07:07:51 start jagannath (Jagannath)
09-16 07:09:17 DONE daksha: 747 lines, committed and pushed
09-16 07:09:17 start vithoba (Vithoba)
09-16 07:09:26 DONE vasuki: 563 lines, committed and pushed
09-16 07:09:26 start annapurna (Annapurna)
09-16 07:10:02 DONE shesha_ananta: 638 lines, committed and pushed
09-16 07:10:02 start tulsi (Tulsi)
09-16 07:10:19 DONE ayyappa: 540 lines, committed and pushed
09-16 07:10:19 start narada (Narada)
09-16 07:11:24 DONE manu: 659 lines, committed and pushed
09-16 07:11:24 start brihaspati (Brihaspati)
09-16 07:12:30 DONE bhairava: 676 lines, committed and pushed
09-16 07:12:30 start shukra (Shukra)
09-16 07:13:15 DONE jagannath: 502 lines, committed and pushed
09-16 07:13:15 start shani (Shani)
09-16 07:13:32 DONE dattatreya: 556 lines, committed and pushed
09-16 07:13:32 start rahu (Rahu)
09-16 07:13:41 DONE vithoba: 304 lines, committed and pushed
09-16 07:13:41 start ketu (Ketu)
09-16 07:14:16 DONE narada: 405 lines, committed and pushed
09-16 07:14:16 start mangala (Mangala)
09-16 07:14:51 DONE tulsi: 505 lines, committed and pushed
09-16 07:14:51 start budha_graha (Budha (the planet Mercury))
09-16 07:15:26 DONE annapurna: 555 lines, committed and pushed
09-16 07:15:26 start dhanvantari (Dhanvantari)
09-16 07:16:48 DONE brihaspati: 525 lines, committed and pushed
09-16 07:16:48 start kamadhenu (Kamadhenu)
09-16 07:18:35 DONE shani: 510 lines, committed and pushed
09-16 07:18:35 start airavata (Airavata)
09-16 07:18:40 DONE shukra: 590 lines, committed and pushed
09-16 07:18:40 start uchchaihshravas (Uchchaihshravas)
09-16 07:19:27 DONE budha_graha: 606 lines, committed and pushed
09-16 07:19:27 start jatayu (Jatayu)
09-16 07:20:03 DONE ketu: 609 lines, committed and pushed
09-16 07:20:03 start sampati (Sampati)
09-16 07:20:24 DONE kamadhenu: 473 lines, committed and pushed
09-16 07:20:24 start matsya (Matsya)
09-16 07:20:49 DONE mangala: 608 lines, committed and pushed
09-16 07:20:49 start kurma (Kurma)
09-16 07:21:13 DONE rahu: 742 lines, committed and pushed
09-16 07:21:13 start varaha (Varaha)
09-16 07:23:39 DONE uchchaihshravas: 656 lines, committed and pushed
09-16 07:23:39 start narasimha (Narasimha)
09-16 07:23:52 DONE jatayu: 556 lines, committed and pushed
09-16 07:23:52 start vamana (Vamana)
09-16 07:24:09 DONE airavata: 517 lines, committed and pushed
09-16 07:24:09 start parashurama (Parashurama)
09-16 07:24:14 DONE dhanvantari: 527 lines, committed and pushed
09-16 07:24:14 start buddha_avatar (The Buddha as avatar)
09-16 07:24:33 DONE sampati: 598 lines, committed and pushed
09-16 07:24:33 start kalki (Kalki)
09-16 07:27:29 DONE kurma: 676 lines, committed and pushed
09-16 07:27:29 start vritra (Vritra)
09-16 07:28:00 DONE matsya: 676 lines, committed and pushed
09-16 07:28:00 start bali (Bali (Mahabali))
09-16 07:29:22 DONE varaha: 669 lines, committed and pushed
09-16 07:29:22 start hiranyakashipu (Hiranyakashipu)
09-16 07:30:14 DONE buddha_avatar: 494 lines, committed and pushed
09-16 07:30:14 start hiranyaksha (Hiranyaksha)
09-16 07:31:01 DONE parashurama: 481 lines, committed and pushed
09-16 07:31:01 start ravana (Ravana)
09-16 07:31:03 DONE narasimha: 568 lines, committed and pushed
09-16 07:31:03 start mahishasura (Mahishasura)
09-16 07:32:12 DONE kalki: 637 lines, committed and pushed
09-16 07:32:12 start raktabija (Raktabija)
09-16 07:32:15 DONE vamana: 714 lines, committed and pushed
09-16 07:32:15 start shumbha_and_nishumbha (Shumbha and Nishumbha)
09-16 07:32:27 DONE bali: 589 lines, committed and pushed
09-16 07:32:27 start kamsa (Kamsa)
09-16 07:35:04 DONE vritra: 829 lines, committed and pushed
09-16 07:35:04 start tarakasura (Tarakasura)
09-16 07:36:17 DONE hiranyaksha: 660 lines, committed and pushed
09-16 07:36:17 start andhaka (Andhaka)
09-16 07:37:17 DONE shumbha_and_nishumbha: 615 lines, committed and pushed
09-16 07:37:17 start navagraha (The Navagraha)
09-16 07:38:21 DONE raktabija: 596 lines, committed and pushed
09-16 07:38:21 start adityas (The Adityas)
09-16 07:38:54 DONE kamsa: 615 lines, committed and pushed
09-16 07:38:54 start maruts (The Maruts)
09-16 07:39:36 DONE ravana: 788 lines, committed and pushed
09-16 07:39:36 start rudras (The Rudras)
09-16 07:41:23 DONE tarakasura: 678 lines, committed and pushed
09-16 07:41:23 start vasus (The Vasus)
09-16 07:41:52 DONE hiranyakashipu: 614 lines, committed and pushed
09-16 07:41:52 start ashtadikpala (The Ashtadikpala)
09-16 07:42:20 DONE navagraha: 447 lines, committed and pushed
09-16 07:42:20 start saptarishi (The Saptarishi)
09-16 07:43:48 DONE andhaka: 657 lines, committed and pushed
09-16 07:43:48 start matrikas (The Matrikas)
09-16 07:44:12 DONE adityas: 670 lines, committed and pushed
09-16 07:44:12 start mahavidyas (The Mahavidyas)
09-16 07:44:58 DONE mahishasura: 571 lines, committed and pushed
09-16 07:44:58 start nagas (The Nagas)
09-16 07:45:11 DONE rudras: 506 lines, committed and pushed
09-16 07:45:11 start apsaras (The Apsaras)
09-16 07:45:32 DONE maruts: 643 lines, committed and pushed
09-16 07:45:32 start gandharvas (The Gandharvas)
09-16 07:48:24 DONE saptarishi: 543 lines, committed and pushed
09-16 07:48:24 start yakshas (The Yakshas)
09-16 07:48:27 DONE vasus: 611 lines, committed and pushed
09-16 07:48:27 start rakshasas (The Rakshasas)
09-16 07:49:14 DONE ashtadikpala: 504 lines, committed and pushed
09-16 07:49:14 start ra (Ra)
09-16 07:50:55 DONE mahavidyas: 423 lines, committed and pushed
09-16 07:50:55 start isis (Isis)
09-16 07:53:02 DONE nagas: 572 lines, committed and pushed
09-16 07:53:02 start horus (Horus)
09-16 07:53:14 DONE apsaras: 590 lines, committed and pushed
09-16 07:53:14 start set (Set)
09-16 07:53:45 DONE gandharvas: 666 lines, committed and pushed
09-16 07:53:45 start nephthys (Nephthys)
09-16 07:55:37 DONE matrikas: 652 lines, committed and pushed
09-16 07:55:37 start geb (Geb)
09-16 07:56:20 DONE rakshasas: 583 lines, committed and pushed
09-16 07:56:20 start nut (Nut)
09-16 07:56:22 DONE yakshas: 728 lines, committed and pushed
09-16 07:56:22 start shu (Shu)
09-16 07:57:55 DONE ra: 701 lines, committed and pushed
09-16 07:57:55 start tefnut (Tefnut)
09-16 07:59:27 DONE isis: 648 lines, committed and pushed
09-16 07:59:27 start hathor (Hathor)
09-16 07:59:32 DONE set: 503 lines, committed and pushed
09-16 07:59:32 start sekhmet (Sekhmet)
09-16 07:59:52 DONE horus: 556 lines, committed and pushed
09-16 07:59:52 start bastet (Bastet)
09-16 08:00:44 DONE nephthys: 737 lines, committed and pushed
09-16 08:00:44 start ptah (Ptah)
09-16 08:01:13 DONE geb: 747 lines, committed and pushed
09-16 08:01:13 start amun (Amun)
09-16 08:02:03 DONE shu: 575 lines, committed and pushed
09-16 08:02:03 start mut (Mut)
09-16 08:04:02 DONE nut: 657 lines, committed and pushed
09-16 08:04:02 start khonsu (Khonsu)
09-16 08:04:53 DONE sekhmet: 513 lines, committed and pushed
09-16 08:04:53 start khnum (Khnum)
09-16 08:04:57 DONE tefnut: 579 lines, committed and pushed
09-16 08:04:57 start sobek (Sobek)
09-16 08:06:33 DONE ptah: 616 lines, committed and pushed
09-16 08:06:33 start anhur (Anhur (Onuris))
09-16 08:07:01 DONE bastet: 541 lines, committed and pushed
09-16 08:07:01 start montu (Montu)
09-16 08:07:27 DONE mut: 678 lines, committed and pushed
09-16 08:07:27 start neith (Neith)
09-16 08:09:16 DONE hathor: 854 lines, committed and pushed
09-16 08:09:16 start serket (Serket (Selket))
09-16 08:09:26 DONE amun: 622 lines, committed and pushed
09-16 08:09:26 start taweret (Taweret)
09-16 08:09:37 DONE khonsu: 607 lines, committed and pushed
09-16 08:09:37 start bes (Bes)
09-16 08:13:07 DONE khnum: 671 lines, committed and pushed
09-16 08:13:07 start hapi (Hapi)
09-16 08:13:10 DONE sobek: 663 lines, committed and pushed
09-16 08:13:10 start min (Min)
09-16 08:14:01 DONE montu: 716 lines, committed and pushed
09-16 08:14:01 start nefertum (Nefertum)
09-16 08:14:09 DONE anhur: 585 lines, committed and pushed
09-16 08:14:09 start imhotep (Imhotep (deified))
09-16 08:14:28 DONE neith: 748 lines, committed and pushed
09-16 08:14:28 start wepwawet (Wepwawet)
09-16 08:17:09 DONE serket: 664 lines, committed and pushed
09-16 08:17:09 start apep (Apep (Apophis))
09-16 08:17:57 DONE taweret: 511 lines, committed and pushed
09-16 08:17:57 start aten (Aten)
09-16 08:17:59 DONE bes: 618 lines, committed and pushed
09-16 08:17:59 start khepri (Khepri)
09-16 08:20:04 DONE hapi: 819 lines, committed and pushed
09-16 08:20:04 start sokar (Sokar)
09-16 08:20:33 DONE nefertum: 473 lines, committed and pushed
09-16 08:20:33 start seshat (Seshat)
09-16 08:21:18 DONE min: 553 lines, committed and pushed
09-16 08:21:18 start wadjet (Wadjet)
09-16 08:21:37 DONE wepwawet: 560 lines, committed and pushed
09-16 08:21:37 start nekhbet (Nekhbet)
09-16 08:21:58 DONE imhotep: 690 lines, committed and pushed
09-16 08:21:58 start meretseger (Meretseger)
09-16 08:25:15 DONE khepri: 771 lines, committed and pushed
09-16 08:25:15 start heka (Heka)
09-16 08:25:27 DONE apep: 692 lines, committed and pushed
09-16 08:25:27 start hu_and_sia (Hu and Sia)
09-16 08:25:51 DONE nekhbet: 589 lines, committed and pushed
09-16 08:25:51 start shai (Shai)
09-16 08:26:20 DONE meretseger: 625 lines, committed and pushed
09-16 08:26:20 start renenutet (Renenutet)
09-16 08:26:40 DONE aten: 689 lines, committed and pushed
09-16 08:26:40 start satis (Satis)
09-16 08:27:10 DONE sokar: 714 lines, committed and pushed
09-16 08:27:10 start anuket (Anuket)
09-16 08:28:26 DONE wadjet: 541 lines, committed and pushed
09-16 08:28:26 start bat (Bat)
09-16 08:28:39 DONE seshat: 559 lines, committed and pushed
09-16 08:28:39 start mehit (Mehit)
09-16 08:30:23 DONE heka: 643 lines, committed and pushed
09-16 08:30:23 start sopdet (Sopdet (Sothis))
09-16 08:31:20 DONE hu_and_sia: 649 lines, committed and pushed
09-16 08:31:20 start sopdu (Sopdu)
09-16 08:32:06 DONE anuket: 627 lines, committed and pushed
09-16 08:32:06 start babi (Babi)
09-16 08:32:22 DONE satis: 753 lines, committed and pushed
09-16 08:32:22 start ash (Ash)
09-16 08:32:29 DONE renenutet: 495 lines, committed and pushed
09-16 08:32:29 start ihy (Ihy)
09-16 08:32:45 DONE shai: 556 lines, committed and pushed
09-16 08:32:45 start heqet (Heqet)
09-16 08:33:31 DONE mehit: 623 lines, committed and pushed
09-16 08:33:31 start serapis (Serapis)
09-16 08:34:38 DONE bat: 565 lines, committed and pushed
09-16 08:34:38 start bennu (Bennu)
09-16 08:36:27 DONE ash: 445 lines, committed and pushed
09-16 08:36:27 start aker (Aker)
09-16 08:36:31 DONE sopdu: 679 lines, committed and pushed
09-16 08:36:31 start mafdet (Mafdet)
09-16 08:36:47 DONE sopdet: 832 lines, committed and pushed
09-16 08:36:47 start tatenen (Tatenen)
09-16 08:37:32 DONE ihy: 702 lines, committed and pushed
09-16 08:37:32 start iusaaset (Iusaaset)
09-16 08:37:37 DONE heqet: 502 lines, committed and pushed
09-16 08:37:37 start werethekau (Werethekau)
09-16 08:37:42 DONE serapis: 649 lines, committed and pushed
09-16 08:37:42 start kek_and_kauket (Kek and Kauket)
09-16 08:37:53 DONE babi: 437 lines, committed and pushed
09-16 08:37:53 start nun_and_naunet (Nun and Naunet)
09-16 08:39:28 DONE bennu: 594 lines, committed and pushed
09-16 08:39:28 start huh_and_hauhet (Huh and Hauhet)
09-16 08:41:52 DONE iusaaset: 665 lines, committed and pushed
09-16 08:41:52 start amaunet (Amaunet)
09-16 08:42:35 DONE aker: 622 lines, committed and pushed
09-16 08:42:35 start horus_the_elder (Horus the Elder (Haroeris))
09-16 08:42:41 DONE mafdet: 589 lines, committed and pushed
09-16 08:42:41 start harpocrates (Harpocrates)
09-16 08:42:46 DONE nun_and_naunet: 619 lines, committed and pushed
09-16 08:42:46 start apis (Apis)
09-16 08:43:15 DONE kek_and_kauket: 470 lines, committed and pushed
09-16 08:43:15 start mnevis (Mnevis)
09-16 08:43:57 DONE werethekau: 529 lines, committed and pushed
09-16 08:43:57 start four_sons_of_horus (The Four Sons of Horus)
09-16 08:44:01 DONE tatenen: 817 lines, committed and pushed
09-16 08:44:01 start ennead (The Ennead of Heliopolis)
09-16 08:45:15 DONE huh_and_hauhet: 504 lines, committed and pushed
09-16 08:45:15 start ogdoad (The Ogdoad of Hermopolis)
09-16 08:45:49 DONE amaunet: 604 lines, committed and pushed
09-16 08:45:49 start forty_two_assessors (The Forty-two Assessors of Maat)
09-16 08:46:50 DONE harpocrates: 563 lines, committed and pushed
09-16 08:46:50 start anu (An / Anu)
09-16 08:47:26 DONE apis: 613 lines, committed and pushed
09-16 08:47:26 start enlil (Enlil)
09-16 08:48:54 DONE mnevis: 767 lines, committed and pushed
09-16 08:48:54 start enki_ea (Enki / Ea)
09-16 08:49:17 DONE horus_the_elder: 634 lines, committed and pushed
09-16 08:49:17 start ninhursag (Ninhursag)
09-16 08:49:57 DONE four_sons_of_horus: 673 lines, committed and pushed
09-16 08:49:57 start inanna_ishtar (Inanna / Ishtar)
09-16 08:50:01 DONE ogdoad: 598 lines, committed and pushed
09-16 08:50:01 start utu_shamash (Utu / Shamash)
09-16 08:50:41 DONE forty_two_assessors: 669 lines, committed and pushed
09-16 08:50:41 start nanna_sin (Nanna / Sin)
09-16 08:51:30 DONE ennead: 683 lines, committed and pushed
09-16 08:51:30 start ereshkigal (Ereshkigal)
09-16 08:53:57 DONE ninhursag: 571 lines, committed and pushed
09-16 08:53:57 start nergal (Nergal)
09-16 08:54:12 DONE anu: 726 lines, committed and pushed
09-16 08:54:12 start dumuzi_tammuz (Dumuzi / Tammuz)
09-16 08:55:26 DONE utu_shamash: 519 lines, committed and pushed
09-16 08:55:26 start ninurta (Ninurta)
09-16 08:55:33 DONE enlil: 552 lines, committed and pushed
09-16 08:55:33 start nisaba (Nisaba)
09-16 08:55:39 DONE enki_ea: 508 lines, committed and pushed
09-16 08:55:39 start nanshe (Nanshe)
09-16 08:56:38 DONE inanna_ishtar: 582 lines, committed and pushed
09-16 08:56:38 start ningishzida (Ningishzida)
09-16 08:57:05 DONE nanna_sin: 532 lines, committed and pushed
09-16 08:57:05 start gula (Gula)
09-16 08:59:04 DONE ereshkigal: 572 lines, committed and pushed
09-16 08:59:04 start adad_ishkur (Adad / Ishkur)
09-16 09:00:29 DONE nanshe: 736 lines, committed and pushed
09-16 09:00:29 start ashur (Ashur)
09-16 09:00:33 DONE nergal: 641 lines, committed and pushed
09-16 09:00:33 start tiamat (Tiamat)
09-16 09:01:42 DONE dumuzi_tammuz: 615 lines, committed and pushed
09-16 09:01:42 start apsu (Apsu)
09-16 09:02:13 DONE ninurta: 659 lines, committed and pushed
09-16 09:02:13 start kingu (Kingu)
09-16 09:02:48 DONE nisaba: 545 lines, committed and pushed
09-16 09:02:48 start lahmu_and_lahamu (Lahmu and Lahamu)
09-16 09:03:06 DONE ningishzida: 544 lines, committed and pushed
09-16 09:03:06 start anshar_and_kishar (Anshar and Kishar)
09-16 09:03:38 DONE gula: 478 lines, committed and pushed
09-16 09:03:38 start mummu (Mummu)
09-16 09:05:43 DONE ashur: 515 lines, committed and pushed
09-16 09:05:43 start ninlil (Ninlil)
09-16 09:05:59 DONE adad_ishkur: 485 lines, committed and pushed
09-16 09:05:59 start nammu (Nammu)
09-16 09:06:09 DONE tiamat: 785 lines, committed and pushed
09-16 09:06:09 start geshtinanna (Geshtinanna)
09-16 09:07:25 DONE kingu: 588 lines, committed and pushed
09-16 09:07:25 start namtar (Namtar)
09-16 09:07:39 DONE lahmu_and_lahamu: 519 lines, committed and pushed
09-16 09:07:39 start pazuzu (Pazuzu)
09-16 09:09:09 DONE mummu: 449 lines, committed and pushed
09-16 09:09:09 start lamashtu (Lamashtu)
09-16 09:09:24 DONE apsu: 731 lines, committed and pushed
09-16 09:09:24 start humbaba (Humbaba (Huwawa))
09-16 09:10:05 DONE anshar_and_kishar: 480 lines, committed and pushed
09-16 09:10:05 start gilgamesh_deified (Gilgamesh (deified))
09-16 09:10:44 DONE geshtinanna: 508 lines, committed and pushed
09-16 09:10:44 start enkidu (Enkidu)
09-16 09:12:33 DONE pazuzu: 662 lines, committed and pushed
09-16 09:12:33 start anzu (Anzu (Imdugud))
09-16 09:14:57 DONE lamashtu: 618 lines, committed and pushed
09-16 09:14:57 start mushussu (Mushussu)
09-16 09:15:01 DONE enkidu: 325 lines, committed and pushed
09-16 09:15:01 start lamassu (Lamassu (Shedu))
09-16 09:15:23 DONE namtar: 587 lines, committed and pushed
09-16 09:15:23 start zababa (Zababa)
09-16 09:15:33 DONE ninlil: 1037 lines, committed and pushed
09-16 09:15:33 start ninshubur (Ninshubur)
09-16 09:15:37 DONE gilgamesh_deified: 681 lines, committed and pushed
09-16 09:15:37 start ninkasi (Ninkasi)
09-16 09:15:41 DONE nammu: 686 lines, committed and pushed
09-16 09:15:41 start ashnan (Ashnan)
09-16 09:15:46 DONE humbaba: 624 lines, committed and pushed
09-16 09:15:46 start nusku (Nusku)
09-16 09:19:29 DONE anzu: 598 lines, committed and pushed
09-16 09:19:29 start girra (Girra (Gibil))
09-16 09:20:22 DONE mushussu: 563 lines, committed and pushed
09-16 09:20:22 start erra (Erra)
09-16 09:20:59 DONE lamassu: 632 lines, committed and pushed
09-16 09:20:59 start ishum (Ishum)
09-16 09:21:52 DONE zababa: 699 lines, committed and pushed
09-16 09:21:52 start sarpanit (Sarpanit (Zarpanitu))
09-16 09:22:26 DONE nusku: 653 lines, committed and pushed
09-16 09:22:26 start tashmetu (Tashmetu)
09-16 09:22:27 DONE ninshubur: 607 lines, committed and pushed
09-16 09:22:27 start lugalbanda (Lugalbanda)
09-16 09:23:34 DONE girra: 547 lines, committed and pushed
09-16 09:23:34 start ninsun (Ninsun)
09-16 09:24:03 DONE ninkasi: 519 lines, committed and pushed
09-16 09:24:03 start utnapishtim (Utnapishtim (Ziusudra, Atrahasis))
09-16 09:25:17 DONE ishum: 477 lines, committed and pushed
09-16 09:25:17 start adapa (Adapa)
09-16 09:25:19 DONE ashnan: 833 lines, committed and pushed
09-16 09:25:19 start sibitti (The Sibitti (the Seven))
09-16 09:26:10 DONE tashmetu: 511 lines, committed and pushed
09-16 09:26:10 start bel (Bel)
09-16 09:26:29 DONE lugalbanda: 495 lines, committed and pushed
09-16 09:26:29 start ninazu (Ninazu)
09-16 09:26:33 DONE erra: 623 lines, committed and pushed
09-16 09:26:33 start ninmah (Ninmah)
09-16 09:27:42 DONE sarpanit: 603 lines, committed and pushed
09-16 09:27:42 start enmesharra (Enmesharra)
09-16 09:27:47 DONE ninsun: 553 lines, committed and pushed
09-16 09:27:47 start ishara (Ishara)
09-16 09:29:16 DONE sibitti: 638 lines, committed and pushed
09-16 09:29:16 start anunnaki (The Anunnaki)
09-16 09:29:26 DONE utnapishtim: 630 lines, committed and pushed
09-16 09:29:26 start igigi (The Igigi)
09-16 09:30:25 DONE ninazu: 425 lines, committed and pushed
09-16 09:30:25 start ahura_mazda (Ahura Mazda)
09-16 09:31:17 DONE ninmah: 528 lines, committed and pushed
09-16 09:31:17 start zurvan (Zurvan)
09-16 09:31:18 DONE adapa: 663 lines, committed and pushed
09-16 09:31:18 start spenta_mainyu (Spenta Mainyu)
09-16 09:32:39 DONE enmesharra: 623 lines, committed and pushed
09-16 09:32:39 start vohu_manah (Vohu Manah)
09-16 09:33:05 DONE bel: 541 lines, committed and pushed
09-16 09:33:05 start asha_vahishta (Asha Vahishta)
09-16 09:34:42 DONE igigi: 477 lines, committed and pushed
09-16 09:34:42 start khshathra_vairya (Khshathra Vairya)
09-16 09:35:00 DONE anunnaki: 745 lines, committed and pushed
09-16 09:35:00 start spenta_armaiti (Spenta Armaiti)
09-16 09:35:33 DONE ishara: 724 lines, committed and pushed
09-16 09:35:33 start haurvatat (Haurvatat)
09-16 09:35:36 DONE zurvan: 517 lines, committed and pushed
09-16 09:35:36 start ameretat (Ameretat)
09-16 09:35:42 DONE ahura_mazda: 624 lines, committed and pushed
09-16 09:35:42 start amesha_spentas (The Amesha Spentas)
09-16 09:36:17 DONE spenta_mainyu: 601 lines, committed and pushed
09-16 09:36:17 start mithra (Mithra (Iranian))
09-16 09:37:08 DONE vohu_manah: 491 lines, committed and pushed
09-16 09:37:08 start anahita (Anahita)
09-16 09:38:39 DONE asha_vahishta: 445 lines, committed and pushed
09-16 09:38:39 start verethragna (Verethragna)
09-16 09:39:46 DONE spenta_armaiti: 708 lines, committed and pushed
09-16 09:39:46 start tishtrya (Tishtrya)
09-16 09:40:37 DONE ameretat: 411 lines, committed and pushed
09-16 09:40:37 start sraosha (Sraosha)
09-16 09:41:25 DONE khshathra_vairya: 695 lines, committed and pushed
09-16 09:41:25 start rashnu (Rashnu)
09-16 09:41:38 DONE amesha_spentas: 618 lines, committed and pushed
09-16 09:41:38 start atar (Atar)
09-16 09:42:12 DONE mithra: 492 lines, committed and pushed
09-16 09:42:12 start haoma (Haoma)
09-16 09:43:27 DONE verethragna: 612 lines, committed and pushed
09-16 09:43:27 start vayu_vata (Vayu-Vata)
09-16 09:43:38 DONE anahita: 601 lines, committed and pushed
09-16 09:43:38 start zam (Zam)
09-16 09:44:12 DONE haurvatat: 526 lines, committed and pushed
09-16 09:44:12 start ashi (Ashi)
09-16 09:45:42 DONE tishtrya: 613 lines, committed and pushed
09-16 09:45:42 start daena (Daena)
09-16 09:46:15 DONE rashnu: 607 lines, committed and pushed
09-16 09:46:15 start fravashis (The Fravashis)
09-16 09:46:53 DONE sraosha: 506 lines, committed and pushed
09-16 09:46:53 start airyaman (Airyaman)
09-16 09:47:44 DONE vayu_vata: 611 lines, committed and pushed
09-16 09:47:44 start apam_napat (Apam Napat)
09-16 09:48:43 DONE zam: 513 lines, committed and pushed
09-16 09:48:43 start khvarenah (Khvarenah (Farr))
09-16 09:48:53 DONE atar: 673 lines, committed and pushed
09-16 09:48:53 start mah (Mah)
09-16 09:48:55 DONE haoma: 648 lines, committed and pushed
09-16 09:48:55 start hvar (Hvar Khshaeta)
09-16 09:50:50 DONE ashi: 572 lines, committed and pushed
09-16 09:50:50 start aeshma (Aeshma)
09-16 09:51:29 DONE fravashis: 448 lines, committed and pushed
09-16 09:51:29 start azhi_dahaka (Azhi Dahaka (Zahhak))
09-16 09:52:15 DONE daena: 576 lines, committed and pushed
09-16 09:52:15 start daevas (The Daevas)
09-16 09:53:02 DONE apam_napat: 554 lines, committed and pushed
09-16 09:53:02 start druj (Druj)
09-16 09:53:06 DONE airyaman: 576 lines, committed and pushed
09-16 09:53:06 start nasu (Nasu)
09-16 09:54:50 DONE hvar: 726 lines, committed and pushed
09-16 09:54:50 start yima_jamshid (Yima / Jamshid)
09-16 09:54:53 DONE khvarenah: 516 lines, committed and pushed
09-16 09:54:53 start gayomart (Gayomart)
09-16 09:55:07 DONE mah: 667 lines, committed and pushed
09-16 09:55:07 start simurgh (The Simurgh)
09-16 09:56:44 DONE nasu: 517 lines, committed and pushed
09-16 09:56:44 start saoshyant (Saoshyant)
09-16 09:57:25 DONE aeshma: 568 lines, committed and pushed
09-16 09:57:25 start odin (Odin)
09-16 09:57:34 DONE daevas: 681 lines, committed and pushed
09-16 09:57:34 start frigg (Frigg)
09-16 09:58:05 DONE azhi_dahaka: 652 lines, committed and pushed
09-16 09:58:05 start loki (Loki)
09-16 09:58:55 DONE druj: 506 lines, committed and pushed
09-16 09:58:55 start baldr (Baldr)
09-16 09:59:15 DONE gayomart: 564 lines, committed and pushed
09-16 09:59:15 start freyja (Freyja)
09-16 10:01:58 DONE simurgh: 606 lines, committed and pushed
09-16 10:01:58 start freyr (Freyr)
09-16 10:02:33 DONE yima_jamshid: 575 lines, committed and pushed
09-16 10:02:33 start njord (Njord)
09-16 10:02:39 DONE saoshyant: 773 lines, committed and pushed
09-16 10:02:39 start tyr (Tyr)
09-16 10:02:59 DONE frigg: 701 lines, committed and pushed
09-16 10:02:59 start heimdall (Heimdall)
09-16 10:05:33 DONE loki: 621 lines, committed and pushed
09-16 10:05:33 start bragi (Bragi)
09-16 10:06:58 DONE heimdall: 428 lines, committed and pushed
09-16 10:06:58 start idunn (Idunn)
09-16 10:07:04 DONE freyja: 543 lines, committed and pushed
09-16 10:07:04 start sif (Sif)
09-16 10:07:06 DONE baldr: 671 lines, committed and pushed
09-16 10:07:06 start hel (Hel)
09-16 10:07:21 DONE njord: 651 lines, committed and pushed
09-16 10:07:21 start fenrir (Fenrir)
09-16 10:09:13 DONE freyr: 537 lines, committed and pushed
09-16 10:09:13 start jormungandr (Jormungandr)
09-16 10:09:28 DONE bragi: 511 lines, committed and pushed
09-16 10:09:28 start sleipnir (Sleipnir)
09-16 10:11:16 DONE odin: 543 lines, committed and pushed
09-16 10:11:16 start huginn_and_muninn (Huginn and Muninn)
09-16 10:11:46 DONE tyr: 457 lines, committed and pushed
09-16 10:11:46 start ymir (Ymir)
09-16 10:12:34 DONE sif: 607 lines, committed and pushed
09-16 10:12:34 start audhumla (Audhumla)
09-16 10:12:35 DONE idunn: 583 lines, committed and pushed
09-16 10:12:35 start buri_bor_bestla (Buri, Bor and Bestla)
09-16 10:14:00 DONE hel: 630 lines, committed and pushed
09-16 10:14:00 start mimir (Mimir)
09-16 10:15:05 DONE jormungandr: 442 lines, committed and pushed
09-16 10:15:05 start vidar (Vidar)
09-16 10:15:08 DONE fenrir: 601 lines, committed and pushed
09-16 10:15:08 start vali (Vali)
09-16 10:15:59 DONE sleipnir: 553 lines, committed and pushed
09-16 10:15:59 start hodr (Hodr)
09-16 10:16:02 DONE huginn_and_muninn: 625 lines, committed and pushed
09-16 10:16:02 start hermod (Hermod)
09-16 10:17:37 DONE audhumla: 510 lines, committed and pushed
09-16 10:17:37 start forseti (Forseti)
09-16 10:17:46 DONE ymir: 527 lines, committed and pushed
09-16 10:17:46 start ullr (Ullr)
09-16 10:19:20 DONE buri_bor_bestla: 628 lines, committed and pushed
09-16 10:19:20 start skadi (Skadi)
09-16 10:19:45 DONE mimir: 612 lines, committed and pushed
09-16 10:19:45 start gerd (Gerd)
09-16 10:20:29 DONE vali: 582 lines, committed and pushed
09-16 10:20:29 start aegir (Aegir)
09-16 10:20:34 DONE vidar: 613 lines, committed and pushed
09-16 10:20:34 start ran_and_daughters (Ran and the Nine Daughters)
09-16 10:21:30 DONE hermod: 549 lines, committed and pushed
09-16 10:21:30 start surtr (Surtr)
09-16 10:22:10 DONE hodr: 665 lines, committed and pushed
09-16 10:22:10 start jotnar (The Jotnar)
09-16 10:23:07 DONE forseti: 540 lines, committed and pushed
09-16 10:23:07 start valkyries (The Valkyries)
09-16 10:24:29 DONE gerd: 715 lines, committed and pushed
09-16 10:24:29 start einherjar (The Einherjar)
09-16 10:24:30 DONE ullr: 608 lines, committed and pushed
09-16 10:24:30 start ratatoskr (Ratatoskr)
09-16 10:25:27 DONE skadi: 613 lines, committed and pushed
09-16 10:25:27 start nidhogg (Nidhogg)
09-16 10:26:15 DONE ran_and_daughters: 543 lines, committed and pushed
09-16 10:26:15 start fafnir (Fafnir)
09-16 10:26:33 DONE aegir: 563 lines, committed and pushed
09-16 10:26:33 start sigurd (Sigurd)
09-16 10:26:40 DONE surtr: 532 lines, committed and pushed
09-16 10:26:40 start brynhild (Brynhild)
09-16 10:28:01 DONE jotnar: 600 lines, committed and pushed
09-16 10:28:01 start wayland (Wayland (Völundr))
09-16 10:29:21 DONE ratatoskr: 457 lines, committed and pushed
09-16 10:29:21 start nerthus (Nerthus)
09-16 10:30:27 DONE einherjar: 548 lines, committed and pushed
09-16 10:30:27 start tuisto_and_mannus (Tuisto and Mannus)
09-16 10:30:29 DONE nidhogg: 396 lines, committed and pushed
09-16 10:30:29 start holda (Holda (Frau Holle))
09-16 10:30:36 DONE valkyries: 649 lines, committed and pushed
09-16 10:30:36 start perchta (Perchta)
09-16 10:32:06 DONE wayland: 485 lines, committed and pushed
09-16 10:32:06 start wild_hunt (The Wild Hunt)
09-16 10:32:25 DONE sigurd: 459 lines, committed and pushed
09-16 10:32:25 start wagner_gods (Wagner's gods (Wotan, Fricka, Erda, Loge))
09-16 10:33:15 DONE brynhild: 545 lines, committed and pushed
09-16 10:33:15 start asherah (Asherah)
09-16 10:33:16 DONE fafnir: 674 lines, committed and pushed
09-16 10:33:16 start anat (Anat)
09-16 10:34:04 DONE nerthus: 767 lines, committed and pushed
09-16 10:34:04 start astarte (Astarte)
09-16 10:35:27 DONE tuisto_and_mannus: 542 lines, committed and pushed
09-16 10:35:27 start yam (Yam)
09-16 10:35:54 DONE perchta: 458 lines, committed and pushed
09-16 10:35:54 start mot (Mot)
09-16 10:36:27 DONE holda: 601 lines, committed and pushed
09-16 10:36:27 start dagon (Dagon)
09-16 10:37:17 DONE wagner_gods: 542 lines, committed and pushed
09-16 10:37:17 start melqart (Melqart)
09-16 10:38:35 DONE wild_hunt: 557 lines, committed and pushed
09-16 10:38:35 start eshmun (Eshmun)
09-16 10:38:56 DONE anat: 609 lines, committed and pushed
09-16 10:38:56 start resheph (Resheph)
09-16 10:39:08 DONE asherah: 649 lines, committed and pushed
09-16 10:39:08 start shapash (Shapash)
09-16 10:39:17 DONE astarte: 628 lines, committed and pushed
09-16 10:39:17 start yarikh (Yarikh)
09-16 10:41:24 DONE mot: 688 lines, committed and pushed
09-16 10:41:24 start kothar_wa_khasis (Kothar-wa-Khasis)
09-16 10:41:27 DONE dagon: 630 lines, committed and pushed
09-16 10:41:27 start baal_hammon (Baal Hammon)
09-16 10:41:56 DONE yam: 578 lines, committed and pushed
09-16 10:41:56 start adonis (Adonis)
09-16 10:44:15 DONE melqart: 695 lines, committed and pushed
09-16 10:44:15 start baalat_gebal (Baalat Gebal)
09-16 10:44:24 DONE eshmun: 514 lines, committed and pushed
09-16 10:44:24 start chemosh (Chemosh)
09-16 10:45:12 DONE shapash: 530 lines, committed and pushed
09-16 10:45:12 start milcom (Milcom)
09-16 10:46:10 DONE resheph: 592 lines, committed and pushed
09-16 10:46:10 start qadesh (Qadesh (Qetesh))
09-16 10:47:30 DONE kothar_wa_khasis: 575 lines, committed and pushed
09-16 10:47:30 start horon (Horon)
09-16 10:48:12 DONE baal_hammon: 613 lines, committed and pushed
09-16 10:48:12 start attar (Attar)
09-16 10:48:19 DONE adonis: 708 lines, committed and pushed
09-16 10:48:19 start lotan (Lotan (Leviathan's source))
09-16 10:48:28 DONE yarikh: 708 lines, committed and pushed
09-16 10:48:28 start shahar_and_shalim (Shahar and Shalim)
09-16 10:49:58 DONE milcom: 427 lines, committed and pushed
09-16 10:49:58 start nikkal (Nikkal)
09-16 10:50:17 DONE baalat_gebal: 580 lines, committed and pushed
09-16 10:50:17 start kotharat (The Kotharat)
09-16 10:51:43 DONE qadesh: 588 lines, committed and pushed
09-16 10:51:43 start rephaim (The Rephaim)
09-16 10:51:53 DONE chemosh: 817 lines, committed and pushed
09-16 10:51:53 start viracocha (Viracocha)
09-16 10:52:40 DONE lotan: 521 lines, committed and pushed
09-16 10:52:40 start mama_quilla (Mama Quilla)
09-16 10:53:57 DONE attar: 482 lines, committed and pushed
09-16 10:53:57 start illapa (Illapa)
09-16 10:54:44 DONE horon: 670 lines, committed and pushed
09-16 10:54:44 start mama_cocha (Mama Cocha)
09-16 10:55:08 DONE shahar_and_shalim: 802 lines, committed and pushed
09-16 10:55:08 start supay (Supay)
09-16 10:55:21 DONE kotharat: 662 lines, committed and pushed
09-16 10:55:21 start pachacamac (Pachacamac)
09-16 10:56:07 DONE nikkal: 583 lines, committed and pushed
09-16 10:56:07 start manco_capac (Manco Capac)
09-16 10:56:19 DONE viracocha: 605 lines, committed and pushed
09-16 10:56:19 start mama_ocllo (Mama Ocllo)
09-16 10:56:33 DONE rephaim: 648 lines, committed and pushed
09-16 10:56:33 start ayar_brothers (The Ayar Brothers)
09-16 10:58:10 DONE mama_quilla: 533 lines, committed and pushed
09-16 10:58:10 start chasca (Chasca)
09-16 11:00:24 DONE pachacamac: 653 lines, committed and pushed
09-16 11:00:24 start kon (Kon)
09-16 11:00:28 DONE supay: 504 lines, committed and pushed
09-16 11:00:28 start urcuchillay (Urcuchillay)
09-16 11:00:32 DONE illapa: 463 lines, committed and pushed
09-16 11:00:32 start apus (The Apus)
09-16 11:01:15 DONE mama_ocllo: 487 lines, committed and pushed
09-16 11:01:15 start amaru (Amaru)
09-16 11:01:49 DONE manco_capac: 620 lines, committed and pushed
09-16 11:01:49 start ekeko (Ekeko)
09-16 11:02:53 DONE ayar_brothers: 632 lines, committed and pushed
09-16 11:02:53 start coniraya_and_cavillace (Coniraya and Cavillace)
09-16 11:04:07 DONE mama_cocha: 602 lines, committed and pushed
09-16 11:04:07 start huallallo_carhuincho (Huallallo Carhuincho)
09-16 11:04:54 DONE amaru: 435 lines, committed and pushed
09-16 11:04:54 start pariacaca (Pariacaca)
09-16 11:05:53 DONE urcuchillay: 520 lines, committed and pushed
09-16 11:05:53 start catequil (Catequil)
09-16 11:06:15 DONE apus: 545 lines, committed and pushed
09-16 11:06:15 start mama_sara (Mama Sara)
09-16 11:06:49 DONE ekeko: 538 lines, committed and pushed
09-16 11:06:49 start raphael (Raphael)
09-16 11:07:46 DONE chasca: 475 lines, committed and pushed
09-16 11:07:46 start uriel (Uriel)
09-16 11:08:01 DONE coniraya_and_cavillace: 422 lines, committed and pushed
09-16 11:08:01 start metatron (Metatron)
09-16 11:08:38 DONE kon: 485 lines, committed and pushed
09-16 11:08:38 start sandalphon (Sandalphon)
09-16 11:08:41 DONE huallallo_carhuincho: 457 lines, committed and pushed
09-16 11:08:41 start raziel (Raziel)
09-16 11:10:07 DONE catequil: 511 lines, committed and pushed
09-16 11:10:07 start israfil (Israfil)
09-16 11:10:18 DONE pariacaca: 768 lines, committed and pushed
09-16 11:10:18 start azrael (Azrael)
09-16 11:11:55 DONE mama_sara: 464 lines, committed and pushed
09-16 11:11:55 start munkar_and_nakir (Munkar and Nakir)
09-16 11:12:05 DONE raphael: 458 lines, committed and pushed
09-16 11:12:05 start iblis (Iblis)
09-16 11:12:34 DONE metatron: 560 lines, committed and pushed
09-16 11:12:34 start jinn (The Jinn)
09-16 11:13:44 DONE raziel: 520 lines, committed and pushed
09-16 11:13:44 start harut_and_marut (Harut and Marut)
09-16 11:13:50 DONE sandalphon: 565 lines, committed and pushed
09-16 11:13:50 start samael (Samael)
09-16 11:15:12 DONE uriel: 616 lines, committed and pushed
09-16 11:15:12 start azazel (Azazel)
09-16 11:15:19 DONE azrael: 605 lines, committed and pushed
09-16 11:15:19 start beelzebub (Beelzebub)
09-16 11:15:26 DONE israfil: 542 lines, committed and pushed
09-16 11:15:26 start asmodeus (Asmodeus)
09-16 11:16:08 DONE iblis: 562 lines, committed and pushed
09-16 11:16:08 start lilith (Lilith)
09-16 11:16:33 DONE munkar_and_nakir: 470 lines, committed and pushed
09-16 11:16:33 start leviathan (Leviathan)
09-16 11:18:09 DONE jinn: 407 lines, committed and pushed
09-16 11:18:09 start behemoth (Behemoth)
09-16 11:18:16 DONE harut_and_marut: 423 lines, committed and pushed
09-16 11:18:16 start ziz (Ziz)
09-16 11:18:44 DONE asmodeus: 367 lines, committed and pushed
09-16 11:18:44 start belial (Belial)
09-16 11:19:10 DONE samael: 478 lines, committed and pushed
09-16 11:19:10 start mammon (Mammon)
09-16 11:19:38 DONE beelzebub: 524 lines, committed and pushed
09-16 11:19:38 start abaddon (Abaddon)
09-16 11:19:47 DONE lilith: 436 lines, committed and pushed
09-16 11:19:47 start nephilim (The Nephilim)
09-16 11:20:08 DONE azazel: 663 lines, committed and pushed
09-16 11:20:08 start watchers (The Watchers)
09-16 11:20:32 DONE leviathan: 525 lines, committed and pushed
09-16 11:20:32 start shemhazai (Shemhazai (Semjaza))
09-16 11:22:11 DONE mammon: 404 lines, committed and pushed
09-16 11:22:11 start nine_choirs (The Nine Choirs of Angels)
09-16 11:23:09 DONE behemoth: 576 lines, committed and pushed
09-16 11:23:09 start seraphim (The Seraphim)
09-16 11:23:31 DONE belial: 649 lines, committed and pushed
09-16 11:23:31 start cherubim (The Cherubim)
09-16 11:24:06 DONE nephilim: 650 lines, committed and pushed
09-16 11:24:06 start ophanim (The Ophanim)
09-16 11:24:24 DONE watchers: 389 lines, committed and pushed
09-16 11:24:24 start shekhinah (The Shekhinah)
09-16 11:25:06 DONE shemhazai: 442 lines, committed and pushed
09-16 11:25:06 start sophia (Sophia)
09-16 11:25:12 DONE ziz: 940 lines, committed and pushed
09-16 11:25:12 start yaldabaoth (Yaldabaoth)
09-16 11:26:36 DONE abaddon: 595 lines, committed and pushed
09-16 11:26:36 start abraxas (Abraxas)
09-16 11:28:23 DONE seraphim: 595 lines, committed and pushed
09-16 11:28:23 start demiurge (The Demiurge)
09-16 11:28:48 DONE cherubim: 530 lines, committed and pushed
09-16 11:28:48 start archons (The Archons)
09-16 11:29:01 DONE nine_choirs: 661 lines, committed and pushed
09-16 11:29:01 start barbelo (Barbelo)
09-16 11:29:54 DONE ophanim: 631 lines, committed and pushed
09-16 11:29:54 start adam_kadmon (Adam Kadmon)
09-16 11:30:52 DONE yaldabaoth: 661 lines, committed and pushed
09-16 11:30:52 start angel_of_death (The Angel of Death)
09-16 11:30:55 DONE shekhinah: 684 lines, committed and pushed
09-16 11:31:38 DONE sophia: 562 lines, committed and pushed
09-16 11:31:42 DONE abraxas: 487 lines, committed and pushed
09-16 11:32:46 DONE barbelo: 521 lines, committed and pushed
09-16 11:33:42 DONE archons: 390 lines, committed and pushed
09-16 11:36:04 DONE demiurge: 696 lines, committed and pushed
09-16 11:37:21 DONE angel_of_death: 658 lines, committed and pushed
09-16 11:44:30 DONE adam_kadmon: 644 lines, committed and pushed
09-16 11:44:30 batch pantheon finished: {'done': 559}
09-16 17:55:32 batch pantheon: 358 to run, 8 at a time
09-16 17:55:32 start olodumare (Olodumare (Olorun))
09-16 17:55:32 start obatala (Obatala (Oxalá))
09-16 17:55:32 start orunmila (Orunmila (Ifá))
09-16 17:55:32 start eshu_elegua (Eshu / Elegua (Exu))
09-16 17:55:32 start shango (Shango (Xangô, Changó))
09-16 17:55:32 start oya (Oya (Iansã))
09-16 17:55:32 start ogun (Ogun (Ogum))
09-16 17:55:32 start oshun (Oshun (Oxum, Ochún))
09-16 18:00:29 DONE ogun: 623 lines, committed and pushed
09-16 18:00:29 start yemoja (Yemoja (Yemayá, Iemanjá))
09-16 18:00:48 DONE oshun: 605 lines, committed and pushed
09-16 18:00:48 start babalu_aye (Babalu-Aye (Shopona, Obaluaiê, Omolu))
09-16 18:01:01 DONE oya: 678 lines, committed and pushed
09-16 18:01:01 start osanyin (Osanyin (Ossaim))
09-16 18:02:17 DONE obatala: 477 lines, committed and pushed
09-16 18:02:17 start oshosi (Oshosi (Oxóssi, Ochosi))
09-16 18:02:37 DONE olodumare: 552 lines, committed and pushed
09-16 18:02:37 start olokun (Olokun)
09-16 18:02:45 DONE orunmila: 602 lines, committed and pushed
09-16 18:02:45 start aganju (Aganju)
09-16 18:02:53 DONE eshu_elegua: 617 lines, committed and pushed
09-16 18:02:53 start oba (Oba)
09-16 18:03:18 DONE shango: 616 lines, committed and pushed
09-16 18:03:18 start nana_buruku (Nana Buruku (Nanã))
09-16 18:05:07 DONE babalu_aye: 506 lines, committed and pushed
09-16 18:05:07 start ibeji (The Ibeji)
09-16 18:07:14 DONE yemoja: 466 lines, committed and pushed
09-16 18:07:14 start oduduwa (Oduduwa)
09-16 18:07:28 DONE oshosi: 403 lines, committed and pushed
09-16 18:07:28 start osumare (Osumare (Oxumaré))
09-16 18:07:53 DONE osanyin: 431 lines, committed and pushed
09-16 18:07:53 start egungun (The Egungun)
09-16 18:08:20 DONE aganju: 359 lines, committed and pushed
09-16 18:08:20 start iyami_aje (The Iyami Aje)
09-16 18:09:02 DONE olokun: 406 lines, committed and pushed
09-16 18:09:02 start ori (Ori)
09-16 18:09:19 DONE ibeji: 497 lines, committed and pushed
09-16 18:09:19 start odu_ifa (The 256 Odu of Ifá)
09-16 18:09:30 DONE oba: 524 lines, committed and pushed
09-16 18:09:30 start orisha_oko (Orisha Oko)
09-16 18:10:09 DONE nana_buruku: 460 lines, committed and pushed
09-16 18:10:09 start yewa (Yewa)
09-16 18:11:27 DONE oduduwa: 576 lines, committed and pushed
09-16 18:11:27 start erinle (Erinle (Inle))
09-16 18:13:16 DONE ori: 445 lines, committed and pushed
09-16 18:13:16 start logun_ede (Logun Edé)
09-16 18:13:38 DONE osumare: 539 lines, committed and pushed
09-16 18:13:38 start dada (Dada (Bayanni))
09-16 18:14:59 DONE egungun: 613 lines, committed and pushed
09-16 18:14:59 start oke (Oke)
09-16 18:15:16 DONE iyami_aje: 522 lines, committed and pushed
09-16 18:15:16 start iroko (Iroko)
09-16 18:15:23 DONE orisha_oko: 484 lines, committed and pushed
09-16 18:15:23 start ajogun (The Ajogun)
09-16 18:15:33 DONE odu_ifa: 479 lines, committed and pushed
09-16 18:15:33 start osun_staff (Osun (the staff of Ifá))
09-16 18:16:19 DONE erinle: 628 lines, committed and pushed
09-16 18:16:19 start bondye (Bondye)
09-16 18:17:02 DONE yewa: 698 lines, committed and pushed
09-16 18:17:02 start papa_legba (Papa Legba)
09-16 18:18:03 DONE logun_ede: 487 lines, committed and pushed
09-16 18:18:03 start damballa (Damballa)
09-16 18:19:19 DONE iroko: 274 lines, committed and pushed
09-16 18:19:19 start ayida_wedo (Ayida-Wedo)
09-16 18:19:20 DONE osun_staff: 476 lines, committed and pushed
09-16 18:19:20 start erzulie_freda (Erzulie Freda)
09-16 18:19:34 DONE ajogun: 447 lines, committed and pushed
09-16 18:19:34 start erzulie_dantor (Erzulie Dantor)
09-16 18:20:23 DONE bondye: 462 lines, committed and pushed
09-16 18:20:23 start baron_samedi (Baron Samedi)
09-16 18:20:46 DONE oke: 594 lines, committed and pushed
09-16 18:20:46 start maman_brigitte (Maman Brigitte)
09-16 18:22:01 DONE dada: 543 lines, committed and pushed
09-16 18:22:01 start gede (The Gede)
09-16 18:23:53 DONE ayida_wedo: 457 lines, committed and pushed
09-16 18:23:53 start ogou (Ogou)
09-16 18:25:19 DONE maman_brigitte: 494 lines, committed and pushed
09-16 18:25:19 start agwe (Agwe)
09-16 18:25:33 DONE erzulie_dantor: 578 lines, committed and pushed
09-16 18:25:33 start la_sirene (La Sirène)
09-16 18:25:48 DONE papa_legba: 660 lines, committed and pushed
09-16 18:25:48 start loko (Loko)
09-16 18:26:13 DONE baron_samedi: 651 lines, committed and pushed
09-16 18:26:13 start ayizan (Ayizan)
09-16 18:26:19 DONE erzulie_freda: 647 lines, committed and pushed
09-16 18:26:19 start simbi (Simbi)
09-16 18:27:03 DONE damballa: 671 lines, committed and pushed
09-16 18:27:03 start marassa (The Marassa)
09-16 18:27:37 DONE gede: 581 lines, committed and pushed
09-16 18:27:37 start azaka (Azaka (Kouzen Zaka))
09-16 18:29:03 DONE ogou: 470 lines, committed and pushed
09-16 18:29:03 start bossou (Bossou)
09-16 18:29:41 DONE agwe: 597 lines, committed and pushed
09-16 18:29:41 start kalfou (Kalfou (Carrefour))
09-16 18:29:45 DONE simbi: 427 lines, committed and pushed
09-16 18:29:45 start ti_jean_petro (Ti Jean Petro)
09-16 18:29:46 DONE la_sirene: 471 lines, committed and pushed
09-16 18:29:46 start gran_bwa (Gran Bwa)
09-16 18:30:49 DONE ayizan: 651 lines, committed and pushed
09-16 18:30:49 start sobo_and_bade (Sobo and Bade)
09-16 18:32:08 DONE loko: 471 lines, committed and pushed
09-16 18:32:08 start agassou (Agassou)
09-16 18:32:22 DONE marassa: 621 lines, committed and pushed
09-16 18:32:22 start mawu_lisa (Mawu-Lisa)
09-16 18:32:52 DONE azaka: 721 lines, committed and pushed
09-16 18:32:52 start gu (Gu)
09-16 18:33:12 DONE bossou: 648 lines, committed and pushed
09-16 18:33:12 start sakpata (Sakpata)
09-16 18:33:47 DONE kalfou: 588 lines, committed and pushed
09-16 18:33:47 start hevioso (Hevioso (Xevioso))
09-16 18:34:36 DONE sobo_and_bade: 403 lines, committed and pushed
09-16 18:34:36 start dan (Dan (Dangbe))
09-16 18:36:17 DONE agassou: 347 lines, committed and pushed
09-16 18:36:17 start new_orleans_voodoo (New Orleans Voodoo (the spirits))
09-16 18:36:48 DONE ti_jean_petro: 524 lines, committed and pushed
09-16 18:36:48 start petro_lwa (The Petro rite and its lwa)
09-16 18:36:53 DONE gran_bwa: 537 lines, committed and pushed
09-16 18:36:53 start ngunechen (Ngünechen (Ngenechén))
09-16 18:37:42 DONE gu: 647 lines, committed and pushed
09-16 18:37:42 start pillan (Pillan)
09-16 18:37:43 DONE mawu_lisa: 520 lines, committed and pushed
09-16 18:37:43 start antu (Antü)
09-16 18:38:30 DONE sakpata: 628 lines, committed and pushed
09-16 18:38:30 start kuyen (Küyen)
09-16 18:38:52 DONE hevioso: 557 lines, committed and pushed
09-16 18:38:52 start kai_kai_and_tren_tren (Kai-Kai Vilu and Tren-Tren Vilu)
09-16 18:40:09 DONE dan: 538 lines, committed and pushed
09-16 18:40:09 start ngen (The Ngen)
09-16 18:42:09 DONE petro_lwa: 505 lines, committed and pushed
09-16 18:42:09 start wekufe (Wekufe (Huecuve))
09-16 18:42:33 DONE pillan: 520 lines, committed and pushed
09-16 18:42:33 start anchimallen (Anchimallen (Anchimayén))
09-16 18:42:49 DONE antu: 646 lines, committed and pushed
09-16 18:42:49 start cherufe (Cherufe)
09-16 18:43:05 DONE kuyen: 481 lines, committed and pushed
09-16 18:43:05 start chonchon (Chonchón)
09-16 18:43:15 DONE kai_kai_and_tren_tren: 552 lines, committed and pushed
09-16 18:43:15 start colo_colo (Colo Colo)
09-16 18:45:18 DONE new_orleans_voodoo: 571 lines, committed and pushed
09-16 18:45:18 start peuchen (Peuchén (Piuchén))
09-16 18:45:29 DONE ngen: 635 lines, committed and pushed
09-16 18:45:29 start invunche (Invunche (Imbunche))
09-16 18:46:00 DONE ngunechen: 582 lines, committed and pushed
09-16 18:46:00 start trauco (The Trauco)
09-16 18:46:23 DONE wekufe: 571 lines, committed and pushed
09-16 18:46:23 start pincoya (The Pincoya)
09-16 18:47:19 DONE anchimallen: 683 lines, committed and pushed
09-16 18:47:19 start caleuche (The Caleuche)
09-16 18:47:22 DONE chonchon: 429 lines, committed and pushed
09-16 18:47:22 start millalobo (Millalobo)
09-16 18:47:38 DONE colo_colo: 527 lines, committed and pushed
09-16 18:47:38 start sumpall (Sumpall)
09-16 18:47:43 DONE cherufe: 614 lines, committed and pushed
09-16 18:47:43 start nguru_filu (Ngürü-filu (the fox-snake))
09-16 18:48:40 DONE peuchen: 455 lines, committed and pushed
09-16 18:48:40 start camahueto (Camahueto)
09-16 18:49:49 DONE pincoya: 410 lines, committed and pushed
09-16 18:49:49 start cuero (Cuero (Trelquehuecuve))
09-16 18:50:01 DONE invunche: 418 lines, committed and pushed
09-16 18:50:01 start kalku (The Kalku)
09-16 18:50:15 DONE trauco: 637 lines, committed and pushed
09-16 18:50:15 start machi_spirits (The Machi's spirits (the filew))
09-16 18:51:31 DONE nguru_filu: 526 lines, committed and pushed
09-16 18:51:31 start elal (Elal (Tehuelche))
09-16 18:51:52 DONE caleuche: 542 lines, committed and pushed
09-16 18:51:52 start selknam_spirits (The Selk'nam (Ona) spirits: Temáukel and the Hain)
09-16 18:52:19 DONE sumpall: 577 lines, committed and pushed
09-16 18:52:19 start tupa (Tupã)
09-16 18:52:20 DONE millalobo: 640 lines, committed and pushed
09-16 18:52:20 start namandu (Ñamandu (Ñande Ru Pa-pa Tenonde))
09-16 18:53:02 DONE camahueto: 558 lines, committed and pushed
09-16 18:53:02 start jasy (Jasy)
09-16 18:54:22 DONE machi_spirits: 564 lines, committed and pushed
09-16 18:54:22 start kuaray (Kuaray)
09-16 18:55:17 DONE cuero: 555 lines, committed and pushed
09-16 18:55:17 start arasy (Arasy)
09-16 18:56:13 DONE kalku: 577 lines, committed and pushed
09-16 18:56:13 start karai (Karai)
09-16 18:56:29 DONE elal: 627 lines, committed and pushed
09-16 18:56:29 start jakaira (Jakaira)
09-16 18:56:57 DONE tupa: 473 lines, committed and pushed
09-16 18:56:57 start tau_and_kerana (Tau and Kerana)
09-16 18:57:02 DONE selknam_spirits: 554 lines, committed and pushed
09-16 18:57:02 start teju_jagua (Teju Jagua)
09-16 18:57:07 DONE namandu: 618 lines, committed and pushed
09-16 18:57:07 start mboi_tui (Mbói Tu'i)
09-16 18:57:43 DONE jasy: 426 lines, committed and pushed
09-16 18:57:43 start monai (Moñái)
09-16 18:59:15 DONE kuaray: 711 lines, committed and pushed
09-16 18:59:15 start jasy_jatere (Jasy Jateré)
09-16 19:00:34 DONE mboi_tui: 472 lines, committed and pushed
09-16 19:00:34 start kurupi (Kurupí)
09-16 19:00:38 DONE arasy: 527 lines, committed and pushed
09-16 19:00:38 start ao_ao (Ao Ao)
09-16 19:00:51 DONE teju_jagua: 447 lines, committed and pushed
09-16 19:00:51 start luison (Luisón)
09-16 19:01:24 DONE tau_and_kerana: 481 lines, committed and pushed
09-16 19:01:24 start pombero (The Pombero)
09-16 19:01:26 DONE karai: 479 lines, committed and pushed
09-16 19:01:26 start angatupyry (Angatupyry)
09-16 19:02:11 DONE monai: 417 lines, committed and pushed
09-16 19:02:11 start pora (Pora (Póra))
09-16 19:02:14 DONE jakaira: 623 lines, committed and pushed
09-16 19:02:14 start kaa_jaryi (Ka'a Jarýi)
09-16 19:04:27 DONE jasy_jatere: 495 lines, committed and pushed
09-16 19:04:27 start pai_sume (Pa'i Sumé (Sumé))
09-16 19:05:21 DONE pombero: 555 lines, committed and pushed
09-16 19:05:21 start yvy_mara_ey (Yvy Marã Ey (the Land Without Evil))
09-16 19:06:08 DONE angatupyry: 443 lines, committed and pushed
09-16 19:06:08 start nande_sy (Ñande Sy (the First Mother))
09-16 19:06:21 DONE ao_ao: 496 lines, committed and pushed
09-16 19:06:21 start guarani_twins (The Guaraní Twins (Pa'i Kuaray and Jasy))
09-16 19:06:22 DONE pora: 451 lines, committed and pushed
09-16 19:06:22 start pleroma_thirty_aeons (The Pleroma (the thirty aeons))
09-16 19:06:52 DONE luison: 512 lines, committed and pushed
09-16 19:06:52 start bythos (Bythos (Depth, the Propator))
09-16 19:08:19 DONE kurupi: 544 lines, committed and pushed
09-16 19:08:19 start sige_ennoia (Sige / Ennoia (Silence, Thought))
09-16 19:08:39 DONE pai_sume: 616 lines, committed and pushed
09-16 19:08:39 start nous_monogenes (Nous (Monogenes, the Only-begotten))
09-16 19:09:02 DONE kaa_jaryi: 673 lines, committed and pushed
09-16 19:09:02 start aletheia_aeon (Aletheia (Truth))
09-16 19:10:23 DONE yvy_mara_ey: 621 lines, committed and pushed
09-16 19:10:23 start logos_aeon (Logos (the aeon))
09-16 19:11:47 DONE guarani_twins: 690 lines, committed and pushed
09-16 19:11:47 start zoe_aeon (Zoe (Life))
09-16 19:12:25 DONE pleroma_thirty_aeons: 761 lines, committed and pushed
09-16 19:12:25 start anthropos_aeon (Anthropos (the aeon Man))
09-16 19:13:10 DONE nande_sy: 701 lines, committed and pushed
09-16 19:13:10 start ekklesia_aeon (Ekklesia (the aeon Church))
09-16 19:13:45 DONE aletheia_aeon: 596 lines, committed and pushed
09-16 19:13:45 start achamoth (Achamoth)
09-16 19:15:13 DONE nous_monogenes: 593 lines, committed and pushed
09-16 19:15:13 start horos_stauros (Horos (Limit, Stauros))
09-16 19:15:40 DONE sige_ennoia: 686 lines, committed and pushed
09-16 19:15:40 start christ_aeon (Christ (the aeon) and the Holy Spirit)
09-16 19:16:35 DONE logos_aeon: 628 lines, committed and pushed
09-16 19:16:35 start jesus_soter (Jesus the Saviour (Soter, the fruit of the Pleroma))
09-16 19:17:10 DONE bythos: 992 lines, committed and pushed
09-16 19:17:10 start ogdoad_gnostic (The Ogdoad (the eighth heaven))
09-16 19:17:15 DONE ekklesia_aeon: 580 lines, committed and pushed
09-16 19:17:15 start saklas (Saklas)
09-16 19:18:16 DONE zoe_aeon: 749 lines, committed and pushed
09-16 19:18:16 start sabaoth (Sabaoth (the repentant archon))
09-16 19:19:18 DONE anthropos_aeon: 869 lines, committed and pushed
09-16 19:19:18 start nebro (Nebro (Yaldabaoth of the Gospel of Judas))
09-16 19:20:48 DONE horos_stauros: 626 lines, committed and pushed
09-16 19:20:48 start autogenes (Autogenes (the Self-begotten))
09-16 19:21:07 DONE achamoth: 706 lines, committed and pushed
09-16 19:21:07 start four_luminaries (The Four Luminaries (Harmozel, Oroiael, Daveithai, Eleleth))
09-16 19:22:05 DONE christ_aeon: 586 lines, committed and pushed
09-16 19:22:05 start seth_heavenly (Seth (the heavenly Seth, the Great Seth))
09-16 19:22:13 DONE saklas: 655 lines, committed and pushed
09-16 19:22:13 start norea (Norea)
09-16 19:22:45 DONE ogdoad_gnostic: 559 lines, committed and pushed
09-16 19:22:45 start adamas (Adamas (the heavenly Adam))
09-16 19:23:24 DONE jesus_soter: 723 lines, committed and pushed
09-16 19:23:24 start epinoia (Epinoia (the Epinoia of Light))
09-16 19:23:59 DONE nebro: 464 lines, committed and pushed
09-16 19:23:59 start poimandres (Poimandres)
09-16 19:24:28 DONE sabaoth: 849 lines, committed and pushed
09-16 19:24:28 start invisible_spirit (The Invisible Spirit (the Monad))
09-16 19:25:47 DONE autogenes: 697 lines, committed and pushed
09-16 19:25:47 start hibil_ziwa (Hibil Ziwa (Mandaean))
09-16 19:26:26 DONE four_luminaries: 631 lines, committed and pushed
09-16 19:26:26 start ruha_mandaean (Ruha (Mandaean))
09-16 19:26:27 DONE seth_heavenly: 584 lines, committed and pushed
09-16 19:26:27 start ptahil (Ptahil (Mandaean))
09-16 19:26:37 DONE norea: 517 lines, committed and pushed
09-16 19:26:37 start primal_man_manichaean (The Primal Man (Manichaean))
09-16 19:28:29 DONE adamas: 611 lines, committed and pushed
09-16 19:28:29 start living_spirit_manichaean (The Living Spirit (Manichaean))
09-16 19:28:30 DONE epinoia: 638 lines, committed and pushed
09-16 19:28:30 start third_messenger_manichaean (The Third Messenger (Manichaean))
09-16 19:28:53 DONE poimandres: 686 lines, committed and pushed
09-16 19:28:53 start king_of_darkness_manichaean (The King of Darkness (Manichaean))
09-16 19:29:45 DONE invisible_spirit: 643 lines, committed and pushed
09-16 19:29:45 start dagda (The Dagda)
09-16 19:30:30 DONE hibil_ziwa: 523 lines, committed and pushed
09-16 19:30:30 start lugh (Lugh)
09-16 19:30:49 DONE ptahil: 544 lines, committed and pushed
09-16 19:30:49 start brigid (Brigid (the goddess))
09-16 19:31:18 DONE primal_man_manichaean: 605 lines, committed and pushed
09-16 19:31:18 start morrigan (The Morrígan)
09-16 19:32:10 DONE ruha_mandaean: 695 lines, committed and pushed
09-16 19:32:10 start danu (Danu (Anu))
09-16 19:32:31 DONE living_spirit_manichaean: 426 lines, committed and pushed
09-16 19:32:31 start nuada (Nuada)
09-16 19:32:57 DONE third_messenger_manichaean: 656 lines, committed and pushed
09-16 19:32:57 start dian_cecht (Dian Cécht)
09-16 19:34:29 DONE king_of_darkness_manichaean: 520 lines, committed and pushed
09-16 19:34:29 start goibniu (Goibniu)
09-16 19:34:30 DONE dagda: 712 lines, committed and pushed
09-16 19:34:30 start manannan (Manannán mac Lir)
09-16 19:35:49 DONE brigid: 614 lines, committed and pushed
09-16 19:35:49 start lir (Lir)
09-16 19:36:47 DONE lugh: 696 lines, committed and pushed
09-16 19:36:47 start aengus (Aengus (Óengus mac Óg))
09-16 19:37:18 DONE danu: 670 lines, committed and pushed
09-16 19:37:18 start boann (Boann)
09-16 19:37:36 DONE nuada: 581 lines, committed and pushed
09-16 19:37:36 start ogma (Ogma)
09-16 19:37:57 DONE dian_cecht: 533 lines, committed and pushed
09-16 19:37:57 start balor (Balor)
09-16 19:38:14 DONE morrigan: 636 lines, committed and pushed
09-16 19:38:14 start bres (Bres)
09-16 19:39:46 DONE goibniu: 533 lines, committed and pushed
09-16 19:39:46 start eriu (Ériu)
09-16 19:40:12 DONE lir: 621 lines, committed and pushed
09-16 19:40:12 start cailleach (The Cailleach)
09-16 19:40:17 DONE aengus: 374 lines, committed and pushed
09-16 19:40:17 start aine (Áine)
09-16 19:40:22 DONE manannan: 578 lines, committed and pushed
09-16 19:40:22 start donn (Donn)
09-16 19:41:32 DONE ogma: 628 lines, committed and pushed
09-16 19:41:32 start tuatha_de_danann (The Tuatha Dé Danann)
09-16 19:42:46 DONE balor: 743 lines, committed and pushed
09-16 19:42:46 start fomorians (The Fomorians)
09-16 19:42:47 DONE boann: 568 lines, committed and pushed
09-16 19:42:47 start sidhe (The Sídhe (the aes sídhe))
09-16 19:43:14 DONE eriu: 517 lines, committed and pushed
09-16 19:43:14 start arawn (Arawn)
09-16 19:44:06 DONE aine: 346 lines, committed and pushed
09-16 19:44:06 start rhiannon (Rhiannon)
09-16 19:44:09 DONE bres: 786 lines, committed and pushed
09-16 19:44:09 start bran_the_blessed (Brân the Blessed (Bendigeidfran))
09-16 19:44:10 DONE donn: 533 lines, committed and pushed
09-16 19:44:10 start branwen (Branwen)
09-16 19:44:14 DONE cailleach: 593 lines, committed and pushed
09-16 19:44:14 start manawydan (Manawydan)
09-16 19:46:55 DONE tuatha_de_danann: 648 lines, committed and pushed
09-16 19:46:55 start math (Math fab Mathonwy)
09-16 19:47:39 DONE arawn: 644 lines, committed and pushed
09-16 19:47:39 start gwydion (Gwydion)
09-16 19:47:41 DONE fomorians: 624 lines, committed and pushed
09-16 19:47:41 start arianrhod (Arianrhod)
09-16 19:48:08 DONE sidhe: 666 lines, committed and pushed
09-16 19:48:08 start lleu (Lleu Llaw Gyffes)
09-16 19:48:10 DONE branwen: 543 lines, committed and pushed
09-16 19:48:10 start blodeuwedd (Blodeuwedd)
09-16 19:49:09 DONE bran_the_blessed: 593 lines, committed and pushed
09-16 19:49:09 start ceridwen (Ceridwen)
09-16 19:49:49 DONE manawydan: 668 lines, committed and pushed
09-16 19:49:49 start gwyn_ap_nudd (Gwyn ap Nudd)
09-16 19:50:27 DONE rhiannon: 414 lines, committed and pushed
09-16 19:50:27 start don_and_beli_mawr (Dôn and Beli Mawr)
09-16 19:51:25 DONE math: 693 lines, committed and pushed
09-16 19:51:25 start cernunnos (Cernunnos)
09-16 19:52:01 DONE arianrhod: 473 lines, committed and pushed
09-16 19:52:01 start epona (Epona)
09-16 19:52:39 DONE lleu: 557 lines, committed and pushed
09-16 19:52:39 start taranis (Taranis)
09-16 19:52:40 DONE blodeuwedd: 555 lines, committed and pushed
09-16 19:52:40 start teutates (Teutates)
09-16 19:53:24 DONE ceridwen: 513 lines, committed and pushed
09-16 19:53:24 start esus (Esus)
09-16 19:53:29 DONE gwydion: 713 lines, committed and pushed
09-16 19:53:29 start lugus (Lugus)
09-16 19:54:07 DONE don_and_beli_mawr: 485 lines, committed and pushed
09-16 19:54:07 start sucellus (Sucellus)
09-16 19:54:32 DONE gwyn_ap_nudd: 562 lines, committed and pushed
09-16 19:54:32 start belenus (Belenus)
09-16 19:56:07 DONE cernunnos: 532 lines, committed and pushed
09-16 19:56:07 start sulis (Sulis (Sulis Minerva))
09-16 19:56:26 DONE taranis: 593 lines, committed and pushed
09-16 19:56:26 start nodens (Nodens)
09-16 19:56:51 DONE epona: 597 lines, committed and pushed
09-16 19:56:51 start mari (Mari)
09-16 19:57:07 DONE teutates: 416 lines, committed and pushed
09-16 19:57:07 start sugaar (Sugaar (Maju))
09-16 19:58:20 DONE sucellus: 535 lines, committed and pushed
09-16 19:58:20 start basajaun (Basajaun)
09-16 19:58:53 DONE belenus: 492 lines, committed and pushed
09-16 19:58:53 start lamiak (The Lamiak)
09-16 19:59:04 DONE esus: 638 lines, committed and pushed
09-16 19:59:04 start herensuge (Herensuge)
09-16 19:59:41 DONE nodens: 512 lines, committed and pushed
09-16 19:59:41 start tartalo (Tartalo)
09-16 20:00:07 DONE lugus: 799 lines, committed and pushed
09-16 20:00:07 start gaueko (Gaueko)
09-16 20:01:43 DONE sugaar: 527 lines, committed and pushed
09-16 20:01:43 start eguzki_amandrea (Eguzki Amandrea)
09-16 20:02:11 DONE sulis: 549 lines, committed and pushed
09-16 20:02:11 start ilargi_amandrea (Ilargi Amandrea)
09-16 20:03:01 DONE herensuge: 542 lines, committed and pushed
09-16 20:03:01 start jentilak (The Jentilak)
09-16 20:03:12 DONE mari: 767 lines, committed and pushed
09-16 20:03:12 start olentzero (Olentzero)
09-16 20:03:14 DONE gaueko: 380 lines, committed and pushed
09-16 20:03:14 start aker_basque (Aker (the Basque he-goat))
09-16 20:03:15 DONE tartalo: 437 lines, committed and pushed
09-16 20:03:15 start xana (The Xana)
09-16 20:03:17 FAIL jentilak: rc=1  klore jentil Kixmi Jentilarri Barandiaran ... ERROR: Selected model is at capacity. Please try a different model. ERROR: Selected model is at capacity. Please try a different model. tokens used 6,732
09-16 20:03:17 start cuelebre (The Cuélebre)
09-16 20:03:25 DONE basajaun: 452 lines, committed and pushed
09-16 20:03:25 start nuberu (The Nuberu)
09-16 20:05:20 DONE lamiak: 679 lines, committed and pushed
09-16 20:05:20 start trasgu (The Trasgu)
09-16 20:05:41 DONE ilargi_amandrea: 468 lines, committed and pushed
09-16 20:05:41 start busgosu (The Busgosu)
09-16 20:06:37 DONE eguzki_amandrea: 681 lines, committed and pushed
09-16 20:06:37 start anjana (The Anjana)
09-16 20:06:59 DONE aker_basque: 599 lines, committed and pushed
09-16 20:06:59 start ojancanu (The Ojáncanu)
09-16 20:08:38 DONE olentzero: 662 lines, committed and pushed
09-16 20:08:38 start santa_compana (The Santa Compaña)
09-16 20:08:59 DONE nuberu: 465 lines, committed and pushed
09-16 20:08:59 start mouras (The Mouras)
09-16 20:09:24 DONE xana: 569 lines, committed and pushed
09-16 20:09:24 start meigas (The Meigas)
09-16 20:09:41 DONE cuelebre: 472 lines, committed and pushed
09-16 20:09:41 start endovelicus (Endovelicus)
09-16 20:10:08 DONE trasgu: 807 lines, committed and pushed
09-16 20:10:08 start ataecina (Ataecina)
09-16 20:11:20 DONE busgosu: 568 lines, committed and pushed
09-16 20:11:20 start bandua (Bandua)
09-16 20:11:59 DONE ojancanu: 522 lines, committed and pushed
09-16 20:11:59 start krampus (Krampus)
09-16 20:12:04 DONE anjana: 330 lines, committed and pushed
09-16 20:12:04 start tatzelwurm (The Tatzelwurm)
09-16 20:13:35 DONE mouras: 598 lines, committed and pushed
09-16 20:13:35 start wilde_mann (The Wilde Mann (Wild Man))
09-16 20:13:39 DONE meigas: 534 lines, committed and pushed
09-16 20:13:39 start sennentuntschi (The Sennentuntschi)
09-16 20:14:28 DONE santa_compana: 496 lines, committed and pushed
09-16 20:14:28 start tschaggatta (The Tschäggättä)
09-16 20:14:35 DONE endovelicus: 401 lines, committed and pushed
09-16 20:14:35 start habergeiss (The Habergeiss)
09-16 20:14:56 DONE ataecina: 532 lines, committed and pushed
09-16 20:14:56 start saligen (The Saligen (the Salige Fräulein))
09-16 20:15:59 DONE krampus: 629 lines, committed and pushed
09-16 20:15:59 start fanggen (The Fänggen (Fanggen))
09-16 20:17:05 DONE bandua: 777 lines, committed and pushed
09-16 20:17:05 start barbegazi (The Barbegazi)
09-16 20:17:41 DONE tatzelwurm: 637 lines, committed and pushed
09-16 20:17:41 start nachtvolk (The Nachtvolk (the Night Folk))
09-16 20:18:02 DONE wilde_mann: 694 lines, committed and pushed
09-16 20:18:02 start perun (Perun)
09-16 20:18:49 DONE tschaggatta: 540 lines, committed and pushed
09-16 20:18:49 start veles (Veles (Volos))
09-16 20:18:55 DONE sennentuntschi: 525 lines, committed and pushed
09-16 20:18:55 start svarog (Svarog)
09-16 20:20:13 DONE habergeiss: 549 lines, committed and pushed
09-16 20:20:13 start dazhbog (Dazhbog)
09-16 20:20:21 DONE fanggen: 499 lines, committed and pushed
09-16 20:20:21 start mokosh (Mokosh)
09-16 20:20:38 DONE saligen: 691 lines, committed and pushed
09-16 20:20:38 start morana (Morana (Marzanna))
09-16 20:21:48 DONE barbegazi: 673 lines, committed and pushed
09-16 20:21:48 start jarilo (Jarilo)
09-16 20:23:41 DONE veles: 729 lines, committed and pushed
09-16 20:23:41 start svetovid (Svetovid (Svantevit))
09-16 20:24:13 DONE dazhbog: 546 lines, committed and pushed
09-16 20:24:13 start baba_yaga (Baba Yaga)
09-16 20:24:20 DONE svarog: 591 lines, committed and pushed
09-16 20:24:20 start koschei (Koschei the Deathless)
09-16 20:24:38 DONE nachtvolk: 685 lines, committed and pushed
09-16 20:24:38 start leshy (The Leshy)
09-16 20:24:41 DONE morana: 478 lines, committed and pushed
09-16 20:24:41 start rusalki (The Rusalki)
09-16 20:24:54 DONE perun: 701 lines, committed and pushed
09-16 20:24:54 start dievas (Dievas (Dievs))
09-16 20:25:43 DONE mokosh: 516 lines, committed and pushed
09-16 20:25:43 start perkunas (Perkūnas (Pērkons))
09-16 20:26:38 DONE jarilo: 509 lines, committed and pushed
09-16 20:26:38 start laima (Laima)
09-16 20:28:04 DONE baba_yaga: 510 lines, committed and pushed
09-16 20:28:04 start saule (Saulė (Saule))
09-16 20:28:56 DONE svetovid: 654 lines, committed and pushed
09-16 20:28:56 start zemyna (Žemyna (Zemes māte))
09-16 20:29:35 DONE rusalki: 516 lines, committed and pushed
09-16 20:29:35 start velnias (Velnias (Velns))
09-16 20:29:48 DONE perkunas: 596 lines, committed and pushed
09-16 20:29:48 start ukko (Ukko)
09-16 20:30:02 DONE leshy: 465 lines, committed and pushed
09-16 20:30:02 start tapio (Tapio)
09-16 20:30:41 DONE laima: 666 lines, committed and pushed
09-16 20:30:41 start mielikki (Mielikki)
09-16 20:31:01 DONE koschei: 679 lines, committed and pushed
09-16 20:31:01 start ahti (Ahti (Ahto))
09-16 20:31:25 DONE dievas: 678 lines, committed and pushed
09-16 20:31:25 start louhi (Louhi)
09-16 20:33:00 DONE saule: 590 lines, committed and pushed
09-16 20:33:00 start hiisi (Hiisi)
09-16 20:34:24 DONE zemyna: 632 lines, committed and pushed
09-16 20:34:24 start tinia (Tinia)
09-16 20:34:57 DONE tapio: 721 lines, committed and pushed
09-16 20:34:57 start uni (Uni)
09-16 20:35:02 DONE ukko: 614 lines, committed and pushed
09-16 20:35:02 start menrva (Menrva)
09-16 20:36:06 DONE mielikki: 593 lines, committed and pushed
09-16 20:36:06 start voltumna (Voltumna (Veltha))
09-16 20:36:31 DONE velnias: 997 lines, committed and pushed
09-16 20:36:31 start aita (Aita)
09-16 20:36:44 DONE ahti: 621 lines, committed and pushed
09-16 20:36:44 start charun (Charun)
09-16 20:36:57 DONE louhi: 483 lines, committed and pushed
09-16 20:36:57 start vanth (Vanth)
09-16 20:38:33 DONE hiisi: 622 lines, committed and pushed
09-16 20:38:33 start turms (Turms)
09-16 20:39:06 DONE tinia: 525 lines, committed and pushed
09-16 20:39:06 start fufluns (Fufluns)
09-16 20:39:24 DONE uni: 625 lines, committed and pushed
09-16 20:39:24 start turan (Turan)
09-16 20:39:53 DONE menrva: 670 lines, committed and pushed
09-16 20:39:53 start sethlans (Sethlans)
09-16 20:40:17 DONE voltumna: 600 lines, committed and pushed
09-16 20:40:17 start tages (Tages)
09-16 20:41:04 DONE aita: 355 lines, committed and pushed
09-16 20:41:04 start huitzilopochtli (Huitzilopochtli)
09-16 20:41:27 DONE vanth: 513 lines, committed and pushed
09-16 20:41:27 start tlaloc (Tlaloc)
09-16 20:42:30 DONE charun: 579 lines, committed and pushed
09-16 20:42:30 start quetzalcoatl (Quetzalcoatl)
09-16 20:43:24 DONE sethlans: 464 lines, committed and pushed
09-16 20:43:24 start tezcatlipoca (Tezcatlipoca)
09-16 20:43:36 DONE fufluns: 454 lines, committed and pushed
09-16 20:43:36 start xipe_totec (Xipe Totec)
09-16 20:43:42 DONE turms: 539 lines, committed and pushed
09-16 20:43:42 start coatlicue (Coatlicue)
09-16 20:44:33 DONE turan: 469 lines, committed and pushed
09-16 20:44:33 start coyolxauhqui (Coyolxauhqui)
09-16 20:45:23 DONE tages: 657 lines, committed and pushed
09-16 20:45:23 start tonatiuh (Tonatiuh)
09-16 20:47:12 DONE tlaloc: 767 lines, committed and pushed
09-16 20:47:12 start mictlantecuhtli (Mictlantecuhtli)
09-16 20:47:58 DONE quetzalcoatl: 649 lines, committed and pushed
09-16 20:47:58 start tlazolteotl (Tlazolteotl)
09-16 20:48:38 DONE huitzilopochtli: 579 lines, committed and pushed
09-16 20:48:38 start xochiquetzal (Xochiquetzal)
09-16 20:49:06 DONE coyolxauhqui: 486 lines, committed and pushed
09-16 20:49:06 start xochipilli (Xochipilli)
09-16 20:49:10 DONE tezcatlipoca: 450 lines, committed and pushed
09-16 20:49:10 start chalchiuhtlicue (Chalchiuhtlicue)
09-16 20:49:36 DONE coatlicue: 605 lines, committed and pushed
09-16 20:49:36 start huehueteotl (Huehueteotl (Xiuhtecuhtli))
09-16 20:50:24 DONE xipe_totec: 543 lines, committed and pushed
09-16 20:50:24 start ometeotl (Ometeotl (Ometecuhtli and Omecihuatl))
09-16 20:52:29 DONE tonatiuh: 496 lines, committed and pushed
09-16 20:52:29 start mixcoatl (Mixcoatl)
09-16 20:53:00 DONE xochiquetzal: 441 lines, committed and pushed
09-16 20:53:00 start cihuacoatl (Cihuacoatl)
09-16 20:53:32 DONE xochipilli: 577 lines, committed and pushed
09-16 20:53:32 start tlaltecuhtli (Tlaltecuhtli)
09-16 20:54:17 DONE tlazolteotl: 465 lines, committed and pushed
09-16 20:54:17 start itzpapalotl (Itzpapalotl)
09-16 20:54:30 DONE mictlantecuhtli: 676 lines, committed and pushed
09-16 20:54:30 start mayahuel (Mayahuel)
09-16 20:54:37 DONE huehueteotl: 653 lines, committed and pushed
09-16 20:54:37 start xolotl (Xolotl)
09-16 20:54:40 DONE chalchiuhtlicue: 543 lines, committed and pushed
09-16 20:54:40 start ehecatl (Ehecatl)
09-16 20:56:44 DONE ometeotl: 575 lines, committed and pushed
09-16 20:56:44 start chantico (Chantico)
09-16 20:58:16 DONE tlaltecuhtli: 630 lines, committed and pushed
09-16 20:58:16 start tzitzimime (The Tzitzimime)
09-16 20:58:20 DONE cihuacoatl: 670 lines, committed and pushed
09-16 20:58:20 start centeotl (Centeotl)
09-16 20:58:27 DONE mixcoatl: 513 lines, committed and pushed
09-16 20:58:27 start chicomecoatl (Chicomecoatl)
09-16 20:59:05 DONE xolotl: 609 lines, committed and pushed
09-16 20:59:05 start xiuhcoatl (Xiuhcoatl)
09-16 20:59:12 DONE ehecatl: 625 lines, committed and pushed
09-16 20:59:12 start toci (Toci (Teteo Innan))
09-16 21:00:31 DONE mayahuel: 477 lines, committed and pushed
09-16 21:00:31 start tonantzin (Tonantzin)
09-16 21:00:51 DONE itzpapalotl: 730 lines, committed and pushed
09-16 21:00:51 start tepeyollotl (Tepeyollotl)
09-16 21:02:11 DONE chicomecoatl: 538 lines, committed and pushed
09-16 21:02:11 start itztlacoliuhqui (Itztlacoliuhqui)
09-16 21:02:30 DONE chantico: 528 lines, committed and pushed
09-16 21:02:30 start tlahuizcalpantecuhtli (Tlahuizcalpantecuhtli)
09-16 21:03:14 FAIL tepeyollotl: rc=1  . web search:  web search: 'Piltzintecuhtli' ERROR: Selected model is at capacity. Please try a different model. ERROR: Selected model is at capacity. Please try a different model. tokens used 83,312
09-16 21:03:14 start yacatecuhtli (Yacatecuhtli)
09-16 21:03:39 DONE centeotl: 680 lines, committed and pushed
09-16 21:03:39 start opochtli (Opochtli)
09-16 21:04:18 DONE xiuhcoatl: 534 lines, committed and pushed
09-16 21:04:18 start patecatl (Patecatl)
09-16 21:05:08 DONE toci: 522 lines, committed and pushed
09-16 21:05:08 start centzon_totochtin (The Centzon Totochtin (the Four Hundred Rabbits))
09-16 21:05:17 DONE tzitzimime: 619 lines, committed and pushed
09-16 21:05:17 start cihuateteo (The Cihuateteo)
09-16 21:05:33 DONE tonantzin: 617 lines, committed and pushed
09-16 21:05:33 start tlaloque (The Tlaloque)
09-16 21:07:03 DONE opochtli: 497 lines, committed and pushed
09-16 21:07:03 start ahuiateteo (The Ahuiateteo (the Macuiltonaleque))
09-16 21:09:00 DONE tlahuizcalpantecuhtli: 513 lines, committed and pushed
09-16 21:09:00 start nanahuatzin (Nanahuatzin)
09-16 21:09:18 DONE itztlacoliuhqui: 651 lines, committed and pushed
09-16 21:09:18 start tecciztecatl (Tecciztecatl)
09-16 21:09:36 DONE yacatecuhtli: 466 lines, committed and pushed
09-16 21:09:36 start amaterasu (Amaterasu)
09-16 21:10:20 DONE patecatl: 483 lines, committed and pushed
09-16 21:10:20 start susanoo (Susanoo)
09-16 21:10:36 DONE tlaloque: 492 lines, committed and pushed
09-16 21:10:36 start tsukuyomi (Tsukuyomi)
09-16 21:11:09 DONE centzon_totochtin: 594 lines, committed and pushed
09-16 21:11:09 start izanagi_and_izanami (Izanagi and Izanami)
09-16 21:11:41 DONE cihuateteo: 524 lines, committed and pushed
09-16 21:11:41 start inari (Inari)
09-16 21:12:08 DONE ahuiateteo: 462 lines, committed and pushed
09-16 21:12:08 start hachiman (Hachiman)
09-16 21:13:29 DONE tecciztecatl: 536 lines, committed and pushed
09-16 21:13:29 start okuninushi (Ōkuninushi)
09-16 21:14:27 DONE nanahuatzin: 597 lines, committed and pushed
09-16 21:14:27 start sarutahiko (Sarutahiko)
09-16 21:16:42 DONE hachiman: 504 lines, committed and pushed
09-16 21:16:42 start ame_no_uzume (Ame-no-Uzume)
09-16 21:16:51 DONE tsukuyomi: 572 lines, committed and pushed
09-16 21:16:51 start takemikazuchi (Takemikazuchi)
09-16 21:16:52 DONE susanoo: 739 lines, committed and pushed
09-16 21:16:52 start ryujin (Ryūjin (Watatsumi))
09-16 21:17:08 DONE amaterasu: 605 lines, committed and pushed
09-16 21:17:08 start kagutsuchi (Kagutsuchi)
09-16 21:18:00 DONE izanagi_and_izanami: 576 lines, committed and pushed
09-16 21:18:00 start raijin_and_fujin (Raijin and Fūjin)
09-16 21:18:48 DONE sarutahiko: 531 lines, committed and pushed
09-16 21:18:48 start ebisu (Ebisu)
09-16 21:18:55 DONE inari: 778 lines, committed and pushed
09-16 21:18:55 start daikokuten (Daikokuten)
09-16 21:19:09 DONE okuninushi: 524 lines, committed and pushed
09-16 21:19:09 start benzaiten (Benzaiten)
09-16 21:22:01 DONE ame_no_uzume: 632 lines, committed and pushed
09-16 21:22:01 start bishamonten (Bishamonten)
09-16 21:22:48 DONE kagutsuchi: 535 lines, committed and pushed
09-16 21:22:48 start konohanasakuya_hime (Konohanasakuya-hime)
09-16 21:22:53 DONE ryujin: 821 lines, committed and pushed
09-16 21:22:53 start toyotama_hime (Toyotama-hime)
09-16 21:23:07 DONE daikokuten: 480 lines, committed and pushed
09-16 21:23:07 start tenjin (Tenjin (Sugawara no Michizane))
09-16 21:23:23 DONE benzaiten: 516 lines, committed and pushed
09-16 21:23:23 start kami (The Kami (as a class))
09-16 21:23:52 DONE takemikazuchi: 728 lines, committed and pushed
09-16 21:23:52 start oni (The Oni)
09-16 21:24:23 DONE ebisu: 656 lines, committed and pushed
09-16 21:24:23 start kitsune (The Kitsune)
09-16 21:25:07 DONE raijin_and_fujin: 800 lines, committed and pushed
09-16 21:25:07 start yamata_no_orochi (Yamata no Orochi)
09-16 21:26:53 DONE bishamonten: 448 lines, committed and pushed
09-16 21:26:53 start tengu (The Tengu)
09-16 21:27:25 DONE konohanasakuya_hime: 461 lines, committed and pushed
09-16 21:27:25 start ayots_avireri (Ayots / Avíreri (Mábireri))
09-16 21:29:06 DONE tenjin: 731 lines, committed and pushed
09-16 21:29:06 start poporrona_kiri (Poporrona' / Kíri (Quërí))
09-16 21:29:18 DONE yamata_no_orochi: 444 lines, committed and pushed
09-16 21:29:18 start yos (Yos (Our Grandfather Yos, Yompor Yos))
09-16 21:30:07 DONE oni: 494 lines, committed and pushed
09-16 21:30:07 start yosoper_korioshpiri (Yosoper / Korioshpiri)
09-16 21:30:52 DONE kami: 649 lines, committed and pushed
09-16 21:30:52 start pareni (Pareni (the Salt Lady))
09-16 21:32:24 DONE kitsune: 916 lines, committed and pushed
09-16 21:32:24 start tasorentsi (Tasorentsi)
09-16 21:32:32 DONE ayots_avireri: 403 lines, committed and pushed
09-16 21:32:32 start pava (Pavá (the Sun))
09-16 21:32:45 DONE tengu: 567 lines, committed and pushed
09-16 21:32:45 start kashiri (Kashiri (the Moon))
09-16 21:33:03 DONE toyotama_hime: 645 lines, committed and pushed
09-16 21:33:03 start itomi_pava (Itomi Pavá (the Son of the Sun))
09-16 21:34:13 DONE yosoper_korioshpiri: 474 lines, committed and pushed
09-16 21:34:13 start amachegua (The Amachegua)
09-16 21:34:20 DONE yos: 512 lines, committed and pushed
09-16 21:34:20 start kamari (The Kamari)
09-16 21:35:00 DONE poporrona_kiri: 623 lines, committed and pushed
09-16 21:35:00 start maninkari (The Maninkari)
09-16 21:36:56 DONE itomi_pava: 491 lines, committed and pushed
09-16 21:36:56 start chullachaqui (The Chullachaqui)
09-16 21:37:18 DONE kashiri: 622 lines, committed and pushed
09-16 21:37:18 start yacuruna (The Yacuruna)
09-16 21:37:19 DONE pava: 550 lines, committed and pushed
09-16 21:37:19 start tunche (The Tunche)
09-16 21:37:41 DONE amachegua: 564 lines, committed and pushed
09-16 21:37:41 start sachamama (Sachamama)
09-16 21:39:20 DONE kamari: 515 lines, committed and pushed
09-16 21:39:20 start yacumama (Yacumama)
09-16 21:40:10 DONE maninkari: 620 lines, committed and pushed
09-16 21:40:10 start ayaymama (The Ayaymama)
09-16 21:41:26 DONE tasorentsi: 484 lines, committed and pushed
09-16 21:41:26 start runamula (The Runamula)
09-16 21:41:40 DONE sachamama: 525 lines, committed and pushed
09-16 21:41:40 start bufeo_colorado (The Bufeo colorado)
09-16 21:41:44 DONE pareni: 431 lines, committed and pushed
09-16 21:41:44 start shapshico (The Shapshico (Shapingo))
09-16 21:41:45 DONE chullachaqui: 526 lines, committed and pushed
09-16 21:41:45 start pishtaco (The Pishtaco (Ñak'aq, Kharisiri))
09-16 21:42:55 DONE yacuruna: 508 lines, committed and pushed
09-16 21:42:55 start wakan_tanka (Wakan Tanka)
09-16 21:44:15 DONE ayaymama: 388 lines, committed and pushed
09-16 21:44:15 start inyan (Inyan)
09-16 21:45:17 DONE tunche: 449 lines, committed and pushed
09-16 21:45:17 start maka (Maka)
09-16 21:45:42 DONE yacumama: 438 lines, committed and pushed
09-16 21:45:42 start skan (Skan)
09-16 21:46:34 DONE bufeo_colorado: 397 lines, committed and pushed
09-16 21:46:34 start wi (Wi)
09-16 21:46:36 DONE runamula: 453 lines, committed and pushed
09-16 21:46:36 start hanwi (Hanwi)
09-16 21:46:59 DONE shapshico: 640 lines, committed and pushed
09-16 21:46:59 start tate (Tate)
09-16 21:48:43 DONE pishtaco: 448 lines, committed and pushed
09-16 21:48:43 start ptesan_win (Ptesan Win (White Buffalo Calf Woman))
09-16 21:49:20 DONE skan: 509 lines, committed and pushed
09-16 21:49:20 start iktomi (Iktomi)
09-16 21:49:53 DONE wakan_tanka: 775 lines, committed and pushed
09-16 21:49:53 start iya (Iya)
09-16 21:51:06 DONE iktomi: 170 lines, committed and pushed
09-16 21:51:06 start unktehi (Unktehi)
09-16 21:51:16 DONE maka: 621 lines, committed and pushed
09-16 21:51:16 start wakinyan (The Wakinyan (Thunder Beings))
09-16 21:51:37 DONE inyan: 515 lines, committed and pushed
09-16 21:51:41 DONE wi: 633 lines, committed and pushed
09-16 21:52:09 DONE hanwi: 555 lines, committed and pushed
09-16 21:53:37 DONE ptesan_win: 629 lines, committed and pushed
09-16 21:53:51 DONE tate: 522 lines, committed and pushed
09-16 21:56:30 DONE iya: 546 lines, committed and pushed
09-16 21:57:09 DONE unktehi: 463 lines, committed and pushed
09-16 21:57:29 DONE wakinyan: 449 lines, committed and pushed
09-16 21:57:29 batch pantheon finished: {'done': 356, 'fail': 2}
09-17 03:27:13 batch pantheon: 2 to run, 2 at a time
09-17 03:27:13 start jentilak (The Jentilak)
09-17 03:27:13 start tepeyollotl (Tepeyollotl)
09-17 03:31:02 DONE jentilak: 476 lines, committed and pushed
09-17 03:35:22 DONE tepeyollotl: 586 lines, committed and pushed
09-17 03:35:22 batch pantheon finished: {'done': 2}
