09-17 06:40:20 relations batch: 1000 to run, 8 at a time
09-17 06:40:20 start abrahamic/abaddon
09-17 06:40:20 start abrahamic/abraxas
09-17 06:40:20 start abrahamic/adam_kadmon
09-17 06:40:20 start abrahamic/archons
09-17 06:40:20 start abrahamic/azazel
09-17 06:40:20 start abrahamic/asmodeus
09-17 06:40:20 start abrahamic/azrael
09-17 06:40:20 start abrahamic/angel_of_death
09-17 06:41:00 DONE abrahamic/adam_kadmon
09-17 06:41:00 start abrahamic/barbelo
09-17 06:41:01 DONE abrahamic/asmodeus
09-17 06:41:01 start abrahamic/beelzebub
09-17 06:41:03 DONE abrahamic/azazel
09-17 06:41:03 start abrahamic/behemoth
09-17 06:41:06 DONE abrahamic/azrael
09-17 06:41:06 start abrahamic/belial
09-17 06:41:09 DONE abrahamic/abaddon
09-17 06:41:09 start abrahamic/buraq
09-17 06:41:09 DONE abrahamic/archons
09-17 06:41:09 start abrahamic/cherubim
09-17 06:41:20 DONE abrahamic/angel_of_death
09-17 06:41:20 start abrahamic/christ
09-17 06:41:30 DONE abrahamic/abraxas
09-17 06:41:30 start abrahamic/demiurge
09-17 06:41:44 DONE abrahamic/behemoth
09-17 06:41:44 start abrahamic/gabriel
09-17 06:41:48 DONE abrahamic/belial
09-17 06:41:48 start abrahamic/harut_and_marut
09-17 06:41:54 DONE abrahamic/buraq
09-17 06:41:54 start abrahamic/iblis
09-17 06:41:57 DONE abrahamic/beelzebub
09-17 06:41:57 start abrahamic/israfil
09-17 06:41:59 DONE abrahamic/barbelo
09-17 06:41:59 start abrahamic/jinn
09-17 06:41:59 DONE abrahamic/cherubim
09-17 06:41:59 start abrahamic/leviathan
09-17 06:42:24 DONE abrahamic/harut_and_marut
09-17 06:42:24 start abrahamic/lilith
09-17 06:42:31 DONE abrahamic/christ
09-17 06:42:31 start abrahamic/lucifer
09-17 06:42:33 DONE abrahamic/israfil
09-17 06:42:33 start abrahamic/mammon
09-17 06:42:49 DONE abrahamic/demiurge
09-17 06:42:49 start abrahamic/mephistopheles
09-17 06:42:50 DONE abrahamic/iblis
09-17 06:42:50 start abrahamic/metatron
09-17 06:42:51 DONE abrahamic/jinn
09-17 06:42:51 start abrahamic/michael
09-17 06:42:56 DONE abrahamic/gabriel
09-17 06:42:56 start abrahamic/munkar_and_nakir
09-17 06:42:59 DONE abrahamic/leviathan
09-17 06:42:59 start abrahamic/nephilim
09-17 06:43:12 DONE abrahamic/lilith
09-17 06:43:12 start abrahamic/nine_choirs
09-17 06:43:16 DONE abrahamic/mammon
09-17 06:43:16 start abrahamic/ophanim
09-17 06:43:22 DONE abrahamic/munkar_and_nakir
09-17 06:43:22 start abrahamic/raphael
09-17 06:43:33 DONE abrahamic/lucifer
09-17 06:43:33 start abrahamic/raziel
09-17 06:43:36 DONE abrahamic/metatron
09-17 06:43:36 start abrahamic/samael
09-17 06:43:45 DONE abrahamic/nephilim
09-17 06:43:45 start abrahamic/sandalphon
09-17 06:43:49 DONE abrahamic/michael
09-17 06:43:49 start abrahamic/satan
09-17 06:44:00 DONE abrahamic/raziel
09-17 06:44:00 start abrahamic/seraphim
09-17 06:44:02 DONE abrahamic/ophanim
09-17 06:44:02 start abrahamic/shekhinah
09-17 06:44:09 DONE abrahamic/mephistopheles
09-17 06:44:09 start abrahamic/shemhazai
09-17 06:44:18 DONE abrahamic/sandalphon
09-17 06:44:18 start abrahamic/sophia
09-17 06:44:18 DONE abrahamic/nine_choirs
09-17 06:44:18 start abrahamic/the_devil
09-17 06:44:24 DONE abrahamic/raphael
09-17 06:44:24 start abrahamic/uriel
09-17 06:44:29 DONE abrahamic/seraphim
09-17 06:44:29 start abrahamic/watchers
09-17 06:44:33 DONE abrahamic/shekhinah
09-17 06:44:33 start abrahamic/yaldabaoth
09-17 06:44:34 DONE abrahamic/samael
09-17 06:44:34 start abrahamic/ziz
09-17 06:45:13 DONE abrahamic/satan
09-17 06:45:13 start alpine/barbegazi
09-17 06:45:13 DONE abrahamic/ziz
09-17 06:45:13 start alpine/fanggen
09-17 06:45:17 DONE alpine/barbegazi
09-17 06:45:17 start alpine/habergeiss
09-17 06:45:19 DONE abrahamic/watchers
09-17 06:45:19 start alpine/krampus
09-17 06:45:28 DONE abrahamic/shemhazai
09-17 06:45:28 start alpine/nachtvolk
09-17 06:45:32 DONE alpine/nachtvolk
09-17 06:45:32 start alpine/saligen
09-17 06:45:39 DONE abrahamic/sophia
09-17 06:45:39 start alpine/sennentuntschi
09-17 06:45:40 DONE alpine/habergeiss
09-17 06:45:40 start alpine/tatzelwurm
09-17 06:45:43 DONE abrahamic/the_devil
09-17 06:45:43 start alpine/tschaggatta
09-17 06:45:43 DONE alpine/tatzelwurm
09-17 06:45:43 start alpine/wilde_mann
09-17 06:45:46 DONE abrahamic/uriel
09-17 06:45:46 start amazonian/amachegua
09-17 06:45:46 DONE alpine/fanggen
09-17 06:45:46 start amazonian/ayaymama
09-17 06:45:48 DONE alpine/tschaggatta
09-17 06:45:48 start amazonian/ayots_avireri
09-17 06:45:49 DONE alpine/sennentuntschi
09-17 06:45:49 start amazonian/bufeo_colorado
09-17 06:46:04 DONE alpine/saligen
09-17 06:46:04 start amazonian/chullachaqui
09-17 06:46:09 DONE amazonian/bufeo_colorado
09-17 06:46:09 start amazonian/itomi_pava
09-17 06:46:10 DONE amazonian/ayaymama
09-17 06:46:10 start amazonian/kamari
09-17 06:46:14 DONE amazonian/amachegua
09-17 06:46:14 start amazonian/kashiri
09-17 06:46:17 DONE amazonian/chullachaqui
09-17 06:46:17 start amazonian/maninkari
09-17 06:46:25 DONE alpine/krampus
09-17 06:46:25 start amazonian/pareni
09-17 06:46:30 DONE alpine/wilde_mann
09-17 06:46:30 start amazonian/pava
09-17 06:46:40 DONE amazonian/ayots_avireri
09-17 06:46:40 start amazonian/pishtaco
09-17 06:46:47 DONE abrahamic/yaldabaoth
09-17 06:46:47 start amazonian/poporrona_kiri
09-17 06:46:48 DONE amazonian/pishtaco
09-17 06:46:48 start amazonian/runamula
09-17 06:46:54 DONE amazonian/itomi_pava
09-17 06:46:54 start amazonian/sachamama
09-17 06:47:01 DONE amazonian/kashiri
09-17 06:47:01 start amazonian/shapshico
09-17 06:47:03 DONE amazonian/maninkari
09-17 06:47:03 start amazonian/tasorentsi
09-17 06:47:05 DONE amazonian/runamula
09-17 06:47:05 start amazonian/tunche
09-17 06:47:07 DONE amazonian/kamari
09-17 06:47:07 start amazonian/yacumama
09-17 06:47:09 DONE amazonian/pareni
09-17 06:47:09 start amazonian/yacuruna
09-17 06:47:10 DONE amazonian/sachamama
09-17 06:47:10 start amazonian/yos
09-17 06:47:14 DONE amazonian/yacumama
09-17 06:47:14 start amazonian/yosoper_korioshpiri
09-17 06:47:22 DONE amazonian/tunche
09-17 06:47:22 start andean/amaru
09-17 06:47:25 DONE amazonian/poporrona_kiri
09-17 06:47:25 start andean/apus
09-17 06:47:25 DONE amazonian/shapshico
09-17 06:47:25 start andean/ayar_brothers
09-17 06:47:26 DONE amazonian/pava
09-17 06:47:26 start andean/catequil
09-17 06:47:29 DONE amazonian/yacuruna
09-17 06:47:29 start andean/chasca
09-17 06:47:41 DONE amazonian/yosoper_korioshpiri
09-17 06:47:41 start andean/coniraya_and_cavillace
09-17 06:47:46 DONE amazonian/tasorentsi
09-17 06:47:46 start andean/ekeko
09-17 06:47:48 DONE andean/amaru
09-17 06:47:48 start andean/huallallo_carhuincho
09-17 06:47:59 DONE andean/ayar_brothers
09-17 06:47:59 start andean/illapa
09-17 06:47:59 DONE andean/catequil
09-17 06:47:59 start andean/inti
09-17 06:48:00 DONE andean/ekeko
09-17 06:48:00 start andean/kon
09-17 06:48:04 DONE andean/apus
09-17 06:48:04 start andean/mama_cocha
09-17 06:48:04 DONE andean/chasca
09-17 06:48:04 start andean/mama_huaco
09-17 06:48:14 DONE andean/coniraya_and_cavillace
09-17 06:48:14 start andean/mama_ocllo
09-17 06:48:15 DONE amazonian/yos
09-17 06:48:15 start andean/mama_quilla
09-17 06:48:31 DONE andean/mama_cocha
09-17 06:48:31 start andean/mama_sara
09-17 06:48:35 DONE andean/mama_quilla
09-17 06:48:35 start andean/manco_capac
09-17 06:48:42 DONE andean/kon
09-17 06:48:42 start andean/pachacamac
09-17 06:48:45 DONE andean/inti
09-17 06:48:45 start andean/pachamama
09-17 06:48:51 DONE andean/mama_sara
09-17 06:48:51 start andean/pariacaca
09-17 06:48:53 DONE andean/illapa
09-17 06:48:53 start andean/supay
09-17 06:48:58 DONE andean/huallallo_carhuincho
09-17 06:48:58 start andean/urcuchillay
09-17 06:49:04 DONE andean/mama_huaco
09-17 06:49:04 start andean/viracocha
09-17 06:49:08 DONE andean/mama_ocllo
09-17 06:49:08 start aztec/ahuiateteo
09-17 06:49:13 DONE andean/urcuchillay
09-17 06:49:13 start aztec/centeotl
09-17 06:49:22 DONE andean/pachamama
09-17 06:49:22 start aztec/centzon_totochtin
09-17 06:49:22 DONE andean/pachacamac
09-17 06:49:22 start aztec/chalchiuhtlicue
09-17 06:49:36 DONE andean/manco_capac
09-17 06:49:36 start aztec/chantico
09-17 06:49:50 DONE aztec/ahuiateteo
09-17 06:49:50 start aztec/chicomecoatl
09-17 06:49:50 DONE andean/viracocha
09-17 06:49:50 start aztec/cihuacoatl
09-17 06:49:52 DONE andean/supay
09-17 06:49:52 start aztec/cihuateteo
09-17 06:49:56 DONE aztec/centeotl
09-17 06:49:56 start aztec/coatlicue
09-17 06:49:58 DONE aztec/chantico
09-17 06:49:58 start aztec/coyolxauhqui
09-17 06:49:59 DONE aztec/chalchiuhtlicue
09-17 06:49:59 start aztec/ehecatl
09-17 06:50:00 DONE aztec/centzon_totochtin
09-17 06:50:00 start aztec/huehueteotl
09-17 06:50:17 DONE aztec/cihuateteo
09-17 06:50:17 start aztec/huitzilopochtli
09-17 06:50:19 DONE aztec/chicomecoatl
09-17 06:50:19 start aztec/itzpapalotl
09-17 06:50:19 DONE andean/pariacaca
09-17 06:50:19 start aztec/itztlacoliuhqui
09-17 06:50:32 DONE aztec/coyolxauhqui
09-17 06:50:32 start aztec/mayahuel
09-17 06:50:38 DONE aztec/cihuacoatl
09-17 06:50:38 start aztec/mictlantecuhtli
09-17 06:50:39 DONE aztec/huehueteotl
09-17 06:50:39 start aztec/mixcoatl
09-17 06:50:41 DONE aztec/itztlacoliuhqui
09-17 06:50:41 start aztec/nanahuatzin
09-17 06:50:45 DONE aztec/coatlicue
09-17 06:50:45 start aztec/ometeotl
09-17 06:50:53 DONE aztec/itzpapalotl
09-17 06:50:53 start aztec/opochtli
09-17 06:51:08 DONE aztec/mictlantecuhtli
09-17 06:51:08 start aztec/patecatl
09-17 06:51:10 DONE aztec/opochtli
09-17 06:51:10 start aztec/quetzalcoatl
09-17 06:51:14 DONE aztec/ehecatl
09-17 06:51:14 start aztec/tecciztecatl
09-17 06:51:19 DONE aztec/ometeotl
09-17 06:51:19 start aztec/tepeyollotl
09-17 06:51:21 DONE aztec/mayahuel
09-17 06:51:21 start aztec/tezcatlipoca
09-17 06:51:29 DONE aztec/huitzilopochtli
09-17 06:51:29 start aztec/tlahuizcalpantecuhtli
09-17 06:51:40 DONE aztec/patecatl
09-17 06:51:40 start aztec/tlaloc
09-17 06:51:43 DONE aztec/tecciztecatl
09-17 06:51:43 start aztec/tlaloque
09-17 06:51:47 DONE aztec/mixcoatl
09-17 06:51:47 start aztec/tlaltecuhtli
09-17 06:51:55 DONE aztec/tepeyollotl
09-17 06:51:55 start aztec/tlazolteotl
09-17 06:51:58 DONE aztec/nanahuatzin
09-17 06:51:58 start aztec/toci
09-17 06:52:02 DONE aztec/tlahuizcalpantecuhtli
09-17 06:52:02 start aztec/tonantzin
09-17 06:52:26 DONE aztec/tezcatlipoca
09-17 06:52:26 start aztec/tonatiuh
09-17 06:52:28 DONE aztec/tlaloc
09-17 06:52:28 start aztec/tzitzimime
09-17 06:52:30 DONE aztec/tlaloque
09-17 06:52:30 start aztec/xipe_totec
09-17 06:52:32 DONE aztec/quetzalcoatl
09-17 06:52:32 start aztec/xiuhcoatl
09-17 06:52:35 DONE aztec/tlazolteotl
09-17 06:52:35 start aztec/xochipilli
09-17 06:52:37 DONE aztec/tlaltecuhtli
09-17 06:52:37 start aztec/xochiquetzal
09-17 06:52:41 DONE aztec/tonantzin
09-17 06:52:41 start aztec/xolotl
09-17 06:52:50 DONE aztec/toci
09-17 06:52:50 start aztec/yacatecuhtli
09-17 06:53:02 DONE aztec/xipe_totec
09-17 06:53:02 start baltic/dievas
09-17 06:53:09 DONE aztec/tzitzimime
09-17 06:53:09 start baltic/laima
09-17 06:53:12 DONE aztec/xiuhcoatl
09-17 06:53:12 start baltic/perkunas
09-17 06:53:12 DONE aztec/xochipilli
09-17 06:53:12 start baltic/saule
09-17 06:53:18 DONE aztec/tonatiuh
09-17 06:53:18 start baltic/velnias
09-17 06:53:27 DONE aztec/xolotl
09-17 06:53:27 start baltic/zemyna
09-17 06:53:31 DONE aztec/xochiquetzal
09-17 06:53:31 start canaanite/adonis
09-17 06:53:33 DONE aztec/yacatecuhtli
09-17 06:53:33 start canaanite/anat
09-17 06:53:51 DONE baltic/perkunas
09-17 06:53:51 start canaanite/asherah
09-17 06:53:56 DONE baltic/laima
09-17 06:53:56 start canaanite/astarte
09-17 06:53:57 DONE baltic/dievas
09-17 06:53:57 start canaanite/attar
09-17 06:54:01 DONE baltic/velnias
09-17 06:54:01 start canaanite/baal
09-17 06:54:04 DONE baltic/zemyna
09-17 06:54:04 start canaanite/baal_hadad
09-17 06:54:09 DONE baltic/saule
09-17 06:54:09 start canaanite/baal_hammon
09-17 06:54:34 DONE canaanite/attar
09-17 06:54:34 start canaanite/baalat_gebal
09-17 06:54:49 DONE canaanite/anat
09-17 06:54:49 start canaanite/chemosh
09-17 06:55:01 DONE canaanite/adonis
09-17 06:55:01 start canaanite/dagon
09-17 06:55:02 DONE canaanite/astarte
09-17 06:55:02 start canaanite/el
09-17 06:55:02 DONE canaanite/baal_hammon
09-17 06:55:02 start canaanite/eshmun
09-17 06:55:07 DONE canaanite/asherah
09-17 06:55:07 start canaanite/horon
09-17 06:55:24 DONE canaanite/baalat_gebal
09-17 06:55:24 start canaanite/kothar_wa_khasis
09-17 06:55:27 DONE canaanite/baal_hadad
09-17 06:55:27 start canaanite/kotharat
09-17 06:55:39 DONE canaanite/chemosh
09-17 06:55:39 start canaanite/lotan
09-17 06:55:45 DONE canaanite/baal
09-17 06:55:45 start canaanite/melqart
09-17 06:55:48 DONE canaanite/dagon
09-17 06:55:48 start canaanite/milcom
09-17 06:55:52 DONE canaanite/eshmun
09-17 06:55:52 start canaanite/moloch
09-17 06:56:02 DONE canaanite/kotharat
09-17 06:56:02 start canaanite/mot
09-17 06:56:14 DONE canaanite/lotan
09-17 06:56:14 start canaanite/nikkal
09-17 06:56:15 DONE canaanite/horon
09-17 06:56:15 start canaanite/qadesh
09-17 06:56:17 DONE canaanite/milcom
09-17 06:56:17 start canaanite/rephaim
09-17 06:56:24 DONE canaanite/kothar_wa_khasis
09-17 06:56:24 start canaanite/resheph
09-17 06:56:32 DONE canaanite/melqart
09-17 06:56:32 start canaanite/shahar_and_shalim
09-17 06:56:39 DONE canaanite/moloch
09-17 06:56:39 start canaanite/shapash
09-17 06:56:44 DONE canaanite/qadesh
09-17 06:56:44 start canaanite/tanit
09-17 06:56:48 DONE canaanite/mot
09-17 06:56:48 start canaanite/yam
09-17 06:57:05 DONE canaanite/el
09-17 06:57:05 start canaanite/yarikh
09-17 06:57:10 DONE canaanite/rephaim
09-17 06:57:10 start celtic/aengus
09-17 06:57:16 DONE canaanite/resheph
09-17 06:57:16 start celtic/aine
09-17 06:57:20 DONE canaanite/nikkal
09-17 06:57:20 start celtic/arawn
09-17 06:57:26 DONE canaanite/shahar_and_shalim
09-17 06:57:26 start celtic/arianrhod
09-17 06:57:27 DONE canaanite/tanit
09-17 06:57:27 start celtic/balor
09-17 06:57:48 DONE canaanite/yarikh
09-17 06:57:48 start celtic/belenus
09-17 06:57:51 DONE canaanite/yam
09-17 06:57:51 start celtic/blodeuwedd
09-17 06:57:54 DONE celtic/arawn
09-17 06:57:54 start celtic/boann
09-17 06:57:59 DONE celtic/aine
09-17 06:57:59 start celtic/bran_the_blessed
09-17 06:58:06 DONE canaanite/shapash
09-17 06:58:06 start celtic/branwen
09-17 06:58:11 DONE celtic/belenus
09-17 06:58:11 start celtic/bres
09-17 06:58:14 DONE celtic/balor
09-17 06:58:14 start celtic/brigid
09-17 06:58:26 DONE celtic/arianrhod
09-17 06:58:26 start celtic/cailleach
09-17 06:58:29 DONE celtic/aengus
09-17 06:58:29 start celtic/ceridwen
09-17 06:58:30 DONE celtic/blodeuwedd
09-17 06:58:30 start celtic/cernunnos
09-17 06:58:40 DONE celtic/boann
09-17 06:58:40 start celtic/dagda
09-17 06:58:53 DONE celtic/cailleach
09-17 06:58:53 start celtic/danu
09-17 06:58:56 DONE celtic/brigid
09-17 06:58:56 start celtic/dian_cecht
09-17 06:59:02 DONE celtic/cernunnos
09-17 06:59:02 start celtic/don_and_beli_mawr
09-17 06:59:03 DONE celtic/bran_the_blessed
09-17 06:59:03 start celtic/donn
09-17 06:59:06 DONE celtic/branwen
09-17 06:59:06 start celtic/epona
09-17 06:59:08 DONE celtic/ceridwen
09-17 06:59:08 start celtic/eriu
09-17 06:59:18 DONE celtic/bres
09-17 06:59:18 start celtic/esus
09-17 06:59:24 DONE celtic/danu
09-17 06:59:24 start celtic/fomorians
09-17 06:59:44 DONE celtic/eriu
09-17 06:59:44 start celtic/goibniu
09-17 06:59:50 DONE celtic/don_and_beli_mawr
09-17 06:59:50 start celtic/gwydion
09-17 06:59:52 DONE celtic/esus
09-17 06:59:52 start celtic/gwyn_ap_nudd
09-17 06:59:59 DONE celtic/epona
09-17 06:59:59 start celtic/lir
09-17 07:00:07 DONE celtic/dian_cecht
09-17 07:00:07 start celtic/lleu
09-17 07:00:16 DONE celtic/donn
09-17 07:00:16 start celtic/lugh
09-17 07:00:19 DONE celtic/dagda
09-17 07:00:19 start celtic/lugus
09-17 07:00:45 DONE celtic/fomorians
09-17 07:00:45 start celtic/manannan
09-17 07:00:49 DONE celtic/gwyn_ap_nudd
09-17 07:00:49 start celtic/manawydan
09-17 07:00:58 DONE celtic/goibniu
09-17 07:00:58 start celtic/math
09-17 07:01:05 DONE celtic/lleu
09-17 07:01:05 start celtic/morrigan
09-17 07:01:14 DONE celtic/gwydion
09-17 07:01:14 start celtic/nodens
09-17 07:01:17 DONE celtic/lir
09-17 07:01:17 start celtic/nuada
09-17 07:02:01 DONE celtic/lugus
09-17 07:02:01 start celtic/ogma
09-17 07:02:07 DONE celtic/nodens
09-17 07:02:07 start celtic/rhiannon
09-17 07:02:07 DONE celtic/manawydan
09-17 07:02:07 start celtic/sidhe
09-17 07:02:14 DONE celtic/lugh
09-17 07:02:14 start celtic/sucellus
09-17 07:02:15 DONE celtic/math
09-17 07:02:15 start celtic/sulis
09-17 07:02:22 DONE celtic/manannan
09-17 07:02:22 start celtic/taranis
09-17 07:02:28 DONE celtic/sulis
09-17 07:02:28 start celtic/teutates
09-17 07:02:32 DONE celtic/morrigan
09-17 07:02:32 start celtic/tuatha_de_danann
09-17 07:02:34 DONE celtic/nuada
09-17 07:02:34 start egyptian/aker
09-17 07:02:42 DONE celtic/taranis
09-17 07:02:42 start egyptian/amaunet
09-17 07:02:48 DONE celtic/sucellus
09-17 07:02:48 start egyptian/ammit
09-17 07:02:50 DONE celtic/rhiannon
09-17 07:02:50 start egyptian/amun
09-17 07:02:56 DONE celtic/teutates
09-17 07:02:56 start egyptian/anhur
09-17 07:03:08 DONE celtic/ogma
09-17 07:03:08 start egyptian/anubis
09-17 07:03:12 DONE egyptian/aker
09-17 07:03:12 start egyptian/anuket
09-17 07:03:13 DONE celtic/sidhe
09-17 07:03:13 start egyptian/apep
09-17 07:03:27 DONE celtic/tuatha_de_danann
09-17 07:03:27 start egyptian/apis
09-17 07:03:32 DONE egyptian/ammit
09-17 07:03:32 start egyptian/ash
09-17 07:03:38 DONE egyptian/anhur
09-17 07:03:38 start egyptian/aten
09-17 07:03:59 DONE egyptian/amaunet
09-17 07:03:59 start egyptian/atum
09-17 07:04:03 DONE egyptian/ash
09-17 07:04:03 start egyptian/babi
09-17 07:04:05 DONE egyptian/apep
09-17 07:04:05 start egyptian/bastet
09-17 07:04:13 DONE egyptian/anuket
09-17 07:04:13 start egyptian/bat
09-17 07:04:13 DONE egyptian/amun
09-17 07:04:13 start egyptian/bennu
09-17 07:04:22 DONE egyptian/aten
09-17 07:04:22 start egyptian/bes
09-17 07:04:26 DONE egyptian/apis
09-17 07:04:26 start egyptian/ennead
09-17 07:04:39 DONE egyptian/anubis
09-17 07:04:39 start egyptian/forty_two_assessors
09-17 07:04:46 DONE egyptian/bat
09-17 07:04:46 start egyptian/four_sons_of_horus
09-17 07:04:48 DONE egyptian/babi
09-17 07:04:48 start egyptian/geb
09-17 07:04:53 DONE egyptian/bennu
09-17 07:04:53 start egyptian/hapi
09-17 07:04:59 DONE egyptian/bastet
09-17 07:04:59 start egyptian/harpocrates
09-17 07:05:07 DONE egyptian/bes
09-17 07:05:07 start egyptian/hathor
09-17 07:05:15 DONE egyptian/ennead
09-17 07:05:15 start egyptian/heka
09-17 07:05:25 DONE egyptian/forty_two_assessors
09-17 07:05:25 start egyptian/heqet
09-17 07:05:36 DONE egyptian/atum
09-17 07:05:36 start egyptian/hermanubis
09-17 07:05:49 DONE egyptian/hapi
09-17 07:05:49 start egyptian/horus
09-17 07:05:49 DONE egyptian/geb
09-17 07:05:49 start egyptian/horus_the_elder
09-17 07:05:52 DONE egyptian/four_sons_of_horus
09-17 07:05:52 start egyptian/hu_and_sia
09-17 07:06:11 DONE egyptian/heka
09-17 07:06:11 start egyptian/huh_and_hauhet
09-17 07:06:16 DONE egyptian/heqet
09-17 07:06:16 start egyptian/ihy
09-17 07:06:23 DONE egyptian/hermanubis
09-17 07:06:23 start egyptian/imhotep
09-17 07:06:28 DONE egyptian/hathor
09-17 07:06:28 start egyptian/isis
09-17 07:06:45 DONE egyptian/hu_and_sia
09-17 07:06:45 start egyptian/iusaaset
09-17 07:06:51 DONE egyptian/harpocrates
09-17 07:06:51 start egyptian/kek_and_kauket
09-17 07:06:51 DONE egyptian/horus_the_elder
09-17 07:06:51 start egyptian/khepri
09-17 07:07:09 DONE egyptian/imhotep
09-17 07:07:09 start egyptian/khnum
09-17 07:07:11 DONE egyptian/huh_and_hauhet
09-17 07:07:11 start egyptian/khonsu
09-17 07:07:22 DONE egyptian/horus
09-17 07:07:22 start egyptian/maat
09-17 07:07:24 DONE egyptian/ihy
09-17 07:07:24 start egyptian/mafdet
09-17 07:07:43 DONE egyptian/iusaaset
09-17 07:07:43 start egyptian/mehit
09-17 07:08:00 DONE egyptian/khepri
09-17 07:08:00 start egyptian/meretseger
09-17 07:08:07 DONE egyptian/khnum
09-17 07:08:07 start egyptian/min
09-17 07:08:14 DONE egyptian/kek_and_kauket
09-17 07:08:14 start egyptian/mnevis
09-17 07:08:20 DONE egyptian/maat
09-17 07:08:20 start egyptian/montu
09-17 07:08:24 DONE egyptian/khonsu
09-17 07:08:24 start egyptian/mut
09-17 07:08:29 DONE egyptian/isis
09-17 07:08:29 start egyptian/nefertum
09-17 07:08:39 DONE egyptian/mafdet
09-17 07:08:39 start egyptian/neith
09-17 07:08:44 DONE egyptian/mehit
09-17 07:08:44 start egyptian/nekhbet
09-17 07:08:50 DONE egyptian/meretseger
09-17 07:08:50 start egyptian/nephthys
09-17 07:09:01 DONE egyptian/montu
09-17 07:09:01 start egyptian/nun_and_naunet
09-17 07:09:11 DONE egyptian/min
09-17 07:09:11 start egyptian/nut
09-17 07:09:11 DONE egyptian/nefertum
09-17 07:09:11 start egyptian/ogdoad
09-17 07:09:13 DONE egyptian/mnevis
09-17 07:09:13 start egyptian/osiris
09-17 07:09:24 DONE egyptian/mut
09-17 07:09:24 start egyptian/ptah
09-17 07:09:31 DONE egyptian/nekhbet
09-17 07:09:31 start egyptian/ra
09-17 07:09:55 DONE egyptian/neith
09-17 07:09:55 start egyptian/renenutet
09-17 07:10:01 DONE egyptian/nephthys
09-17 07:10:01 start egyptian/satis
09-17 07:10:11 DONE egyptian/nun_and_naunet
09-17 07:10:11 start egyptian/sekhmet
09-17 07:10:17 DONE egyptian/ogdoad
09-17 07:10:17 start egyptian/serapis
09-17 07:10:22 DONE egyptian/ptah
09-17 07:10:22 start egyptian/serket
09-17 07:10:25 DONE egyptian/nut
09-17 07:10:25 start egyptian/seshat
09-17 07:10:29 DONE egyptian/osiris
09-17 07:10:29 start egyptian/set
09-17 07:10:44 DONE egyptian/renenutet
09-17 07:10:44 start egyptian/shai
09-17 07:10:48 DONE egyptian/satis
09-17 07:10:48 start egyptian/shu
09-17 07:10:58 DONE egyptian/sekhmet
09-17 07:10:58 start egyptian/sobek
09-17 07:11:05 DONE egyptian/serapis
09-17 07:11:05 start egyptian/sokar
09-17 07:11:05 DONE egyptian/serket
09-17 07:11:05 start egyptian/sopdet
09-17 07:11:05 DONE egyptian/seshat
09-17 07:11:05 start egyptian/sopdu
09-17 07:11:28 DONE egyptian/ra
09-17 07:11:28 start egyptian/tatenen
09-17 07:11:39 DONE egyptian/sobek
09-17 07:11:39 start egyptian/taweret
09-17 07:11:48 DONE egyptian/sokar
09-17 07:11:48 start egyptian/tefnut
09-17 07:11:55 DONE egyptian/sopdu
09-17 07:11:55 start egyptian/thoth
09-17 07:11:56 DONE egyptian/shai
09-17 07:11:56 start egyptian/wadjet
09-17 07:12:00 DONE egyptian/shu
09-17 07:12:00 start egyptian/wepwawet
09-17 07:12:01 DONE egyptian/set
09-17 07:12:01 start egyptian/werethekau
09-17 07:12:07 DONE egyptian/sopdet
09-17 07:12:07 start etruscan/aita
09-17 07:12:33 DONE egyptian/tatenen
09-17 07:12:33 start etruscan/charun
09-17 07:12:53 DONE egyptian/wadjet
09-17 07:12:53 start etruscan/fufluns
09-17 07:12:57 DONE egyptian/tefnut
09-17 07:12:57 start etruscan/menrva
09-17 07:13:02 DONE egyptian/werethekau
09-17 07:13:02 start etruscan/sethlans
09-17 07:13:04 DONE egyptian/thoth
09-17 07:13:04 start etruscan/tages
09-17 07:13:08 DONE etruscan/aita
09-17 07:13:08 start etruscan/tinia
09-17 07:13:10 DONE etruscan/charun
09-17 07:13:10 start etruscan/turan
09-17 07:13:18 DONE egyptian/taweret
09-17 07:13:18 start etruscan/turms
09-17 07:13:22 DONE egyptian/wepwawet
09-17 07:13:22 start etruscan/uni
09-17 07:13:29 DONE etruscan/sethlans
09-17 07:13:29 start etruscan/vanth
09-17 07:13:34 DONE etruscan/tages
09-17 07:13:34 start etruscan/voltumna
09-17 07:14:09 DONE etruscan/vanth
09-17 07:14:09 start finnic/ahti
09-17 07:14:11 DONE etruscan/voltumna
09-17 07:14:11 start finnic/hiisi
09-17 07:14:16 DONE etruscan/turan
09-17 07:14:16 start finnic/louhi
09-17 07:14:18 DONE etruscan/turms
09-17 07:14:18 start finnic/mielikki
09-17 07:14:21 DONE etruscan/fufluns
09-17 07:14:21 start finnic/tapio
09-17 07:14:24 DONE etruscan/menrva
09-17 07:14:24 start finnic/ukko
09-17 07:14:28 DONE etruscan/tinia
09-17 07:14:28 start folklore/cthulhu
09-17 07:14:34 DONE finnic/ahti
09-17 07:14:34 start folklore/grendel
09-17 07:14:37 DONE finnic/hiisi
09-17 07:14:37 start folklore/rumpelstiltskin
09-17 07:14:37 DONE etruscan/uni
09-17 07:14:37 start folklore/san_guinefort
09-17 07:14:44 DONE folklore/rumpelstiltskin
09-17 07:14:44 start folklore/tinker_bell
09-17 07:14:46 DONE folklore/san_guinefort
09-17 07:14:46 start gnostic/achamoth
09-17 07:15:02 DONE finnic/ukko
09-17 07:15:02 start gnostic/adamas
09-17 07:15:08 DONE finnic/tapio
09-17 07:15:08 start gnostic/aletheia_aeon
09-17 07:15:21 DONE folklore/cthulhu
09-17 07:15:21 start gnostic/anthropos_aeon
09-17 07:15:27 DONE finnic/mielikki
09-17 07:15:27 start gnostic/autogenes
09-17 07:15:33 DONE finnic/louhi
09-17 07:15:33 start gnostic/bythos
09-17 07:15:35 DONE folklore/grendel
09-17 07:15:35 start gnostic/christ_aeon
09-17 07:15:45 DONE gnostic/achamoth
09-17 07:15:45 start gnostic/ekklesia_aeon
09-17 07:15:45 DONE folklore/tinker_bell
09-17 07:15:45 start gnostic/epinoia
09-17 07:15:47 DONE gnostic/aletheia_aeon
09-17 07:15:47 start gnostic/four_luminaries
09-17 07:15:57 DONE gnostic/adamas
09-17 07:15:57 start gnostic/hibil_ziwa
09-17 07:16:18 DONE gnostic/epinoia
09-17 07:16:18 start gnostic/horos_stauros
09-17 07:16:29 DONE gnostic/christ_aeon
09-17 07:16:29 start gnostic/invisible_spirit
09-17 07:16:35 DONE gnostic/bythos
09-17 07:16:35 start gnostic/jesus_soter
09-17 07:16:39 DONE gnostic/ekklesia_aeon
09-17 07:16:39 start gnostic/king_of_darkness_manichaean
09-17 07:16:42 DONE gnostic/autogenes
09-17 07:16:42 start gnostic/living_spirit_manichaean
09-17 07:16:45 DONE gnostic/anthropos_aeon
09-17 07:16:45 start gnostic/logos_aeon
09-17 07:16:59 DONE gnostic/horos_stauros
09-17 07:16:59 start gnostic/nebro
09-17 07:17:10 DONE gnostic/four_luminaries
09-17 07:17:10 start gnostic/norea
09-17 07:17:31 DONE gnostic/hibil_ziwa
09-17 07:17:31 start gnostic/nous_monogenes
09-17 07:17:32 DONE gnostic/king_of_darkness_manichaean
09-17 07:17:32 start gnostic/ogdoad_gnostic
09-17 07:17:36 DONE gnostic/invisible_spirit
09-17 07:17:36 start gnostic/pleroma_thirty_aeons
09-17 07:17:50 DONE gnostic/jesus_soter
09-17 07:17:50 start gnostic/poimandres
09-17 07:17:52 DONE gnostic/living_spirit_manichaean
09-17 07:17:52 start gnostic/primal_man_manichaean
09-17 07:18:05 DONE gnostic/logos_aeon
09-17 07:18:05 start gnostic/ptahil
09-17 07:18:12 DONE gnostic/nous_monogenes
09-17 07:18:12 start gnostic/ruha_mandaean
09-17 07:18:16 DONE gnostic/nebro
09-17 07:18:16 start gnostic/sabaoth
09-17 07:18:20 DONE gnostic/pleroma_thirty_aeons
09-17 07:18:20 start gnostic/saklas
09-17 07:18:23 DONE gnostic/ogdoad_gnostic
09-17 07:18:23 start gnostic/seth_heavenly
09-17 07:18:24 DONE gnostic/norea
09-17 07:18:24 start gnostic/sige_ennoia
09-17 07:18:40 DONE gnostic/poimandres
09-17 07:18:40 start gnostic/third_messenger_manichaean
09-17 07:18:57 DONE gnostic/primal_man_manichaean
09-17 07:18:57 start gnostic/zoe_aeon
09-17 07:19:17 DONE gnostic/ptahil
09-17 07:19:17 start greek/aeolus
09-17 07:19:23 DONE gnostic/sige_ennoia
09-17 07:19:23 start greek/aether
09-17 07:19:33 DONE gnostic/sabaoth
09-17 07:19:33 start greek/amphitrite
09-17 07:19:34 DONE gnostic/saklas
09-17 07:19:34 start greek/ananke
09-17 07:19:40 DONE gnostic/third_messenger_manichaean
09-17 07:19:40 start greek/anemoi
09-17 07:19:46 DONE gnostic/ruha_mandaean
09-17 07:19:46 start greek/aphrodite
09-17 07:20:02 DONE gnostic/zoe_aeon
09-17 07:20:02 start greek/apollo
09-17 07:20:17 DONE gnostic/seth_heavenly
09-17 07:20:17 start greek/ares
09-17 07:20:20 DONE greek/ananke
09-17 07:20:20 start greek/argus_panoptes
09-17 07:20:44 DONE greek/aether
09-17 07:20:44 start greek/ariadne
09-17 07:21:01 DONE greek/amphitrite
09-17 07:21:01 start greek/artemis
09-17 07:21:03 DONE greek/anemoi
09-17 07:21:03 start greek/asclepius
09-17 07:21:09 DONE greek/aeolus
09-17 07:21:09 start greek/asteria
09-17 07:21:17 DONE greek/argus_panoptes
09-17 07:21:17 start greek/astraeus
09-17 07:22:27 DONE greek/ariadne
09-17 07:22:27 start greek/ate
09-17 07:22:28 DONE greek/astraeus
09-17 07:22:28 start greek/athena
09-17 07:22:30 DONE greek/asteria
09-17 07:22:30 start greek/atlas
09-17 07:22:30 DONE greek/aphrodite
09-17 07:22:30 start greek/atropos
09-17 07:22:35 DONE greek/asclepius
09-17 07:22:35 start greek/boreas
09-17 07:22:50 DONE greek/apollo
09-17 07:22:50 start greek/calydonian_boar
09-17 07:22:51 DONE greek/ares
09-17 07:22:51 start greek/calypso
09-17 07:22:57 DONE greek/artemis
09-17 07:22:57 start greek/cerberus_hound
09-17 07:23:13 DONE greek/ate
09-17 07:23:13 start greek/chaos
09-17 07:23:19 DONE greek/calydonian_boar
09-17 07:23:19 start greek/charites
09-17 07:23:43 DONE greek/cerberus_hound
09-17 07:23:43 start greek/charon
09-17 07:23:48 DONE greek/atlas
09-17 07:23:48 start greek/chimera
09-17 07:23:58 DONE greek/chaos
09-17 07:23:58 start greek/chiron
09-17 07:24:00 DONE greek/boreas
09-17 07:24:00 start greek/chronos_primordial
09-17 07:24:02 DONE greek/atropos
09-17 07:24:02 start greek/circe
09-17 07:24:21 DONE greek/calypso
09-17 07:24:21 start greek/clotho
09-17 07:24:27 DONE greek/charon
09-17 07:24:27 start greek/coeus
09-17 07:24:35 DONE greek/athena
09-17 07:24:35 start greek/crius
09-17 07:24:54 DONE greek/chimera
09-17 07:24:54 start greek/cronos
09-17 07:24:54 DONE greek/chronos_primordial
09-17 07:24:54 start greek/cyclopes
09-17 07:25:02 DONE greek/charites
09-17 07:25:02 start greek/danae
09-17 07:25:34 DONE greek/clotho
09-17 07:25:34 start greek/demeter
09-17 07:25:45 DONE greek/crius
09-17 07:25:45 start greek/dionysus
09-17 07:25:49 DONE greek/chiron
09-17 07:25:49 start greek/dioscuri
09-17 07:25:52 DONE greek/circe
09-17 07:25:52 start greek/echidna
09-17 07:25:56 DONE greek/coeus
09-17 07:25:56 start greek/eileithyia
09-17 07:26:04 DONE greek/danae
09-17 07:26:04 start greek/enyo
09-17 07:26:33 DONE greek/cyclopes
09-17 07:26:33 start greek/eos
09-17 07:27:03 DONE greek/cronos
09-17 07:27:03 start greek/epimetheus
09-17 07:27:08 DONE greek/echidna
09-17 07:27:08 start greek/erebus
09-17 07:27:10 DONE greek/dioscuri
09-17 07:27:10 start greek/erinyes
09-17 07:27:21 DONE greek/enyo
09-17 07:27:21 start greek/eris
09-17 07:27:23 DONE greek/demeter
09-17 07:27:23 start greek/eros
09-17 07:27:37 DONE greek/eileithyia
09-17 07:27:37 start greek/eros_primordial
09-17 07:27:40 DONE greek/dionysus
09-17 07:27:40 start greek/erymanthian_boar
09-17 07:28:02 DONE greek/erymanthian_boar
09-17 07:28:02 start greek/europa
09-17 07:28:08 DONE greek/epimetheus
09-17 07:28:08 start greek/gaia
09-17 07:28:22 DONE greek/eos
09-17 07:28:22 start greek/ganymede
09-17 07:28:33 DONE greek/eros_primordial
09-17 07:28:33 start greek/geryon
09-17 07:28:41 DONE greek/erinyes
09-17 07:28:41 start greek/gigantes
09-17 07:28:50 DONE greek/eris
09-17 07:28:50 start greek/glaucus_sea
09-17 07:28:58 DONE greek/erebus
09-17 07:28:58 start greek/graeae
09-17 07:29:15 DONE greek/eros
09-17 07:29:15 start greek/hades
09-17 07:29:18 DONE greek/ganymede
09-17 07:29:18 start greek/harmonia
09-17 07:29:31 DONE greek/geryon
09-17 07:29:31 start greek/harpies
09-17 07:29:38 DONE greek/europa
09-17 07:29:38 start greek/hebe
09-17 07:29:46 DONE greek/gaia
09-17 07:29:46 start greek/hecate
09-17 07:29:49 DONE greek/graeae
09-17 07:29:49 start greek/hecatoncheires
09-17 07:30:31 DONE greek/hebe
09-17 07:30:31 start greek/helios
09-17 07:30:35 DONE greek/gigantes
09-17 07:30:35 start greek/hemera
09-17 07:30:38 DONE greek/glaucus_sea
09-17 07:30:38 start greek/hephaestus
09-17 07:30:43 DONE greek/harmonia
09-17 07:30:43 start greek/hera
09-17 07:30:46 DONE greek/harpies
09-17 07:30:46 start greek/heracles_god
09-17 07:30:47 DONE greek/hecatoncheires
09-17 07:30:47 start greek/hermaphroditus
09-17 07:31:16 DONE greek/hades
09-17 07:31:16 start greek/hermes
09-17 07:31:25 DONE greek/hermaphroditus
09-17 07:31:25 start greek/hestia
09-17 07:31:29 DONE greek/hecate
09-17 07:31:29 start greek/horae
09-17 07:31:57 DONE greek/hemera
09-17 07:31:57 start greek/hyperion
09-17 07:32:29 DONE greek/hestia
09-17 07:32:29 start greek/hypnos
09-17 07:32:47 DONE greek/helios
09-17 07:32:47 start greek/iapetus
09-17 07:32:49 DONE greek/hephaestus
09-17 07:32:49 start greek/iris
09-17 07:33:05 DONE greek/hera
09-17 07:33:05 start greek/keres
09-17 07:33:05 DONE greek/horae
09-17 07:33:05 start greek/lachesis
09-17 07:33:09 DONE greek/heracles_god
09-17 07:33:09 start greek/ladon
09-17 07:33:15 DONE greek/hyperion
09-17 07:33:15 start greek/lernaean_hydra
09-17 07:33:53 DONE greek/hermes
09-17 07:33:53 start greek/leto
09-17 07:34:00 DONE greek/iapetus
09-17 07:34:00 start greek/medusa
09-17 07:34:02 DONE greek/hypnos
09-17 07:34:02 start greek/menoetius
09-17 07:34:04 DONE greek/ladon
09-17 07:34:04 start greek/metis
09-17 07:34:08 DONE greek/lernaean_hydra
09-17 07:34:08 start greek/minotaur
09-17 07:34:19 DONE greek/keres
09-17 07:34:19 start greek/mnemosyne
09-17 07:34:34 DONE greek/lachesis
09-17 07:34:34 start greek/momus
09-17 07:34:34 DONE greek/iris
09-17 07:34:34 start greek/morpheus
09-17 07:34:36 DONE greek/menoetius
09-17 07:34:36 start greek/muses
09-17 07:34:47 DONE greek/metis
09-17 07:34:47 start greek/nemean_lion
09-17 07:35:05 DONE greek/morpheus
09-17 07:35:05 start greek/nemesis
09-17 07:35:06 DONE greek/leto
09-17 07:35:06 start greek/nereids
09-17 07:35:07 DONE greek/minotaur
09-17 07:35:07 start greek/nereus
09-17 07:35:19 DONE greek/mnemosyne
09-17 07:35:19 start greek/nike
09-17 07:35:19 DONE greek/medusa
09-17 07:35:19 start greek/notus_and_eurus
09-17 07:35:41 DONE greek/nemean_lion
09-17 07:35:41 start greek/nymphs
09-17 07:35:49 DONE greek/momus
09-17 07:35:49 start greek/nyx
09-17 07:35:58 DONE greek/nereids
09-17 07:35:58 start greek/oceanus
09-17 07:36:14 DONE greek/muses
09-17 07:36:14 start greek/oneiroi
09-17 07:36:15 DONE greek/notus_and_eurus
09-17 07:36:15 start greek/orthrus
09-17 07:36:27 DONE greek/nemesis
09-17 07:36:27 start greek/pallas_titan
09-17 07:36:28 DONE greek/nike
09-17 07:36:28 start greek/pan
09-17 07:36:30 DONE greek/nereus
09-17 07:36:30 start greek/pasiphae
09-17 07:36:59 DONE greek/orthrus
09-17 07:36:59 start greek/pegasus
09-17 07:37:07 DONE greek/pallas_titan
09-17 07:37:07 start greek/persephone
09-17 07:37:13 DONE greek/oneiroi
09-17 07:37:13 start greek/perses_titan
09-17 07:37:17 DONE greek/pasiphae
09-17 07:37:17 start greek/phanes
09-17 07:37:36 DONE greek/perses_titan
09-17 07:37:36 start greek/phobos_and_deimos
09-17 07:37:38 DONE greek/oceanus
09-17 07:37:38 start greek/phoebe
09-17 07:37:50 DONE greek/nymphs
09-17 07:37:50 start greek/ploutos
09-17 07:37:55 DONE greek/nyx
09-17 07:37:55 start greek/polyphemus
09-17 07:38:03 DONE greek/pegasus
09-17 07:38:03 start greek/pontus
09-17 07:38:14 DONE greek/phanes
09-17 07:38:14 start greek/poseidon
09-17 07:38:16 DONE greek/pan
09-17 07:38:16 start greek/priapus
09-17 07:38:23 DONE greek/phobos_and_deimos
09-17 07:38:23 start greek/prometheus
09-17 07:38:32 DONE greek/persephone
09-17 07:38:32 start greek/proteus
09-17 07:38:45 DONE greek/phoebe
09-17 07:38:45 start greek/python
09-17 07:38:48 DONE greek/polyphemus
09-17 07:38:48 start greek/rhea
09-17 07:38:50 DONE greek/pontus
09-17 07:38:50 start greek/scylla_and_charybdis
09-17 07:39:03 DONE greek/ploutos
09-17 07:39:03 start greek/selene
09-17 07:39:18 DONE greek/priapus
09-17 07:39:18 start greek/sirens
09-17 07:39:35 DONE greek/python
09-17 07:39:35 start greek/sphinx
09-17 07:39:46 DONE greek/scylla_and_charybdis
09-17 07:39:46 start greek/stymphalian_birds
09-17 07:39:57 DONE greek/proteus
09-17 07:39:57 start greek/styx
09-17 07:40:10 DONE greek/prometheus
09-17 07:40:10 start greek/talos
09-17 07:40:13 DONE greek/rhea
09-17 07:40:13 start greek/tartarus
09-17 07:40:18 DONE greek/sphinx
09-17 07:40:18 start greek/tethys
09-17 07:40:34 DONE greek/sirens
09-17 07:40:34 start greek/thanatos
09-17 07:40:40 DONE greek/selene
09-17 07:40:40 start greek/theia
09-17 07:40:45 DONE greek/stymphalian_birds
09-17 07:40:45 start greek/themis
09-17 07:41:03 DONE greek/poseidon
09-17 07:41:03 start greek/thetis
09-17 07:41:19 DONE greek/talos
09-17 07:41:19 start greek/triton
09-17 07:41:30 DONE greek/tartarus
09-17 07:41:30 start greek/tyche
09-17 07:41:32 DONE greek/theia
09-17 07:41:32 start greek/typhon
09-17 07:41:43 DONE greek/styx
09-17 07:41:43 start greek/urania
09-17 07:42:05 DONE greek/thanatos
09-17 07:42:05 start greek/uranus
09-17 07:42:13 DONE greek/triton
09-17 07:42:13 start greek/zephyrus
09-17 07:42:23 DONE greek/themis
09-17 07:42:23 start greek/zeus
09-17 07:42:27 DONE greek/tethys
09-17 07:42:27 start guarani/angatupyry
09-17 07:42:35 DONE greek/thetis
09-17 07:42:35 start guarani/ao_ao
09-17 07:42:46 DONE greek/urania
09-17 07:42:46 start guarani/arasy
09-17 07:42:50 DONE guarani/angatupyry
09-17 07:42:50 start guarani/guarani_twins
09-17 07:42:52 DONE greek/tyche
09-17 07:42:52 start guarani/jakaira
09-17 07:43:11 DONE greek/typhon
09-17 07:43:11 start guarani/jasy
09-17 07:43:28 DONE guarani/jakaira
09-17 07:43:28 start guarani/jasy_jatere
09-17 07:43:32 DONE greek/zephyrus
09-17 07:43:32 start guarani/kaa_jaryi
09-17 07:43:35 DONE guarani/ao_ao
09-17 07:43:35 start guarani/karai
09-17 07:43:44 DONE guarani/guarani_twins
09-17 07:43:44 start guarani/kuaray
09-17 07:43:49 DONE guarani/arasy
09-17 07:43:49 start guarani/kurupi
09-17 07:43:57 DONE guarani/jasy
09-17 07:43:57 start guarani/luison
09-17 07:43:59 DONE guarani/kaa_jaryi
09-17 07:43:59 start guarani/mboi_tui
09-17 07:44:02 DONE guarani/karai
09-17 07:44:02 start guarani/monai
09-17 07:44:14 DONE guarani/jasy_jatere
09-17 07:44:14 start guarani/namandu
09-17 07:44:21 DONE greek/uranus
09-17 07:44:21 start guarani/nande_sy
09-17 07:44:27 DONE guarani/kurupi
09-17 07:44:27 start guarani/pai_sume
09-17 07:44:33 DONE guarani/luison
09-17 07:44:33 start guarani/pombero
09-17 07:44:47 DONE guarani/monai
09-17 07:44:47 start guarani/pora
09-17 07:44:54 DONE guarani/pombero
09-17 07:44:54 start guarani/tau_and_kerana
09-17 07:44:55 DONE guarani/kuaray
09-17 07:44:55 start guarani/teju_jagua
09-17 07:44:55 DONE guarani/pora
09-17 07:44:55 start guarani/tupa
09-17 07:44:55 DONE guarani/namandu
09-17 07:44:55 start guarani/yvy_mara_ey
09-17 07:45:04 DONE guarani/mboi_tui
09-17 07:45:04 start hindu/aditi
09-17 07:45:14 DONE guarani/pai_sume
09-17 07:45:14 start hindu/adityas
09-17 07:45:20 DONE guarani/yvy_mara_ey
09-17 07:45:20 start hindu/agni
09-17 07:45:26 DONE guarani/nande_sy
09-17 07:45:26 start hindu/airavata
09-17 07:45:36 DONE guarani/tau_and_kerana
09-17 07:45:36 start hindu/andhaka
09-17 07:45:45 DONE guarani/teju_jagua
09-17 07:45:45 start hindu/annapurna
09-17 07:45:55 DONE guarani/tupa
09-17 07:45:55 start hindu/apsaras
09-17 07:46:33 DONE hindu/airavata
09-17 07:46:33 start hindu/aryaman
09-17 07:46:33 DONE hindu/adityas
09-17 07:46:33 start hindu/ashtadikpala
09-17 07:46:40 DONE hindu/aditi
09-17 07:46:40 start hindu/ashvins
09-17 07:46:42 DONE hindu/annapurna
09-17 07:46:42 start hindu/ayyappa
09-17 07:47:04 DONE hindu/andhaka
09-17 07:47:04 start hindu/balarama
09-17 07:47:06 DONE hindu/agni
09-17 07:47:06 start hindu/bali
09-17 07:47:09 DONE hindu/ashtadikpala
09-17 07:47:09 start hindu/bhaga
09-17 07:47:12 DONE hindu/apsaras
09-17 07:47:12 start hindu/bhairava
09-17 07:47:37 DONE hindu/aryaman
09-17 07:47:37 start hindu/brahma
09-17 07:47:43 DONE hindu/ayyappa
09-17 07:47:43 start hindu/brihaspati
09-17 07:48:22 DONE hindu/bhairava
09-17 07:48:22 start hindu/buddha_avatar
09-17 07:48:28 DONE hindu/bhaga
09-17 07:48:28 start hindu/budha_graha
09-17 07:48:29 DONE hindu/ashvins
09-17 07:48:29 start hindu/chandra_soma
09-17 07:48:33 DONE greek/zeus
09-17 07:48:33 start hindu/daksha
09-17 07:48:48 DONE hindu/balarama
09-17 07:48:48 start hindu/dattatreya
09-17 07:49:00 DONE hindu/buddha_avatar
09-17 07:49:00 start hindu/dhanvantari
09-17 07:49:03 DONE hindu/bali
09-17 07:49:03 start hindu/durga
09-17 07:49:17 DONE hindu/budha_graha
09-17 07:49:17 start hindu/dyaus
09-17 07:49:22 DONE hindu/brihaspati
09-17 07:49:22 start hindu/gandharvas
09-17 07:49:48 DONE hindu/dattatreya
09-17 07:49:48 start hindu/ganesha
09-17 07:49:56 DONE hindu/dhanvantari
09-17 07:49:56 start hindu/ganga
09-17 07:50:21 DONE hindu/daksha
09-17 07:50:21 start hindu/garuda
09-17 07:50:27 DONE hindu/dyaus
09-17 07:50:27 start hindu/hanuman
09-17 07:50:34 DONE hindu/chandra_soma
09-17 07:50:34 start hindu/hayagriva
09-17 07:50:35 DONE hindu/brahma
09-17 07:50:35 start hindu/hayagriva_asura
09-17 07:51:01 DONE hindu/gandharvas
09-17 07:51:01 start hindu/hiranyakashipu
09-17 07:51:05 DONE hindu/ganga
09-17 07:51:05 start hindu/hiranyaksha
09-17 07:51:19 DONE hindu/durga
09-17 07:51:19 start hindu/indra
09-17 07:51:20 DONE hindu/hayagriva_asura
09-17 07:51:20 start hindu/jagannath
09-17 07:51:42 DONE hindu/hayagriva
09-17 07:51:42 start hindu/jatayu
09-17 07:51:46 DONE hindu/garuda
09-17 07:51:46 start hindu/kali
09-17 07:51:50 DONE hindu/ganesha
09-17 07:51:50 start hindu/kalki
09-17 07:52:04 DONE hindu/hiranyaksha
09-17 07:52:04 start hindu/kama
09-17 07:52:13 DONE hindu/hanuman
09-17 07:52:13 start hindu/kamadhenu
09-17 07:52:38 DONE hindu/jagannath
09-17 07:52:38 start hindu/kamsa
09-17 07:52:45 DONE hindu/jatayu
09-17 07:52:45 start hindu/kartikeya
09-17 07:52:54 DONE hindu/hiranyakashipu
09-17 07:52:54 start hindu/ketu
09-17 07:53:09 DONE hindu/kamadhenu
09-17 07:53:09 start hindu/krishna
09-17 07:53:21 DONE hindu/kali
09-17 07:53:21 start hindu/kubera
09-17 07:53:22 DONE hindu/kalki
09-17 07:53:22 start hindu/kurma
09-17 07:53:28 DONE hindu/kama
09-17 07:53:28 start hindu/lakshmana
09-17 07:53:38 DONE hindu/ketu
09-17 07:53:38 start hindu/lakshmi
09-17 07:53:40 DONE hindu/indra
09-17 07:53:40 start hindu/mahavidyas
09-17 07:53:43 DONE hindu/kamsa
09-17 07:53:43 start hindu/mahishasura
09-17 07:54:33 DONE hindu/kurma
09-17 07:54:33 start hindu/mangala
09-17 07:54:55 DONE hindu/krishna
09-17 07:54:55 start hindu/manu
09-17 07:54:58 DONE hindu/kartikeya
09-17 07:54:58 start hindu/maruts
09-17 07:55:00 DONE hindu/mahishasura
09-17 07:55:00 start hindu/matrikas
09-17 07:55:01 DONE hindu/lakshmana
09-17 07:55:01 start hindu/matsya
09-17 07:55:09 DONE hindu/kubera
09-17 07:55:09 start hindu/mitra
09-17 07:55:15 DONE hindu/mangala
09-17 07:55:15 start hindu/nagas
09-17 07:55:23 DONE hindu/mahavidyas
09-17 07:55:23 start hindu/nandi
09-17 07:55:28 DONE hindu/lakshmi
09-17 07:55:28 start hindu/narada
09-17 07:55:45 DONE hindu/matsya
09-17 07:55:45 start hindu/narasimha
09-17 07:56:15 DONE hindu/maruts
09-17 07:56:15 start hindu/navagraha
09-17 07:56:22 DONE hindu/matrikas
09-17 07:56:22 start hindu/parashurama
09-17 07:56:23 DONE hindu/mitra
09-17 07:56:23 start hindu/parvati
09-17 07:56:37 DONE hindu/navagraha
09-17 07:56:37 start hindu/prajapati
09-17 07:56:47 DONE hindu/nagas
09-17 07:56:47 start hindu/prithvi
09-17 07:56:53 DONE hindu/nandi
09-17 07:56:53 start hindu/pushan
09-17 07:56:54 DONE hindu/manu
09-17 07:56:54 start hindu/radha
09-17 07:56:54 DONE hindu/narada
09-17 07:56:54 start hindu/rahu
09-17 07:57:03 DONE hindu/narasimha
09-17 07:57:03 start hindu/rakshasas
09-17 07:57:55 DONE hindu/rahu
09-17 07:57:55 start hindu/raktabija
09-17 07:58:09 DONE hindu/pushan
09-17 07:58:09 start hindu/rama
09-17 07:58:14 DONE hindu/prithvi
09-17 07:58:14 start hindu/rati
09-17 07:58:18 DONE hindu/radha
09-17 07:58:18 start hindu/ratri
09-17 07:58:19 DONE hindu/parashurama
09-17 07:58:19 start hindu/ravana
09-17 07:58:24 DONE hindu/parvati
09-17 07:58:24 start hindu/rudra
09-17 07:58:40 DONE hindu/prajapati
09-17 07:58:40 start hindu/rudras
09-17 07:58:42 DONE hindu/raktabija
09-17 07:58:42 start hindu/sampati
09-17 07:58:50 DONE hindu/rakshasas
09-17 07:58:50 start hindu/saptarishi
09-17 07:59:08 DONE hindu/ratri
09-17 07:59:08 start hindu/saraswati
09-17 07:59:20 DONE hindu/rati
09-17 07:59:20 start hindu/sati
09-17 07:59:48 DONE hindu/saptarishi
09-17 07:59:48 start hindu/savitr
09-17 07:59:54 DONE hindu/sampati
09-17 07:59:54 start hindu/shani
09-17 07:59:57 DONE hindu/rudras
09-17 07:59:57 start hindu/shesha_ananta
09-17 08:00:08 DONE hindu/rama
09-17 08:00:08 start hindu/shiva
09-17 08:00:36 DONE hindu/ravana
09-17 08:00:36 start hindu/shukra
09-17 08:00:51 DONE hindu/rudra
09-17 08:00:51 start hindu/shumbha_and_nishumbha
09-17 08:00:53 DONE hindu/shani
09-17 08:00:53 start hindu/sita
09-17 08:00:57 DONE hindu/savitr
09-17 08:00:57 start hindu/surya
09-17 08:01:02 DONE hindu/sati
09-17 08:01:02 start hindu/tarakasura
09-17 08:01:18 DONE hindu/saraswati
09-17 08:01:18 start hindu/tulsi
09-17 08:01:46 DONE hindu/shesha_ananta
09-17 08:01:46 start hindu/tvashtar
09-17 08:02:11 DONE hindu/shumbha_and_nishumbha
09-17 08:02:11 start hindu/uchchaihshravas
09-17 08:02:13 DONE hindu/shiva
09-17 08:02:13 start hindu/ushas
09-17 08:02:14 DONE hindu/tarakasura
09-17 08:02:14 start hindu/vamana
09-17 08:02:27 DONE hindu/shukra
09-17 08:02:27 start hindu/varaha
09-17 08:02:28 DONE hindu/sita
09-17 08:02:28 start hindu/varuna
09-17 08:02:38 DONE hindu/tulsi
09-17 08:02:38 start hindu/vasuki
09-17 08:02:51 DONE hindu/surya
09-17 08:02:51 start hindu/vasus
09-17 08:03:02 DONE hindu/tvashtar
09-17 08:03:02 start hindu/vayu
09-17 08:03:12 DONE hindu/ushas
09-17 08:03:12 start hindu/vishnu
09-17 08:03:21 DONE hindu/uchchaihshravas
09-17 08:03:21 start hindu/vishvakarman
09-17 08:03:45 DONE hindu/vamana
09-17 08:03:45 start hindu/vithoba
09-17 08:03:45 DONE hindu/varaha
09-17 08:03:45 start hindu/vritra
09-17 08:03:52 DONE hindu/varuna
09-17 08:03:52 start hindu/yakshas
09-17 08:04:09 DONE hindu/vasus
09-17 08:04:09 start hindu/yamaraja
09-17 08:04:28 DONE hindu/vasuki
09-17 08:04:28 start hindu/yami
09-17 08:04:31 DONE hindu/vayu
09-17 08:04:31 start hindu/yamuna
09-17 08:04:48 DONE hindu/vithoba
09-17 08:04:48 start iberian/aker_basque
09-17 08:04:52 DONE hindu/vishvakarman
09-17 08:04:52 start iberian/anjana
09-17 08:05:12 DONE hindu/vritra
09-17 08:05:12 start iberian/ataecina
09-17 08:05:13 DONE iberian/anjana
09-17 08:05:13 start iberian/bandua
09-17 08:05:17 DONE iberian/ataecina
09-17 08:05:17 start iberian/basajaun
09-17 08:05:22 DONE iberian/aker_basque
09-17 08:05:22 start iberian/busgosu
09-17 08:05:34 DONE iberian/bandua
09-17 08:05:34 start iberian/cuelebre
09-17 08:05:36 DONE hindu/yakshas
09-17 08:05:36 start iberian/eguzki_amandrea
09-17 08:05:36 DONE hindu/yami
09-17 08:05:36 start iberian/endovelicus
09-17 08:05:49 DONE hindu/yamuna
09-17 08:05:49 start iberian/gaueko
09-17 08:05:54 DONE iberian/basajaun
09-17 08:05:54 start iberian/herensuge
09-17 08:05:55 DONE iberian/busgosu
09-17 08:05:55 start iberian/ilargi_amandrea
09-17 08:05:59 DONE iberian/cuelebre
09-17 08:05:59 start iberian/jentilak
09-17 08:06:05 DONE iberian/gaueko
09-17 08:06:05 start iberian/lamiak
09-17 08:06:07 DONE iberian/endovelicus
09-17 08:06:07 start iberian/mari
09-17 08:06:08 DONE hindu/vishnu
09-17 08:06:08 start iberian/meigas
09-17 08:06:09 DONE hindu/yamaraja
09-17 08:06:09 start iberian/mouras
09-17 08:06:13 DONE iberian/eguzki_amandrea
09-17 08:06:13 start iberian/nuberu
09-17 08:06:13 DONE iberian/jentilak
09-17 08:06:13 start iberian/ojancanu
09-17 08:06:17 DONE iberian/nuberu
09-17 08:06:17 start iberian/olentzero
09-17 08:06:19 DONE iberian/ilargi_amandrea
09-17 08:06:19 start iberian/santa_compana
09-17 08:06:22 DONE iberian/herensuge
09-17 08:06:22 start iberian/sugaar
09-17 08:06:27 DONE iberian/mouras
09-17 08:06:27 start iberian/tartalo
09-17 08:06:29 DONE iberian/lamiak
09-17 08:06:29 start iberian/trasgu
09-17 08:06:34 DONE iberian/santa_compana
09-17 08:06:34 start iberian/xana
09-17 08:06:38 DONE iberian/olentzero
09-17 08:06:38 start japanese/amaterasu
09-17 08:06:45 DONE iberian/meigas
09-17 08:06:45 start japanese/ame_no_uzume
09-17 08:06:51 DONE iberian/sugaar
09-17 08:06:51 start japanese/benzaiten
09-17 08:06:53 DONE iberian/tartalo
09-17 08:06:53 start japanese/bishamonten
09-17 08:06:53 DONE iberian/ojancanu
09-17 08:06:53 start japanese/daikokuten
09-17 08:06:56 DONE iberian/trasgu
09-17 08:06:56 start japanese/ebisu
09-17 08:06:56 DONE iberian/xana
09-17 08:06:56 start japanese/hachiman
09-17 08:07:10 DONE iberian/mari
09-17 08:07:10 start japanese/inari
09-17 08:07:24 DONE japanese/ame_no_uzume
09-17 08:07:24 start japanese/izanagi_and_izanami
09-17 08:07:44 DONE japanese/hachiman
09-17 08:07:44 start japanese/kagutsuchi
09-17 08:08:05 DONE japanese/ebisu
09-17 08:08:05 start japanese/kami
09-17 08:08:08 DONE japanese/benzaiten
09-17 08:08:08 start japanese/kitsune
09-17 08:08:15 DONE japanese/bishamonten
09-17 08:08:15 start japanese/konohanasakuya_hime
09-17 08:08:15 DONE japanese/inari
09-17 08:08:15 start japanese/okuninushi
09-17 08:08:16 DONE japanese/amaterasu
09-17 08:08:16 start japanese/oni
09-17 08:08:17 DONE japanese/daikokuten
09-17 08:08:17 start japanese/raijin_and_fujin
09-17 08:08:43 DONE japanese/kami
09-17 08:08:43 start japanese/ryujin
09-17 08:08:51 DONE japanese/kitsune
09-17 08:08:51 start japanese/sarutahiko
09-17 08:08:52 DONE japanese/konohanasakuya_hime
09-17 08:08:52 start japanese/susanoo
09-17 08:09:02 DONE japanese/oni
09-17 08:09:02 start japanese/takemikazuchi
09-17 08:09:05 DONE japanese/kagutsuchi
09-17 08:09:05 start japanese/tengu
09-17 08:09:06 DONE japanese/izanagi_and_izanami
09-17 08:09:06 start japanese/tenjin
09-17 08:09:18 DONE japanese/raijin_and_fujin
09-17 08:09:18 start japanese/toyotama_hime
09-17 08:09:36 DONE japanese/tenjin
09-17 08:09:36 start japanese/tsukuyomi
09-17 08:09:42 DONE japanese/sarutahiko
09-17 08:09:42 start japanese/yamata_no_orochi
09-17 08:09:55 DONE japanese/ryujin
09-17 08:09:55 start lakota/hanwi
09-17 08:10:08 DONE japanese/takemikazuchi
09-17 08:10:08 start lakota/iktomi
09-17 08:10:10 DONE japanese/toyotama_hime
09-17 08:10:10 start lakota/inyan
09-17 08:10:12 DONE japanese/tsukuyomi
09-17 08:10:12 start lakota/iya
09-17 08:10:17 DONE japanese/yamata_no_orochi
09-17 08:10:17 start lakota/maka
09-17 08:10:19 DONE japanese/tengu
09-17 08:10:19 start lakota/ptesan_win
09-17 08:10:20 DONE japanese/okuninushi
09-17 08:10:20 start lakota/skan
09-17 08:10:33 DONE lakota/hanwi
09-17 08:10:33 start lakota/tate
09-17 08:10:34 DONE lakota/iktomi
09-17 08:10:34 start lakota/unktehi
09-17 08:10:41 DONE japanese/susanoo
09-17 08:10:41 start lakota/wakan_tanka
09-17 08:10:47 DONE lakota/inyan
09-17 08:10:47 start lakota/wakinyan
09-17 08:10:49 DONE lakota/ptesan_win
09-17 08:10:49 start lakota/wi
09-17 08:10:54 DONE lakota/maka
09-17 08:10:54 start mapuche/anchimallen
09-17 08:11:02 DONE lakota/skan
09-17 08:11:02 start mapuche/antu
09-17 08:11:11 DONE lakota/iya
09-17 08:11:11 start mapuche/caleuche
09-17 08:11:23 DONE lakota/unktehi
09-17 08:11:23 start mapuche/camahueto
09-17 08:11:26 DONE mapuche/anchimallen
09-17 08:11:26 start mapuche/cherufe
09-17 08:11:29 DONE mapuche/camahueto
09-17 08:11:29 start mapuche/chonchon
09-17 08:11:37 DONE mapuche/cherufe
09-17 08:11:37 start mapuche/colo_colo
09-17 08:11:37 DONE mapuche/caleuche
09-17 08:11:37 start mapuche/cuero
09-17 08:11:39 DONE lakota/wakan_tanka
09-17 08:11:39 start mapuche/elal
09-17 08:11:41 DONE lakota/wi
09-17 08:11:41 start mapuche/invunche
09-17 08:11:44 DONE lakota/wakinyan
09-17 08:11:44 start mapuche/kai_kai_and_tren_tren
09-17 08:11:47 DONE mapuche/colo_colo
09-17 08:11:47 start mapuche/kalku
09-17 08:11:51 DONE lakota/tate
09-17 08:11:51 start mapuche/kuyen
09-17 08:11:51 DONE mapuche/chonchon
09-17 08:11:51 start mapuche/machi_spirits
09-17 08:11:53 DONE mapuche/cuero
09-17 08:11:53 start mapuche/millalobo
09-17 08:11:54 DONE mapuche/invunche
09-17 08:11:54 start mapuche/ngen
09-17 08:11:58 DONE mapuche/antu
09-17 08:11:58 start mapuche/ngunechen
09-17 08:12:17 DONE mapuche/ngen
09-17 08:12:17 start mapuche/nguru_filu
09-17 08:12:21 DONE mapuche/machi_spirits
09-17 08:12:21 start mapuche/peuchen
09-17 08:12:21 DONE mapuche/kai_kai_and_tren_tren
09-17 08:12:21 start mapuche/pillan
09-17 08:12:32 DONE mapuche/kuyen
09-17 08:12:32 start mapuche/pincoya
09-17 08:12:32 DONE mapuche/kalku
09-17 08:12:32 start mapuche/selknam_spirits
09-17 08:12:34 DONE mapuche/nguru_filu
09-17 08:12:34 start mapuche/sumpall
09-17 08:12:36 DONE mapuche/millalobo
09-17 08:12:36 start mapuche/trauco
09-17 08:12:41 DONE mapuche/peuchen
09-17 08:12:41 start mapuche/wekufe
09-17 08:12:45 DONE mapuche/selknam_spirits
09-17 08:12:45 start mesopotamian/adad_ishkur
09-17 08:12:58 DONE mapuche/elal
09-17 08:12:58 start mesopotamian/adapa
09-17 08:12:58 DONE mapuche/sumpall
09-17 08:12:58 start mesopotamian/anshar_and_kishar
09-17 08:12:59 DONE mapuche/ngunechen
09-17 08:12:59 start mesopotamian/anu
09-17 08:13:02 DONE mapuche/pillan
09-17 08:13:02 start mesopotamian/anunnaki
09-17 08:13:06 DONE mapuche/trauco
09-17 08:13:06 start mesopotamian/anzu
09-17 08:13:07 DONE mapuche/wekufe
09-17 08:13:07 start mesopotamian/apkallu
09-17 08:13:08 DONE mapuche/pincoya
09-17 08:13:08 start mesopotamian/apsu
09-17 08:13:54 DONE mesopotamian/adad_ishkur
09-17 08:13:54 start mesopotamian/ashnan
09-17 08:14:06 DONE mesopotamian/apsu
09-17 08:14:06 start mesopotamian/ashur
09-17 08:14:07 DONE mesopotamian/anshar_and_kishar
09-17 08:14:07 start mesopotamian/bel
09-17 08:14:09 DONE mesopotamian/adapa
09-17 08:14:09 start mesopotamian/dumuzi_tammuz
09-17 08:14:17 DONE mesopotamian/apkallu
09-17 08:14:17 start mesopotamian/enki_ea
09-17 08:14:18 DONE mesopotamian/anzu
09-17 08:14:18 start mesopotamian/enkidu
09-17 08:14:24 DONE mesopotamian/anunnaki
09-17 08:14:24 start mesopotamian/enlil
09-17 08:14:46 DONE mesopotamian/anu
09-17 08:14:46 start mesopotamian/enmesharra
09-17 08:15:08 DONE mesopotamian/ashnan
09-17 08:15:08 start mesopotamian/ereshkigal
09-17 08:15:10 DONE mesopotamian/ashur
09-17 08:15:10 start mesopotamian/erra
09-17 08:15:22 DONE mesopotamian/dumuzi_tammuz
09-17 08:15:22 start mesopotamian/geshtinanna
09-17 08:15:27 DONE mesopotamian/enkidu
09-17 08:15:27 start mesopotamian/gilgamesh_deified
09-17 08:15:53 DONE mesopotamian/enlil
09-17 08:15:53 start mesopotamian/girra
09-17 08:15:54 DONE mesopotamian/bel
09-17 08:15:54 start mesopotamian/gula
09-17 08:16:09 DONE mesopotamian/enmesharra
09-17 08:16:09 start mesopotamian/humbaba
09-17 08:16:09 DONE mesopotamian/erra
09-17 08:16:09 start mesopotamian/igigi
09-17 08:16:34 DONE mesopotamian/geshtinanna
09-17 08:16:34 start mesopotamian/inanna_ishtar
09-17 08:16:42 DONE mesopotamian/enki_ea
09-17 08:16:42 start mesopotamian/ishara
09-17 08:16:46 DONE mesopotamian/ereshkigal
09-17 08:16:46 start mesopotamian/ishum
09-17 08:16:47 DONE mesopotamian/humbaba
09-17 08:16:47 start mesopotamian/kingu
09-17 08:16:59 DONE mesopotamian/girra
09-17 08:16:59 start mesopotamian/lahmu_and_lahamu
09-17 08:17:07 DONE mesopotamian/gilgamesh_deified
09-17 08:17:07 start mesopotamian/lamashtu
09-17 08:17:14 DONE mesopotamian/igigi
09-17 08:17:14 start mesopotamian/lamassu
09-17 08:17:20 DONE mesopotamian/gula
09-17 08:17:20 start mesopotamian/lugalbanda
09-17 08:17:42 DONE mesopotamian/kingu
09-17 08:17:42 start mesopotamian/marduk
09-17 08:17:56 DONE mesopotamian/lamassu
09-17 08:17:56 start mesopotamian/mummu
09-17 08:17:58 DONE mesopotamian/lamashtu
09-17 08:17:58 start mesopotamian/mushussu
09-17 08:17:59 DONE mesopotamian/lahmu_and_lahamu
09-17 08:17:59 start mesopotamian/nabu
09-17 08:18:07 DONE mesopotamian/ishum
09-17 08:18:07 start mesopotamian/nammu
09-17 08:18:26 DONE mesopotamian/ishara
09-17 08:18:26 start mesopotamian/namtar
09-17 08:18:32 DONE mesopotamian/mummu
09-17 08:18:32 start mesopotamian/nanna_sin
09-17 08:18:33 DONE mesopotamian/lugalbanda
09-17 08:18:33 start mesopotamian/nanshe
09-17 08:18:37 DONE mesopotamian/mushussu
09-17 08:18:37 start mesopotamian/nergal
09-17 08:18:38 DONE mesopotamian/inanna_ishtar
09-17 08:18:38 start mesopotamian/ninazu
09-17 08:18:42 DONE mesopotamian/nabu
09-17 08:18:42 start mesopotamian/ningishzida
09-17 08:19:00 DONE mesopotamian/marduk
09-17 08:19:00 start mesopotamian/ninhursag
09-17 08:19:06 DONE mesopotamian/nammu
09-17 08:19:06 start mesopotamian/ninkasi
09-17 08:19:31 DONE mesopotamian/nanna_sin
09-17 08:19:31 start mesopotamian/ninlil
09-17 08:19:31 DONE mesopotamian/nanshe
09-17 08:19:31 start mesopotamian/ninmah
09-17 08:19:40 DONE mesopotamian/ninazu
09-17 08:19:40 start mesopotamian/ninshubur
09-17 08:19:50 DONE mesopotamian/namtar
09-17 08:19:50 start mesopotamian/ninsun
09-17 08:19:54 DONE mesopotamian/nergal
09-17 08:19:54 start mesopotamian/ninurta
09-17 08:20:04 DONE mesopotamian/ningishzida
09-17 08:20:04 start mesopotamian/nisaba
09-17 08:20:09 DONE mesopotamian/ninkasi
09-17 08:20:09 start mesopotamian/nusku
09-17 08:20:40 DONE mesopotamian/ninmah
09-17 08:20:40 start mesopotamian/pazuzu
09-17 08:20:42 DONE mesopotamian/ninshubur
09-17 08:20:42 start mesopotamian/sarpanit
09-17 08:20:50 DONE mesopotamian/ninsun
09-17 08:20:50 start mesopotamian/sibitti
09-17 08:20:54 DONE mesopotamian/ninlil
09-17 08:20:54 start mesopotamian/tashmetu
09-17 08:20:55 DONE mesopotamian/ninhursag
09-17 08:20:55 start mesopotamian/tiamat
09-17 08:21:07 DONE mesopotamian/nisaba
09-17 08:21:07 start mesopotamian/utnapishtim
09-17 08:21:24 DONE mesopotamian/pazuzu
09-17 08:21:24 start mesopotamian/utu_shamash
09-17 08:21:37 DONE mesopotamian/tashmetu
09-17 08:21:37 start mesopotamian/zababa
09-17 08:21:38 DONE mesopotamian/sarpanit
09-17 08:21:38 start norse/aegir
09-17 08:21:47 DONE mesopotamian/nusku
09-17 08:21:47 start norse/alberich
09-17 08:21:56 DONE mesopotamian/ninurta
09-17 08:21:56 start norse/alvis
09-17 08:22:06 DONE mesopotamian/sibitti
09-17 08:22:06 start norse/audhumla
09-17 08:22:15 DONE norse/audhumla
09-17 08:22:15 start norse/baldr
09-17 08:22:17 DONE norse/alvis
09-17 08:22:17 start norse/bragi
09-17 08:22:23 DONE mesopotamian/utnapishtim
09-17 08:22:23 start norse/brynhild
09-17 08:22:24 DONE mesopotamian/tiamat
09-17 08:22:24 start norse/buri_bor_bestla
09-17 08:22:37 DONE mesopotamian/zababa
09-17 08:22:37 start norse/dvergatal_dwarves
09-17 08:22:51 DONE norse/bragi
09-17 08:22:51 start norse/einherjar
09-17 08:22:56 DONE norse/buri_bor_bestla
09-17 08:22:56 start norse/fafnir
09-17 08:22:57 DONE norse/alberich
09-17 08:22:57 start norse/fenrir
09-17 08:23:01 DONE mesopotamian/utu_shamash
09-17 08:23:01 start norse/forseti
09-17 08:23:02 DONE norse/dvergatal_dwarves
09-17 08:23:02 start norse/freyja
09-17 08:23:03 DONE norse/aegir
09-17 08:23:03 start norse/freyr
09-17 08:23:16 DONE norse/forseti
09-17 08:23:16 start norse/frigg
09-17 08:23:16 DONE norse/brynhild
09-17 08:23:16 start norse/gerd
09-17 08:23:36 DONE norse/baldr
09-17 08:23:36 start norse/heimdall
09-17 08:23:51 DONE norse/fafnir
09-17 08:23:51 start norse/hel
09-17 08:23:57 DONE norse/fenrir
09-17 08:23:57 start norse/hermod
09-17 08:24:17 DONE norse/einherjar
09-17 08:24:17 start norse/hodr
09-17 08:24:22 DONE norse/freyr
09-17 08:24:22 start norse/holda
09-17 08:24:23 DONE norse/frigg
09-17 08:24:23 start norse/huginn_and_muninn
09-17 08:24:27 DONE norse/gerd
09-17 08:24:27 start norse/idunn
09-17 08:24:40 DONE norse/heimdall
09-17 08:24:40 start norse/jormungandr
09-17 08:24:43 DONE norse/freyja
09-17 08:24:43 start norse/jotnar
09-17 08:24:49 DONE norse/huginn_and_muninn
09-17 08:24:49 start norse/loki
09-17 08:24:52 DONE norse/holda
09-17 08:24:52 start norse/mimir
09-17 08:24:58 DONE norse/hel
09-17 08:24:58 start norse/nerthus
09-17 08:25:02 DONE norse/hermod
09-17 08:25:02 start norse/nidhogg
09-17 08:25:12 DONE norse/hodr
09-17 08:25:12 start norse/njord
09-17 08:25:22 DONE norse/nerthus
09-17 08:25:22 start norse/odin
09-17 08:25:29 DONE norse/idunn
09-17 08:25:29 start norse/perchta
09-17 08:25:29 DONE norse/jormungandr
09-17 08:25:29 start norse/ran_and_daughters
09-17 08:25:31 DONE norse/nidhogg
09-17 08:25:31 start norse/ratatoskr
09-17 08:25:48 DONE norse/ratatoskr
09-17 08:25:48 start norse/rhinemaidens
09-17 08:25:52 DONE norse/mimir
09-17 08:25:52 start norse/sif
09-17 08:26:01 DONE norse/perchta
09-17 08:26:01 start norse/sigurd
09-17 08:26:04 DONE norse/njord
09-17 08:26:04 start norse/skadi
09-17 08:26:15 DONE norse/ran_and_daughters
09-17 08:26:15 start norse/sleipnir
09-17 08:26:21 DONE norse/sif
09-17 08:26:21 start norse/surtr
09-17 08:26:28 DONE norse/rhinemaidens
09-17 08:26:28 start norse/thor
09-17 08:26:45 DONE norse/surtr
09-17 08:26:45 start norse/tuisto_and_mannus
09-17 08:26:51 DONE norse/skadi
09-17 08:26:51 start norse/tyr
09-17 08:26:54 DONE norse/tuisto_and_mannus
09-17 08:26:54 start norse/ullr
09-17 08:27:06 DONE norse/sleipnir
09-17 08:27:06 start norse/urd_verdandi_skuld
09-17 08:27:10 DONE norse/loki
09-17 08:27:10 start norse/vali
09-17 08:27:21 DONE norse/jotnar
09-17 08:27:21 start norse/valkyries
09-17 08:27:24 DONE norse/ullr
09-17 08:27:24 start norse/vidar
09-17 08:27:33 DONE norse/urd_verdandi_skuld
09-17 08:27:33 start norse/wagner_gods
09-17 08:27:52 DONE norse/sigurd
09-17 08:27:52 start norse/wayland
09-17 08:27:58 DONE norse/vali
09-17 08:27:58 start norse/wild_hunt
09-17 08:28:00 DONE norse/tyr
09-17 08:28:00 start norse/ymir
09-17 08:28:08 DONE norse/vidar
09-17 08:28:08 start persian/aeshma
09-17 08:28:32 DONE norse/valkyries
09-17 08:28:32 start persian/ahriman
09-17 08:28:33 DONE norse/odin
09-17 08:28:33 start persian/ahura_mazda
09-17 08:28:36 DONE norse/thor
09-17 08:28:36 start persian/airyaman
09-17 08:28:41 DONE norse/ymir
09-17 08:28:41 start persian/ameretat
09-17 08:28:44 DONE norse/wild_hunt
09-17 08:28:44 start persian/amesha_spentas
09-17 08:28:51 DONE norse/wayland
09-17 08:28:51 start persian/anahita
09-17 08:29:02 DONE norse/wagner_gods
09-17 08:29:02 start persian/apam_napat
09-17 08:29:08 DONE persian/aeshma
09-17 08:29:08 start persian/asha_vahishta
09-17 08:29:18 DONE persian/airyaman
09-17 08:29:18 start persian/ashi
09-17 08:29:44 DONE persian/ameretat
09-17 08:29:44 start persian/atar
09-17 08:29:50 DONE persian/ahura_mazda
09-17 08:29:50 start persian/azhi_dahaka
09-17 08:29:54 DONE persian/apam_napat
09-17 08:29:54 start persian/daena
09-17 08:30:01 DONE persian/asha_vahishta
09-17 08:30:01 start persian/daevas
09-17 08:30:05 DONE persian/ashi
09-17 08:30:05 start persian/druj
09-17 08:30:08 DONE persian/anahita
09-17 08:30:08 start persian/fravashis
09-17 08:30:19 DONE persian/amesha_spentas
09-17 08:30:19 start persian/gayomart
09-17 08:30:34 DONE persian/ahriman
09-17 08:30:34 start persian/haoma
09-17 08:30:37 DONE persian/atar
09-17 08:30:37 start persian/haurvatat
09-17 08:31:06 DONE persian/azhi_dahaka
09-17 08:31:06 start persian/hvar
09-17 08:31:06 DONE persian/fravashis
09-17 08:31:06 start persian/khshathra_vairya
09-17 08:31:16 DONE persian/daevas
09-17 08:31:16 start persian/khvarenah
09-17 08:31:30 DONE persian/daena
09-17 08:31:30 start persian/mah
09-17 08:31:30 DONE persian/haoma
09-17 08:31:30 start persian/mithra
09-17 08:31:34 DONE persian/druj
09-17 08:31:34 start persian/nasu
09-17 08:31:39 DONE persian/haurvatat
09-17 08:31:39 start persian/rashnu
09-17 08:31:41 DONE persian/gayomart
09-17 08:31:41 start persian/saoshyant
09-17 08:31:57 DONE persian/nasu
09-17 08:31:57 start persian/simurgh
09-17 08:31:59 DONE persian/hvar
09-17 08:31:59 start persian/spenta_armaiti
09-17 08:32:03 DONE persian/khshathra_vairya
09-17 08:32:03 start persian/spenta_mainyu
09-17 08:32:11 DONE persian/mah
09-17 08:32:11 start persian/sraosha
09-17 08:32:42 DONE persian/khvarenah
09-17 08:32:42 start persian/tishtrya
09-17 08:32:50 DONE persian/saoshyant
09-17 08:32:50 start persian/vayu_vata
09-17 08:32:55 DONE persian/mithra
09-17 08:32:55 start persian/verethragna
09-17 08:32:59 DONE persian/simurgh
09-17 08:32:59 start persian/vohu_manah
09-17 08:33:08 DONE persian/rashnu
09-17 08:33:08 start persian/yima_jamshid
09-17 08:33:12 DONE persian/spenta_mainyu
09-17 08:33:12 start persian/zam
09-17 08:33:15 DONE persian/spenta_armaiti
09-17 08:33:15 start persian/zurvan
09-17 08:33:17 DONE persian/sraosha
09-17 08:33:17 start roman/aesculapius
09-17 08:33:40 DONE persian/zam
09-17 08:33:40 start roman/aurora
09-17 08:33:49 DONE persian/vayu_vata
09-17 08:33:49 start roman/bacchus_liber
09-17 08:33:51 DONE persian/tishtrya
09-17 08:33:51 start roman/bellona
09-17 08:33:57 DONE persian/verethragna
09-17 08:33:57 start roman/carmenta
09-17 08:34:02 DONE persian/zurvan
09-17 08:34:02 start roman/castor_and_pollux_in_rome
09-17 08:34:15 DONE persian/vohu_manah
09-17 08:34:15 start roman/ceres
09-17 08:34:43 DONE roman/bellona
09-17 08:34:43 start roman/cloacina
09-17 08:34:45 DONE roman/carmenta
09-17 08:34:45 start roman/concordia
09-17 08:34:45 DONE roman/aesculapius
09-17 08:34:45 start roman/consus
09-17 08:35:01 DONE roman/cloacina
09-17 08:35:01 start roman/cupid
09-17 08:35:03 DONE roman/castor_and_pollux_in_rome
09-17 08:35:03 start roman/cybele_magna_mater
09-17 08:35:09 DONE persian/yima_jamshid
09-17 08:35:09 start roman/diana
09-17 08:35:09 DONE roman/aurora
09-17 08:35:09 start roman/egeria
09-17 08:35:13 DONE roman/ceres
09-17 08:35:13 start roman/fama
09-17 08:35:23 DONE roman/consus
09-17 08:35:23 start roman/faunus
09-17 08:35:25 DONE roman/concordia
09-17 08:35:25 start roman/feronia
09-17 08:35:43 DONE roman/egeria
09-17 08:35:43 start roman/fides
09-17 08:35:46 DONE roman/bacchus_liber
09-17 08:35:46 start roman/flora
09-17 08:35:59 DONE roman/fama
09-17 08:35:59 start roman/fortuna
09-17 08:36:03 DONE roman/feronia
09-17 08:36:03 start roman/genius
09-17 08:36:17 DONE roman/faunus
09-17 08:36:17 start roman/hercules_in_rome
09-17 08:36:21 DONE roman/cupid
09-17 08:36:21 start roman/isis_in_rome
09-17 08:36:24 DONE roman/cybele_magna_mater
09-17 08:36:24 start roman/janus
09-17 08:36:24 DONE roman/flora
09-17 08:36:24 start roman/juno
09-17 08:36:34 DONE roman/fortuna
09-17 08:36:34 start roman/jupiter
09-17 08:36:41 DONE roman/fides
09-17 08:36:41 start roman/juventas
09-17 08:36:48 DONE roman/diana
09-17 08:36:48 start roman/lares
09-17 08:36:59 DONE roman/genius
09-17 08:36:59 start roman/libertas
09-17 08:37:14 DONE roman/janus
09-17 08:37:14 start roman/lucina
09-17 08:37:23 DONE roman/libertas
09-17 08:37:23 start roman/luna
09-17 08:37:24 DONE roman/juventas
09-17 08:37:24 start roman/manes
09-17 08:37:26 DONE roman/lares
09-17 08:37:26 start roman/mania
09-17 08:37:39 DONE roman/isis_in_rome
09-17 08:37:39 start roman/mars
09-17 08:37:44 DONE roman/hercules_in_rome
09-17 08:37:44 start roman/mater_matuta
09-17 08:38:01 DONE roman/mania
09-17 08:38:01 start roman/mercury
09-17 08:38:10 DONE roman/lucina
09-17 08:38:10 start roman/minerva
09-17 08:38:12 DONE roman/manes
09-17 08:38:12 start roman/mithras_roman
09-17 08:38:41 DONE roman/luna
09-17 08:38:41 start roman/neptune
09-17 08:38:44 DONE roman/jupiter
09-17 08:38:44 start roman/ops
09-17 08:38:52 DONE roman/juno
09-17 08:38:52 start roman/pax
09-17 08:38:59 DONE roman/mater_matuta
09-17 08:38:59 start roman/penates
09-17 08:39:09 DONE roman/mars
09-17 08:39:09 start roman/picus
09-17 08:39:10 DONE roman/mithras_roman
09-17 08:39:10 start roman/pietas
09-17 08:39:19 DONE roman/pietas
09-17 08:39:19 start roman/pluto_dis_pater
09-17 08:39:35 DONE roman/pax
09-17 08:39:35 start roman/pomona
09-17 08:39:42 DONE roman/minerva
09-17 08:39:42 start roman/portunus
09-17 08:39:54 DONE roman/penates
09-17 08:39:54 start roman/proserpina
09-17 08:39:58 DONE roman/ops
09-17 08:39:58 start roman/quirinus
09-17 08:39:58 DONE roman/mercury
09-17 08:39:58 start roman/robigus
09-17 08:40:07 DONE roman/pomona
09-17 08:40:07 start roman/roma_dea
09-17 08:40:09 DONE roman/picus
09-17 08:40:09 start roman/salus
09-17 08:40:17 DONE roman/robigus
09-17 08:40:17 start roman/saturn
09-17 08:40:21 DONE roman/portunus
09-17 08:40:21 start roman/silvanus
09-17 08:40:31 DONE roman/pluto_dis_pater
09-17 08:40:31 start roman/sol_invictus
09-17 08:40:32 DONE roman/neptune
09-17 08:40:32 start roman/spes
09-17 08:40:45 DONE roman/roma_dea
09-17 08:40:45 start roman/summanus
09-17 08:40:49 DONE roman/quirinus
09-17 08:40:49 start roman/terminus
09-17 08:40:51 DONE roman/salus
09-17 08:40:51 start roman/vediovis
09-17 08:41:04 DONE roman/proserpina
09-17 08:41:04 start roman/venus
09-17 08:41:07 DONE roman/spes
09-17 08:41:07 start roman/veritas
09-17 08:41:08 DONE roman/terminus
09-17 08:41:08 start roman/vertumnus
09-17 08:41:11 DONE roman/summanus
09-17 08:41:11 start roman/vesta
09-17 08:41:19 DONE roman/silvanus
09-17 08:41:19 start roman/victoria
09-17 08:41:31 DONE roman/saturn
09-17 08:41:31 start roman/vulcan
09-17 08:41:48 DONE roman/veritas
09-17 08:41:48 start slavic/baba_yaga
09-17 08:41:56 DONE roman/vediovis
09-17 08:41:56 start slavic/dazhbog
09-17 08:42:01 DONE roman/vertumnus
09-17 08:42:01 start slavic/jarilo
09-17 08:42:09 DONE roman/vesta
09-17 08:42:09 start slavic/koschei
09-17 08:42:17 DONE slavic/baba_yaga
09-17 08:42:17 start slavic/leshy
09-17 08:42:22 DONE roman/victoria
09-17 08:42:22 start slavic/mokosh
09-17 08:42:34 DONE slavic/dazhbog
09-17 08:42:34 start slavic/morana
09-17 08:42:36 DONE slavic/jarilo
09-17 08:42:36 start slavic/perun
09-17 08:42:36 DONE roman/sol_invictus
09-17 08:42:36 start slavic/rusalki
09-17 08:42:46 DONE roman/vulcan
09-17 08:42:46 start slavic/svarog
09-17 08:42:59 DONE slavic/rusalki
09-17 08:42:59 start slavic/svetovid
09-17 08:43:00 DONE slavic/mokosh
09-17 08:43:00 start slavic/veles
09-17 08:43:08 DONE slavic/svetovid
09-17 08:43:08 start vodou/agassou
09-17 08:43:09 DONE slavic/perun
09-17 08:43:09 start vodou/agwe
09-17 08:43:14 DONE slavic/leshy
09-17 08:43:14 start vodou/ayida_wedo
09-17 08:43:15 DONE slavic/morana
09-17 08:43:15 start vodou/ayizan
09-17 08:43:16 DONE roman/venus
09-17 08:43:16 start vodou/azaka
09-17 08:43:20 DONE slavic/svarog
09-17 08:43:20 start vodou/baron_samedi
09-17 08:43:34 DONE slavic/koschei
09-17 08:43:34 start vodou/bondye
09-17 08:43:42 DONE vodou/ayida_wedo
09-17 08:43:42 start vodou/bossou
09-17 08:43:48 DONE slavic/veles
09-17 08:43:48 start vodou/damballa
09-17 08:43:50 DONE vodou/ayizan
09-17 08:43:50 start vodou/dan
09-17 08:43:52 DONE vodou/agassou
09-17 08:43:52 start vodou/erzulie_dantor
09-17 08:44:00 DONE vodou/azaka
09-17 08:44:00 start vodou/erzulie_freda
09-17 08:44:11 DONE vodou/agwe
09-17 08:44:11 start vodou/gede
09-17 08:44:12 DONE vodou/bondye
09-17 08:44:12 start vodou/gran_bwa
09-17 08:44:13 DONE vodou/baron_samedi
09-17 08:44:13 start vodou/gu
09-17 08:44:15 DONE vodou/bossou
09-17 08:44:15 start vodou/hevioso
09-17 08:44:21 DONE vodou/dan
09-17 08:44:21 start vodou/kalfou
09-17 08:44:23 DONE vodou/damballa
09-17 08:44:23 start vodou/la_sirene
09-17 08:44:36 DONE vodou/erzulie_dantor
09-17 08:44:36 start vodou/loko
09-17 08:44:48 DONE vodou/erzulie_freda
09-17 08:44:48 start vodou/maman_brigitte
09-17 08:44:53 DONE vodou/gran_bwa
09-17 08:44:53 start vodou/marassa
09-17 08:44:57 DONE vodou/la_sirene
09-17 08:44:57 start vodou/mawu_lisa
09-17 08:45:09 DONE vodou/kalfou
09-17 08:45:09 start vodou/new_orleans_voodoo
09-17 08:45:14 DONE vodou/gu
09-17 08:45:14 start vodou/ogou
09-17 08:45:14 DONE vodou/loko
09-17 08:45:14 start vodou/papa_legba
09-17 08:45:16 DONE vodou/hevioso
09-17 08:45:16 start vodou/petro_lwa
09-17 08:45:30 DONE vodou/maman_brigitte
09-17 08:45:30 start vodou/sakpata
09-17 08:45:33 DONE vodou/new_orleans_voodoo
09-17 08:45:33 start vodou/simbi
09-17 08:45:33 DONE vodou/petro_lwa
09-17 08:45:33 start vodou/sobo_and_bade
09-17 08:45:34 DONE vodou/marassa
09-17 08:45:34 start vodou/ti_jean_petro
09-17 08:45:55 DONE vodou/gede
09-17 08:45:55 start yoruba/aganju
09-17 08:46:01 DONE vodou/ogou
09-17 08:46:01 start yoruba/ajogun
09-17 08:46:07 DONE vodou/simbi
09-17 08:46:07 start yoruba/babalu_aye
09-17 08:46:11 DONE vodou/sobo_and_bade
09-17 08:46:11 start yoruba/dada
09-17 08:46:13 DONE vodou/mawu_lisa
09-17 08:46:13 start yoruba/egungun
09-17 08:46:15 DONE vodou/ti_jean_petro
09-17 08:46:15 start yoruba/erinle
09-17 08:46:31 DONE vodou/sakpata
09-17 08:46:31 start yoruba/eshu_elegua
09-17 08:46:33 DONE vodou/papa_legba
09-17 08:46:33 start yoruba/ibeji
09-17 08:46:40 DONE yoruba/aganju
09-17 08:46:40 start yoruba/iroko
09-17 08:46:51 DONE yoruba/ajogun
09-17 08:46:51 start yoruba/iyami_aje
09-17 08:47:00 DONE yoruba/dada
09-17 08:47:00 start yoruba/logun_ede
09-17 08:47:02 DONE yoruba/babalu_aye
09-17 08:47:02 start yoruba/nana_buruku
09-17 08:47:06 DONE yoruba/egungun
09-17 08:47:06 start yoruba/oba
09-17 08:47:19 DONE yoruba/ibeji
09-17 08:47:19 start yoruba/obatala
09-17 08:47:23 DONE yoruba/erinle
09-17 08:47:23 start yoruba/odu_ifa
09-17 08:47:28 DONE yoruba/iroko
09-17 08:47:28 start yoruba/oduduwa
09-17 08:47:44 DONE yoruba/iyami_aje
09-17 08:47:44 start yoruba/ogun
09-17 08:47:55 DONE yoruba/eshu_elegua
09-17 08:47:55 start yoruba/oke
09-17 08:48:06 DONE yoruba/oba
09-17 08:48:06 start yoruba/olodumare
09-17 08:48:09 DONE yoruba/logun_ede
09-17 08:48:09 start yoruba/olokun
09-17 08:48:12 DONE yoruba/nana_buruku
09-17 08:48:12 start yoruba/ori
09-17 08:48:14 DONE yoruba/obatala
09-17 08:48:14 start yoruba/orisha_oko
09-17 08:48:27 DONE yoruba/odu_ifa
09-17 08:48:27 start yoruba/orunmila
09-17 08:48:28 DONE yoruba/oke
09-17 08:48:28 start yoruba/osanyin
09-17 08:48:35 DONE yoruba/oduduwa
09-17 08:48:35 start yoruba/oshosi
09-17 08:48:43 DONE yoruba/ori
09-17 08:48:43 start yoruba/oshun
09-17 08:48:56 DONE yoruba/olokun
09-17 08:48:56 start yoruba/osumare
09-17 08:49:08 DONE yoruba/olodumare
09-17 08:49:08 start yoruba/osun_staff
09-17 08:49:08 DONE yoruba/orisha_oko
09-17 08:49:08 start yoruba/oya
09-17 08:49:10 DONE yoruba/ogun
09-17 08:49:10 start yoruba/shango
09-17 08:49:29 DONE yoruba/osanyin
09-17 08:49:29 start yoruba/yemoja
09-17 08:49:47 DONE yoruba/orunmila
09-17 08:49:47 start yoruba/yewa
09-17 08:49:50 DONE yoruba/oshosi
09-17 08:49:52 DONE yoruba/osun_staff
09-17 08:49:55 DONE yoruba/osumare
09-17 08:49:59 DONE yoruba/oshun
09-17 08:50:25 DONE yoruba/shango
09-17 08:50:45 DONE yoruba/oya
09-17 08:50:56 DONE yoruba/yemoja
09-17 08:51:33 DONE yoruba/yewa
09-17 08:51:33 relations batch finished: {'done': 1000}
