09-15 04:10:41 batch numerals: 14 to run, 5 at a time
09-15 04:10:41 start 02_mesopotamian_tokens_and_cuneiform (Sumerian and Babylonian numerals (the tokens and the sexagesimal system))
09-15 04:10:41 start 01_tally_marks (Tally marks and counting bones)
09-15 04:10:41 start 04_chinese_numerals (Chinese numerals, counting rods and the abacus)
09-15 04:10:41 start 03_egyptian_numerals (Egyptian numerals (hieroglyphic and hieratic))
09-15 04:10:41 start 05_greek_numerals (Greek numerals (acrophonic and alphabetic))
09-15 04:18:32 DONE 03_egyptian_numerals: 1059 lines, committed and pushed
09-15 04:18:32 start 06_roman_numerals (Roman numerals)
09-15 04:18:59 DONE 05_greek_numerals: 1286 lines, committed and pushed
09-15 04:18:59 start 07_hebrew_numerals (Hebrew numerals and gematria)
09-15 04:19:32 DONE 01_tally_marks: 1080 lines, committed and pushed
09-15 04:19:32 start 08_maya_numerals (Maya numerals and the vigesimal Long Count)
09-15 04:20:03 DONE 04_chinese_numerals: 1324 lines, committed and pushed
09-15 04:20:03 start 09_brahmi_and_indian_numerals (Brahmi numerals and the Indian decimal place-value system)
09-15 04:20:16 DONE 02_mesopotamian_tokens_and_cuneiform: 2040 lines, committed and pushed
09-15 04:20:16 start 10_hindu_arabic_numerals (Hindu-Arabic numerals and the zero in the West)
09-15 04:29:28 DONE 08_maya_numerals: 1238 lines, committed and pushed
09-15 04:29:28 start 11_khipu_numerals (The khipu: knotted decimal numerals of the Andes)
09-15 04:30:18 DONE 09_brahmi_and_indian_numerals: 1176 lines, committed and pushed
09-15 04:30:18 start 12_counting_boards_and_abacus (Counting boards and the abacus (Salamis, Rome, China, Japan, Russia))
09-15 04:30:26 DONE 06_roman_numerals: 1112 lines, committed and pushed
09-15 04:30:26 start 13_binary_and_leibniz (Binary numerals: Leibniz, the I Ching and the machine)
09-15 04:31:31 DONE 10_hindu_arabic_numerals: 1282 lines, committed and pushed
09-15 04:31:31 start 14_cistercian_and_other_ciphered_numerals (Cistercian numerals and other ciphered systems)
09-15 04:31:44 DONE 07_hebrew_numerals: 1480 lines, committed and pushed
09-15 04:38:02 DONE 11_khipu_numerals: 1079 lines, committed and pushed
09-15 04:39:17 DONE 14_cistercian_and_other_ciphered_numerals: 1299 lines, committed and pushed
09-15 04:39:29 DONE 12_counting_boards_and_abacus: 1338 lines, committed and pushed
09-15 04:40:00 DONE 13_binary_and_leibniz: 1471 lines, committed and pushed
09-15 04:40:00 batch numerals finished: {'done': 14}
