09-15 05:09:33 batch gematria: 12 to run, 5 at a time
09-15 05:09:33 start 01_mesopotamian_and_egyptian_precursors (Mesopotamian and Egyptian precursors of gematria)
09-15 05:09:33 start 03_hebrew_standard_gematria (Hebrew gematria: the standard method (mispar hechrechi))
09-15 05:09:33 start 02_greek_isopsephy (Greek isopsephy)
09-15 05:09:33 start 05_temurah_ciphers_atbash_albam (Temurah: Atbash, Albam, Avgad and the letter-substitution ciphers)
09-15 05:09:33 start 04_hebrew_alternative_methods (The alternative Hebrew methods: mispar gadol, katan, siduri, kidmi, meruba, milui, and the rest)
09-15 05:16:35 DONE 02_greek_isopsephy: 942 lines, committed and pushed
09-15 05:16:35 start 06_arabic_abjad_and_ilm_al_huruf (The Arabic abjad and ilm al-huruf)
09-15 05:16:39 DONE 04_hebrew_alternative_methods: 794 lines, committed and pushed
09-15 05:16:39 start 07_latin_chronograms_and_agrippa (Latin letter-number systems: chronograms and Agrippa's gematria)
09-15 05:16:56 DONE 01_mesopotamian_and_egyptian_precursors: 1022 lines, committed and pushed
09-15 05:16:56 start 08_indian_katapayadi_and_bhutasamkhya (Indian letter-number systems: katapayadi, aryabhata's code and the bhutasamkhya)
09-15 05:17:29 DONE 03_hebrew_standard_gematria: 1021 lines, committed and pushed
09-15 05:17:29 start 09_english_and_pythagorean_numerology (English and 'Pythagorean' numerology: Balliett, Cheiro and the name-numbers)
09-15 05:18:03 DONE 05_temurah_ciphers_atbash_albam: 1144 lines, committed and pushed
09-15 05:18:03 start 10_occult_english_qabalahs (The occult English Qabalahs: Crowley, the Golden Dawn and the New Aeon systems)
09-15 05:25:51   push to origin failed: remote: Internal Server Error        
remote: Request ID 9B7C:207657:B1773A:D6406E:6AA90F1D        
remote: Time 2026-09-15T09:25:51Z
To github.com:ProfDoeg/symbols.git
 ! [remote rejected] main -> ma
09-15 05:25:51 DONE 07_latin_chronograms_and_agrippa: 1355 lines, committed and pushed
09-15 05:25:51 start 11_chronograms_hebrew_persian_ottoman (Chronograms across the letter-number cultures: Hebrew, Persian, Ottoman, Armenian, Cyrillic)
09-15 05:26:06   push to origin failed: remote: Internal Server Error        
remote: Request ID 9B46:3801:A9CE52:CE9B46:6AA90F29        
remote: Time 2026-09-15T09:26:06Z
To github.com:ProfDoeg/symbols.git
 ! [remote rejected] main -> main
09-15 05:26:06 DONE 06_arabic_abjad_and_ilm_al_huruf: 1643 lines, committed and pushed
09-15 05:26:06 start 12_gematria_in_kabbalah_abulafia_and_the_names (Gematria as mystical practice: Abulafia, the Names and the letter-permutation)
09-15 05:26:14 DONE 10_occult_english_qabalahs: 1007 lines, committed and pushed
09-15 05:26:23 DONE 09_english_and_pythagorean_numerology: 1501 lines, committed and pushed
09-15 05:26:29   push to origin failed: git@github.com: Permission denied (publickey).
fatal: Could not read from remote repository.

Please make sure you have the correct access rights
and the repository exists.
09-15 05:26:29 DONE 08_indian_katapayadi_and_bhutasamkhya: 1496 lines, committed and pushed
09-15 05:36:23 DONE 11_chronograms_hebrew_persian_ottoman: 1310 lines, committed and pushed
09-15 05:37:04 DONE 12_gematria_in_kabbalah_abulafia_and_the_names: 1608 lines, committed and pushed
09-15 05:37:04 batch gematria finished: {'done': 12}
