09-14 13:11:08 batch memoria: 45 to run, 5 at a time
09-14 13:11:08 start 03_quintilian_mnemonic (Quintilian's mnemonic and his simpler precepts)
09-14 13:11:08 start 04_metrodorus_zodiacal_memory (Metrodorus of Scepsis's zodiacal memory)
09-14 13:11:08 start 02_ad_herennium_artificial_memory (The Ad Herennium artificial memory)
09-14 13:11:08 start 01_simonides_dialexeis_cicero (Simonides, the Dialexeis and Cicero's version of the art)
09-14 13:11:08 start 05_philosophers_memory_aristotle_plato_augustine (The philosophers' memory: Aristotle, Plato, Augustine)
09-14 13:17:24 DONE 01_simonides_dialexeis_cicero: 2305 lines, committed and pushed
09-14 13:17:24 start 06_neopythagorean_ars_notoria (Neopythagorean memory-training and the Ars Notoria)
09-14 13:18:02 DONE 03_quintilian_mnemonic: 1063 lines, committed and pushed
09-14 13:18:02 start 07_martianus_capella_alcuin (Martianus Capella and Alcuin: the art handed on and lost)
09-14 13:18:26 DONE 05_philosophers_memory_aristotle_plato_augustine: 936 lines, committed and pushed
09-14 13:18:26 start 08_boncompagno_da_signa (Boncompagno da Signa's memory of Paradise and Hell)
09-14 13:19:28 DONE 04_metrodorus_zodiacal_memory: 2431 lines, committed and pushed
09-14 13:19:28 start 09_albertus_magnus_ars_memorandi (Albertus Magnus's ars memorandi)
09-14 13:20:37 DONE 02_ad_herennium_artificial_memory: 1614 lines, committed and pushed
09-14 13:20:37 start 10_thomas_aquinas_scholastic_transformation (Thomas Aquinas's four precepts and the scholastic transformation)
09-14 13:23:03 DONE 06_neopythagorean_ars_notoria: 1156 lines, committed and pushed
09-14 13:23:03 start 11_dominican_transmission_preachers_laymen (The Dominican transmission to preachers and laymen)
09-14 13:24:31 DONE 08_boncompagno_da_signa: 948 lines, committed and pushed
09-14 13:24:31 start 12_trecento_painting_and_dante (Trecento painting and Dante as memory imagery)
09-14 13:24:44 DONE 07_martianus_capella_alcuin: 1616 lines, committed and pushed
09-14 13:24:44 start 13_english_friars_ridevall_holcot (The English friars' invisible pictures: Ridevall and Holcot)
09-14 13:25:04 DONE 09_albertus_magnus_ars_memorandi: 2463 lines, committed and pushed
09-14 13:25:04 start 14_petrarch_rerum_memorandarum (Petrarch's Rerum memorandarum libri)
09-14 13:26:22 DONE 10_thomas_aquinas_scholastic_transformation: 1201 lines, committed and pushed
09-14 13:26:22 start 15_fifteenth_century_manuscript_treatises (The fifteenth-century manuscript treatises)
09-14 13:27:56 DONE 11_dominican_transmission_preachers_laymen: 954 lines, committed and pushed
09-14 13:27:56 start 16_publicius_and_peter_of_ravenna (The first printed treatises: Publicius and Peter of Ravenna)
09-14 13:29:53 DONE 12_trecento_painting_and_dante: 1070 lines, committed and pushed
09-14 13:29:53 start 17_romberch_congestorium (Romberch's Congestorium artificiose memorie)
09-14 13:30:05 DONE 13_english_friars_ridevall_holcot: 2117 lines, committed and pushed
09-14 13:30:05 start 18_rossellius_thesaurus (Rossellius's Thesaurus artificiosae memoriae)
09-14 13:31:58 DONE 14_petrarch_rerum_memorandarum: 3433 lines, committed and pushed
09-14 13:31:58 start 19_emblem_and_impresa_as_memory (Emblem and impresa as externalised memory images)
09-14 13:33:32 DONE 16_publicius_and_peter_of_ravenna: 1119 lines, committed and pushed
09-14 13:33:32 start 20_humanist_alternative (The humanist alternative: Erasmus, Melanchthon, Agrippa, Durer)
09-14 13:34:17 DONE 15_fifteenth_century_manuscript_treatises: 1108 lines, committed and pushed
09-14 13:34:17 start 21_camillo_memory_theatre_structure (Camillo's Memory Theatre: the structure)
09-14 13:37:00 DONE 18_rossellius_thesaurus: 3527 lines, committed and pushed
09-14 13:37:00 start 22_camillo_memory_theatre_occult_engine (Camillo's Memory Theatre: the occult engine)
09-14 13:37:28 DONE 17_romberch_congestorium: 2773 lines, committed and pushed
09-14 13:37:28 start 23_venetian_sequel_dolce_gesualdo_paolini (The Venetian sequel: Dolce, Gesualdo, Paolini)
09-14 13:38:58 DONE 20_humanist_alternative: 866 lines, committed and pushed
09-14 13:38:58 start 24_art_of_ramon_lull (The Art of Ramon Lull)
09-14 13:39:26 DONE 19_emblem_and_impresa_as_memory: 1339 lines, committed and pushed
09-14 13:39:26 start 25_lullism_as_memory_renaissance_lull (Lullism as memory and the Renaissance Lull)
09-14 13:40:55 DONE 21_camillo_memory_theatre_structure: 1379 lines, committed and pushed
09-14 13:40:55 start 26_bruno_memory_works_ars_memoriae_paris (Bruno's memory works, the Ars memoriae, and the Paris context)
09-14 13:42:01 DONE 23_venetian_sequel_dolce_gesualdo_paolini: 1019 lines, committed and pushed
09-14 13:42:01 start 27_bruno_thirty_and_shadows_of_ideas (The Thirty and the shadows of ideas)
09-14 13:44:00 DONE 22_camillo_memory_theatre_occult_engine: 1295 lines, committed and pushed
09-14 13:44:00 start 28_shadows_wheel_system_150_images (The Shadows wheel system: 150 images on concentric wheels)
09-14 13:45:53 DONE 24_art_of_ramon_lull: 1512 lines, committed and pushed
09-14 13:45:53 start 29_ramist_method (The Ramist method as an art of memory)
09-14 13:46:52 DONE 25_lullism_as_memory_renaissance_lull: 1649 lines, committed and pushed
09-14 13:46:52 start 30_agostino_del_riccio (Agostino del Riccio's Arte della memoria locale)
09-14 13:47:16 DONE 27_bruno_thirty_and_shadows_of_ideas: 1198 lines, committed and pushed
09-14 13:47:16 start 31_bruno_thirty_seals_techniques (Bruno's Thirty Seals: the techniques)
09-14 13:47:53 DONE 26_bruno_memory_works_ars_memoriae_paris: 2511 lines, committed and pushed
09-14 13:47:53 start 32_seal_of_seals_and_image_seals (The Seal of Seals and the image-Seals (Zeuxis, Phidias, Husbandman, Fountain and Mirror))
09-14 13:50:45 DONE 28_shadows_wheel_system_150_images: 1125 lines, committed and pushed
09-14 13:50:45 start 33_dicson_de_umbra_rationis (Alexander Dicson's De umbra rationis)
09-14 13:52:05 DONE 29_ramist_method: 1526 lines, committed and pushed
09-14 13:52:05 start 34_english_controversy_perkins_watson_sidney (The English controversy: Perkins, Watson, Sidney)
09-14 13:53:38 DONE 31_bruno_thirty_seals_techniques: 1176 lines, committed and pushed
09-14 13:53:38 start 35_figuratio_and_thirty_statues (The Figuratio and the Thirty Statues)
09-14 13:54:32 DONE 32_seal_of_seals_and_image_seals: 1224 lines, committed and pushed
09-14 13:54:32 start 36_bruno_images_de_imaginum_compositione (De imaginum, signorum et idearum compositione (Images))
09-14 13:55:48 DONE 30_agostino_del_riccio: 1981 lines, committed and pushed
09-14 13:55:48 start 37_campanella_city_of_the_sun (Campanella's City of the Sun as local memory)
09-14 13:57:15 DONE 33_dicson_de_umbra_rationis: 3073 lines, committed and pushed
09-14 13:57:15 start 38_schenkel_and_paepp (Schenkel and Paepp: the occult memory detected)
09-14 13:58:05 DONE 34_english_controversy_perkins_watson_sidney: 1294 lines, committed and pushed
09-14 13:58:05 start 39_bruno_italian_dialogues_as_memory (Bruno's Italian dialogues as memory: Cena, Eroici furori, Spaccio)
09-14 13:58:27 DONE 35_figuratio_and_thirty_statues: 814 lines, committed and pushed
09-14 13:58:27 start 40_fludd_theatre_memory_system (Fludd's Theatre memory system (with Willis's Mnemonica))
09-14 14:01:00 DONE 37_campanella_city_of_the_sun: 806 lines, committed and pushed
09-14 14:01:00 start 41_globe_theatre_from_fludd (The Globe Theatre reconstructed from Fludd's Theatrum Orbi)
09-14 14:01:11 DONE 36_bruno_images_de_imaginum_compositione: 1418 lines, committed and pushed
09-14 14:01:11 start 42_bacon_art_of_memory (Bacon's art of memory: prenotions and emblems)
09-14 14:02:55 DONE 39_bruno_italian_dialogues_as_memory: 1715 lines, committed and pushed
09-14 14:02:55 start 43_descartes_reform_of_memory (Descartes's reform of the art of memory)
09-14 14:03:12 DONE 38_schenkel_and_paepp: 905 lines, committed and pushed
09-14 14:03:12 start 44_seventeenth_century_methods_lullism_universal_language (Seventeenth-century methods: Lullism mathematicised and the universal language)
09-14 14:03:57 DONE 40_fludd_theatre_memory_system: 1082 lines, committed and pushed
09-14 14:03:57 start 45_leibniz_mnemonica_combinatoria_characteristica (Leibniz: Mnemonica, combinatoria, characteristica)
09-14 14:06:01 DONE 41_globe_theatre_from_fludd: 2163 lines, committed and pushed
09-14 14:06:53 DONE 42_bacon_art_of_memory: 1000 lines, committed and pushed
09-14 14:09:43 DONE 45_leibniz_mnemonica_combinatoria_characteristica: 1487 lines, committed and pushed
09-14 14:09:44 DONE 44_seventeenth_century_methods_lullism_universal_language: 1177 lines, committed and pushed
09-14 14:12:57 DONE 43_descartes_reform_of_memory: 1248 lines, committed and pushed
09-14 14:12:57 batch memoria finished: {'done': 45}
