09-14 08:17:31 batch goetia: 72 to run, 5 at a time
09-14 08:17:31 start 01_bael (Bael)
09-14 08:17:31 start 02_agares (Agares)
09-14 08:17:31 start 03_vassago (Vassago)
09-14 08:17:31 start 05_marbas (Marbas)
09-14 08:17:31 start 04_samigina (Samigina)
09-14 08:45:21 DONE 05_marbas: 1204 lines, committed and pushed
09-14 08:45:21 start 06_valefor (Valefor)
09-14 08:45:23 DONE 02_agares: 1258 lines, committed and pushed
09-14 08:45:23 start 07_amon (Amon)
09-14 08:49:27 DONE 01_bael: 1220 lines, committed and pushed
09-14 08:49:27 start 08_barbatos (Barbatos)
09-14 08:50:01 DONE 04_samigina: 858 lines, committed and pushed
09-14 08:50:01 start 09_paimon (Paimon)
09-14 08:57:55 DONE 03_vassago: 1344 lines, committed and pushed
09-14 08:57:55 start 10_buer (Buer)
09-14 09:03:53 DONE 06_valefor: 1081 lines, committed and pushed
09-14 09:03:53 start 11_gusion (Gusion)
09-14 09:12:44 DONE 07_amon: 1218 lines, committed and pushed
09-14 09:12:44 start 12_sitri (Sitri)
09-14 09:12:48 DONE 09_paimon: 1221 lines, committed and pushed
09-14 09:12:48 start 13_beleth (Beleth)
09-14 09:14:25 DONE 08_barbatos: 1244 lines, committed and pushed
09-14 09:14:25 start 14_leraje (Leraje)
09-14 09:18:01 DONE 10_buer: 1137 lines, committed and pushed
09-14 09:18:01 start 15_eligos (Eligos)
09-14 09:20:38 DONE 11_gusion: 1286 lines, committed and pushed
09-14 09:20:38 start 16_zepar (Zepar)
09-14 09:32:11 DONE 15_eligos: 1013 lines, committed and pushed
09-14 09:32:11 start 17_botis (Botis)
09-14 09:32:52 DONE 12_sitri: 1187 lines, committed and pushed
09-14 09:32:52 start 18_bathin (Bathin)
09-14 09:33:16 DONE 13_beleth: 1429 lines, committed and pushed
09-14 09:33:16 start 19_sallos (Sallos)
09-14 09:34:40 DONE 14_leraje: 1205 lines, committed and pushed
09-14 09:34:40 start 20_purson (Purson)
09-14 09:45:50 DONE 20_purson: 1050 lines, committed and pushed
09-14 09:45:50 start 21_marax (Marax)
09-14 09:47:15 DONE 17_botis: 1086 lines, committed and pushed
09-14 09:47:15 start 22_ipos (Ipos)
09-14 09:47:20 DONE 16_zepar: 1305 lines, committed and pushed
09-14 09:47:20 start 23_aim (Aim)
09-14 09:50:24 DONE 18_bathin: 1027 lines, committed and pushed
09-14 09:50:24 start 24_naberius (Naberius)
09-14 09:52:49 DONE 19_sallos: 1392 lines, committed and pushed
09-14 09:52:49 start 25_glasya_labolas (Glasya-Labolas)
09-14 10:00:34 DONE 21_marax: 1331 lines, committed and pushed
09-14 10:00:34 start 26_bune (Buné)
09-14 10:01:57 DONE 22_ipos: 1009 lines, committed and pushed
09-14 10:01:57 start 27_ronove (Ronové)
09-14 10:04:06 DONE 23_aim: 1375 lines, committed and pushed
09-14 10:04:06 start 28_berith (Berith)
09-14 10:07:58 DONE 24_naberius: 1089 lines, committed and pushed
09-14 10:07:58 start 29_astaroth (Astaroth)
09-14 10:08:27 DONE 25_glasya_labolas: 1172 lines, committed and pushed
09-14 10:08:27 start 30_forneus (Forneus)
09-14 10:14:34 DONE 26_bune: 1116 lines, committed and pushed
09-14 10:14:34 start 31_foras (Foras)
09-14 10:21:20 DONE 27_ronove: 1245 lines, committed and pushed
09-14 10:21:20 start 32_asmoday (Asmoday)
09-14 10:26:14 DONE 28_berith: 1191 lines, committed and pushed
09-14 10:26:14 start 33_gaap (Gäap)
09-14 10:29:42 DONE 29_astaroth: 1224 lines, committed and pushed
09-14 10:29:42 start 34_furfur (Furfur)
09-14 10:30:01 DONE 30_forneus: 1116 lines, committed and pushed
09-14 10:30:01 start 35_marchosias (Marchosias)
09-14 10:33:36 DONE 31_foras: 1099 lines, committed and pushed
09-14 10:33:36 start 36_stolas (Stolas)
09-14 10:39:00 DONE 32_asmoday: 1132 lines, committed and pushed
09-14 10:39:00 start 37_phenex (Phenex)
09-14 10:42:12 DONE 35_marchosias: 1167 lines, committed and pushed
09-14 10:42:12 start 38_halphas (Halphas)
09-14 10:43:04 DONE 34_furfur: 1297 lines, committed and pushed
09-14 10:43:04 start 39_malphas (Malphas)
09-14 10:44:07 DONE 33_gaap: 1193 lines, committed and pushed
09-14 10:44:07 start 40_raum (Räum)
09-14 10:46:59 DONE 36_stolas: 1190 lines, committed and pushed
09-14 10:46:59 start 41_focalor (Focalor)
09-14 10:59:20 DONE 38_halphas: 1191 lines, committed and pushed
09-14 10:59:20 start 42_vepar (Vepar)
09-14 10:59:28 DONE 40_raum: 1223 lines, committed and pushed
09-14 10:59:28 start 43_sabnock (Sabnock)
09-14 10:59:33 DONE 39_malphas: 1190 lines, committed and pushed
09-14 10:59:33 start 44_shax (Shax)
09-14 10:59:37 DONE 37_phenex: 1316 lines, committed and pushed
09-14 10:59:37 start 45_vine (Viné)
09-14 11:07:13 DONE 41_focalor: 1282 lines, committed and pushed
09-14 11:07:13 start 46_bifrons (Bifrons)
09-14 11:12:17 DONE 45_vine: 1153 lines, committed and pushed
09-14 11:12:17 start 47_uvall (Uvall)
09-14 11:12:21 DONE 43_sabnock: 1060 lines, committed and pushed
09-14 11:12:21 start 48_haagenti (Haagenti)
09-14 11:17:37 DONE 42_vepar: 1231 lines, committed and pushed
09-14 11:17:37 start 49_crocell (Crocell)
09-14 11:20:02 DONE 44_shax: 1199 lines, committed and pushed
09-14 11:20:02 start 50_furcas (Furcas)
09-14 11:33:41 DONE 47_uvall: 1148 lines, committed and pushed
09-14 11:33:41 start 51_balam (Balam)
09-14 11:35:27 DONE 46_bifrons: 890 lines, committed and pushed
09-14 11:35:27 start 52_alloces (Alloces)
09-14 11:37:07 DONE 49_crocell: 1394 lines, committed and pushed
09-14 11:37:07 start 53_camio (Camio)
09-14 11:41:25 DONE 50_furcas: 908 lines, committed and pushed
09-14 11:41:25 start 54_murmur (Murmur)
09-14 11:41:41 DONE 48_haagenti: 1276 lines, committed and pushed
09-14 11:41:41 start 55_orobas (Orobas)
09-14 11:51:37 DONE 51_balam: 1147 lines, committed and pushed
09-14 11:51:37 start 56_gremory (Gremory)
09-14 11:54:09 DONE 52_alloces: 1050 lines, committed and pushed
09-14 11:54:09 start 57_ose (Ose)
09-14 11:57:36 DONE 53_camio: 1405 lines, committed and pushed
09-14 11:57:36 start 58_amy (Amy)
09-14 11:58:05 DONE 55_orobas: 1264 lines, committed and pushed
09-14 11:58:05 start 59_oriax (Oriax)
09-14 11:59:27 DONE 54_murmur: 1130 lines, committed and pushed
09-14 11:59:27 start 60_vapula (Vapula)
09-14 12:10:13 DONE 56_gremory: 927 lines, committed and pushed
09-14 12:10:13 start 61_zagan (Zagan)
09-14 12:15:15 DONE 57_ose: 1409 lines, committed and pushed
09-14 12:15:15 start 62_valac (Valac)
09-14 12:17:55 DONE 58_amy: 1254 lines, committed and pushed
09-14 12:17:55 start 63_andras (Andras)
09-14 12:19:08 DONE 59_oriax: 1170 lines, committed and pushed
09-14 12:19:08 start 64_flauros (Flauros)
09-14 12:20:47 DONE 60_vapula: 1155 lines, committed and pushed
09-14 12:20:47 start 65_andrealphus (Andrealphus)
09-14 12:25:19 DONE 61_zagan: 1140 lines, committed and pushed
09-14 12:25:19 start 66_kimaris (Kimaris)
09-14 12:32:12 DONE 64_flauros: 1216 lines, committed and pushed
09-14 12:32:12 start 67_amdusias (Amdusias)
09-14 12:34:01 DONE 62_valac: 1351 lines, committed and pushed
09-14 12:34:01 start 68_belial (Belial)
09-14 12:34:21 DONE 63_andras: 1180 lines, committed and pushed
09-14 12:34:21 start 69_decarabia (Decarabia)
09-14 12:41:10 DONE 66_kimaris: 1043 lines, committed and pushed
09-14 12:41:10 start 70_seere (Seere)
09-14 12:42:54 DONE 65_andrealphus: 832 lines, committed and pushed
09-14 12:42:54 start 71_dantalion (Dantalion)
09-14 12:49:32 DONE 68_belial: 982 lines, committed and pushed
09-14 12:49:32 start 72_andromalius (Andromalius)
09-14 12:49:36 DONE 67_amdusias: 983 lines, committed and pushed
09-14 12:50:57 DONE 69_decarabia: 1195 lines, committed and pushed
09-14 12:58:00 DONE 70_seere: 1221 lines, committed and pushed
09-14 12:58:44 DONE 71_dantalion: 1055 lines, committed and pushed
09-14 13:01:52 DONE 72_andromalius: 1051 lines, committed and pushed
09-14 13:01:52 batch goetia finished: {'done': 72}
