09-28 04:08:29 batch cybernetic_elite: 63 to run, 32 at a time
09-28 04:08:29 start john_brockman (John Brockman)
09-28 04:08:29 start edge_foundation (Edge Foundation, Inc.)
09-28 04:08:29 start david_gelernter (David Gelernter)
09-28 04:08:29 start theodore_kaczynski (Theodore J. Kaczynski)
09-28 04:08:29 start stewart_brand (Stewart Brand)
09-28 04:08:29 start the_net_film_2003 (The Net (Das Netz), 2003 film)
09-28 04:08:29 start henry_murray (Henry A. Murray)
09-28 04:08:29 start mkultra (MKUltra)
09-28 04:08:29 start lutz_dammbeck (Lutz Dammbeck)
09-28 04:08:29 start murray_harvard_experiment (The Murray Harvard Experiments (Multiform Assessments of Personality Development Among Gifted College Men, 1959-62))
09-28 04:08:29 start macy_conferences (The Macy Conferences on Cybernetics (1946-53))
09-28 04:08:29 start warren_mcculloch (Warren S. McCulloch)
09-28 04:08:29 start margaret_mead (Margaret Mead)
09-28 04:08:29 start heinz_von_foerster (Heinz von Foerster)
09-28 04:08:29 start marshall_mcluhan (Marshall McLuhan)
09-28 04:08:29 start robert_rauschenberg (Robert Rauschenberg)
09-28 04:08:29 start arthur_k_solomon (Arthur K. Solomon)
09-28 04:08:29 start whole_earth_catalog (Whole Earth Catalog (1968-72) and its successors)
09-28 04:08:29 start darpa (ARPA/DARPA (Advanced Research Projects Agency))
09-28 04:08:29 start douglas_engelbart (Douglas C. Engelbart)
09-28 04:08:29 start augmentation_research_center (Augmentation Research Center (SRI, 1963-77))
09-28 04:08:29 start gregory_bateson (Gregory Bateson)
09-28 04:08:29 start john_markoff (John Markoff)
09-28 04:08:29 start bill_joy (Bill Joy)
09-28 04:08:29 start daniel_dennett (Daniel C. Dennett)
09-28 04:08:29 start steven_pinker (Steven Pinker)
09-28 04:08:29 start martin_nowak (Martin A. Nowak)
09-28 04:08:29 start stephen_kosslyn (Stephen M. Kosslyn)
09-28 04:08:29 start danny_hillis (W. Daniel (Danny) Hillis)
09-28 04:08:29 start brockman_inc (Brockman, Inc.)
09-28 04:08:29 start long_now_foundation (The Long Now Foundation)
09-28 04:08:29 start gerald_edelman (Gerald M. Edelman)
09-28 04:08:29 FAIL warren_mcculloch: rc=1 09-28 04:08:29 [cybernetic_elite] warren_mcculloch: run (Warren S. McCulloch), prompt 8050 chars
09-28 04:08:29 [cybernetic_elite] warren_mcculloch: reasoning effort high
09-28 04:08:29 start program_for_evolutionary_dynamics (Program for Evolutionary Dynamics (Harvard, 2003-2020))
09-28 04:08:29 FAIL marshall_mcluhan: rc=1 09-28 04:08:29 [cybernetic_elite] marshall_mcluhan: run (Marshall McLuhan), prompt 8074 chars
09-28 04:08:29 [cybernetic_elite] marshall_mcluhan: reasoning effort high
09-28 04:08:29 start vicky_ward (Vicky Ward)
09-28 04:08:29 FAIL stewart_brand: rc=1 09-28 04:08:29 [cybernetic_elite] stewart_brand: run (Stewart Brand), prompt 8659 chars
09-28 04:08:29 [cybernetic_elite] stewart_brand: reasoning effort high
09-28 04:08:29 start graydon_carter (Graydon Carter)
09-28 04:08:29 FAIL edge_foundation: rc=1 09-28 04:08:29 [cybernetic_elite] edge_foundation: run (Edge Foundation, Inc.), prompt 8195 chars
09-28 04:08:29 [cybernetic_elite] edge_foundation: reasoning effort high
09-28 04:08:29 start maria_farmer (Maria Farmer)
09-28 04:08:29 FAIL macy_conferences: rc=1 09-28 04:08:29 [cybernetic_elite] macy_conferences: run (The Macy Conferences on Cybernetics (1946-53)), prompt 8326 chars
09-28 04:08:29 [cybernetic_elite] macy_conferences: reasoning effort high
09-28 04:08:29 start annie_farmer (Annie Farmer)
09-28 04:08:29 FAIL arthur_k_solomon: rc=1 09-28 04:08:29 [cybernetic_elite] arthur_k_solomon: run (Arthur K. Solomon), prompt 7995 chars
09-28 04:08:29 [cybernetic_elite] arthur_k_solomon: reasoning effort high
09-28 04:08:29 start eric_schmidt (Eric Schmidt)
09-28 04:08:29 FAIL steven_pinker: rc=1 09-28 04:08:29 [cybernetic_elite] steven_pinker: run (Steven Pinker), prompt 7996 chars
09-28 04:08:29 [cybernetic_elite] steven_pinker: reasoning effort high
09-28 04:08:29 start dario_amodei (Dario Amodei)
09-28 04:08:29 FAIL gregory_bateson: rc=1 09-28 04:08:29 [cybernetic_elite] gregory_bateson: run (Gregory Bateson), prompt 8251 chars
09-28 04:08:29 [cybernetic_elite] gregory_bateson: reasoning effort high
09-28 04:08:29 start cammie_clark (Cammie (Kamie) Clark)
09-28 04:08:29 FAIL gerald_edelman: rc=1 09-28 04:08:29 [cybernetic_elite] gerald_edelman: run (Gerald M. Edelman), prompt 7979 chars
09-28 04:08:29 [cybernetic_elite] gerald_edelman: reasoning effort high
09-28 04:08:29 start jeff_bezos (Jeff Bezos)
09-28 04:08:29 FAIL lutz_dammbeck: rc=1 09-28 04:08:29 [cybernetic_elite] lutz_dammbeck: run (Lutz Dammbeck), prompt 8155 chars
09-28 04:08:29 [cybernetic_elite] lutz_dammbeck: reasoning effort high
09-28 04:08:29 start sergey_brin (Sergey Brin)
09-28 04:08:29 FAIL douglas_engelbart: rc=1 09-28 04:08:29 [cybernetic_elite] douglas_engelbart: run (Douglas C. Engelbart), prompt 8226 chars
09-28 04:08:29 [cybernetic_elite] douglas_engelbart: reasoning effort high
09-28 04:08:29 start larry_page (Larry Page)
09-28 04:08:29 FAIL the_net_film_2003: rc=1 09-28 04:08:29 [cybernetic_elite] the_net_film_2003: run (The Net (Das Netz), 2003 film), prompt 8011 chars
09-28 04:08:29 [cybernetic_elite] the_net_film_2003: reasoning effort high
09-28 04:08:29 FAIL robert_rauschenberg: rc=1 09-28 04:08:29 [cybernetic_elite] robert_rauschenberg: run (Robert Rauschenberg), prompt 7968 chars
09-28 04:08:29 [cybernetic_elite] robert_rauschenberg: reasoning effort high
09-28 04:08:29 start palantir_technologies (Palantir Technologies)
09-28 04:08:29 FAIL heinz_von_foerster: rc=1 09-28 04:08:29 [cybernetic_elite] heinz_von_foerster: run (Heinz von Foerster), prompt 8067 chars
09-28 04:08:29 [cybernetic_elite] heinz_von_foerster: reasoning effort high
09-28 04:08:29 start dialog_thiel_network (Dialog (Thiel's invitation-only conference network))
09-28 04:08:29 start melinda_french_gates (Melinda French Gates)
09-28 04:08:29 FAIL theodore_kaczynski: rc=1 09-28 04:08:29 [cybernetic_elite] theodore_kaczynski: run (Theodore J. Kaczynski), prompt 8796 chars
09-28 04:08:29 [cybernetic_elite] theodore_kaczynski: reasoning effort high
09-28 04:08:29 start nicholas_zamiska (Nicholas W. Zamiska)
09-28 04:08:29 FAIL margaret_mead: rc=1 09-28 04:08:29 [cybernetic_elite] margaret_mead: run (Margaret Mead), prompt 8122 chars
09-28 04:08:29 [cybernetic_elite] margaret_mead: reasoning effort high
09-28 04:08:29 start the_technological_republic (The Technological Republic: Hard Power, Soft Belief, and the Future of the West (Karp and Zamiska, 2025))
09-28 04:08:29 FAIL stephen_kosslyn: rc=1 09-28 04:08:29 [cybernetic_elite] stephen_kosslyn: run (Stephen M. Kosslyn), prompt 8034 chars
09-28 04:08:29 [cybernetic_elite] stephen_kosslyn: reasoning effort high
09-28 04:08:29 start techno_optimist_manifesto (The Techno-Optimist Manifesto (Marc Andreessen, October 2023))
09-28 04:08:29 FAIL mkultra: rc=1 09-28 04:08:29 [cybernetic_elite] mkultra: run (MKUltra), prompt 8138 chars
09-28 04:08:29 [cybernetic_elite] mkultra: reasoning effort high
09-28 04:08:29 start industrial_society_and_its_future (Industrial Society and Its Future (the Unabomber manifesto, 1995))
09-28 04:08:29 FAIL whole_earth_catalog: rc=1  04:08:29 [cybernetic_elite] whole_earth_catalog: run (Whole Earth Catalog (1968-72) and its successors), prompt 8351 chars
09-28 04:08:29 [cybernetic_elite] whole_earth_catalog: reasoning effort high
09-28 04:08:29 start trilateral_commission (Trilateral Commission)
09-28 04:08:29 FAIL long_now_foundation: rc=1 09-28 04:08:29 [cybernetic_elite] long_now_foundation: run (The Long Now Foundation), prompt 8065 chars
09-28 04:08:29 [cybernetic_elite] long_now_foundation: reasoning effort high
09-28 04:08:29 start council_on_foreign_relations (Council on Foreign Relations)
09-28 04:08:29 FAIL henry_murray: rc=1 09-28 04:08:29 [cybernetic_elite] henry_murray: run (Henry A. Murray), prompt 8252 chars
09-28 04:08:29 [cybernetic_elite] henry_murray: reasoning effort high
09-28 04:08:29 start charles_epstein_geneticist (Charles J. Epstein)
09-28 04:08:29 FAIL augmentation_research_center: rc=1 bernetic_elite] augmentation_research_center: run (Augmentation Research Center (SRI, 1963-77)), prompt 8147 chars
09-28 04:08:29 [cybernetic_elite] augmentation_research_center: reasoning effort high
09-28 04:08:29 start joel_gelernter (Joel Gelernter)
09-28 04:08:29 FAIL david_gelernter: rc=1 09-28 04:08:29 [cybernetic_elite] david_gelernter: run (David Gelernter), prompt 8586 chars
09-28 04:08:29 [cybernetic_elite] david_gelernter: reasoning effort high
09-28 04:08:29 start james_mcconnell (James V. McConnell)
09-28 04:08:29 FAIL bill_joy: rc=1 09-28 04:08:29 [cybernetic_elite] bill_joy: run (Bill Joy), prompt 7991 chars
09-28 04:08:29 [cybernetic_elite] bill_joy: reasoning effort high
09-28 04:08:29 start nicklaus_suino (Nicklaus Suino)
09-28 04:08:29 FAIL john_brockman: rc=1 09-28 04:08:29 [cybernetic_elite] john_brockman: run (John Brockman), prompt 8702 chars
09-28 04:08:29 [cybernetic_elite] john_brockman: reasoning effort high
09-28 04:08:29 start hugh_scrutton (Hugh Scrutton)
09-28 04:08:29 FAIL murray_harvard_experiment: rc=1  Experiments (Multiform Assessments of Personality Development Among Gifted College Men, 1959-62)), prompt 8560 chars
09-28 04:08:29 [cybernetic_elite] murray_harvard_experiment: reasoning effort high
09-28 04:08:29 start thomas_mosser (Thomas J. Mosser)
09-28 04:08:29 FAIL martin_nowak: rc=1 09-28 04:08:29 [cybernetic_elite] martin_nowak: run (Martin A. Nowak), prompt 8087 chars
09-28 04:08:29 [cybernetic_elite] martin_nowak: reasoning effort high
09-28 04:08:29 start gilbert_murray_forester (Gilbert Brent Murray)
09-28 04:08:29 FAIL john_markoff: rc=1 09-28 04:08:29 [cybernetic_elite] john_markoff: run (John Markoff), prompt 8047 chars
09-28 04:08:29 [cybernetic_elite] john_markoff: reasoning effort high
09-28 04:08:29 start richard_j_roberts (Richard J. Roberts)
09-28 04:08:29 FAIL brockman_inc: rc=1 09-28 04:08:29 [cybernetic_elite] brockman_inc: run (Brockman, Inc.), prompt 8021 chars
09-28 04:08:29 [cybernetic_elite] brockman_inc: reasoning effort high
09-28 04:08:29 start phillip_sharp (Phillip A. Sharp)
09-28 04:08:29 FAIL eric_schmidt: rc=1 09-28 04:08:29 [cybernetic_elite] eric_schmidt: run (Eric Schmidt), prompt 8153 chars
09-28 04:08:29 [cybernetic_elite] eric_schmidt: reasoning effort high
09-28 04:08:29 start david_kaczynski (David Kaczynski)
09-28 04:08:30 FAIL dialog_thiel_network: rc=1 8:29 [cybernetic_elite] dialog_thiel_network: run (Dialog (Thiel's invitation-only conference network)), prompt 8122 chars
09-28 04:08:29 [cybernetic_elite] dialog_thiel_network: reasoning effort high
09-28 04:08:30 start linda_patrik (Linda Patrik)
09-28 04:08:30 FAIL graydon_carter: rc=1 09-28 04:08:29 [cybernetic_elite] graydon_carter: run (Graydon Carter), prompt 7979 chars
09-28 04:08:29 [cybernetic_elite] graydon_carter: reasoning effort high
09-28 04:08:30 FAIL nicholas_zamiska: rc=1 09-28 04:08:29 [cybernetic_elite] nicholas_zamiska: run (Nicholas W. Zamiska), prompt 7876 chars
09-28 04:08:29 [cybernetic_elite] nicholas_zamiska: reasoning effort high
09-28 04:08:30 FAIL darpa: rc=1 09-28 04:08:29 [cybernetic_elite] darpa: run (ARPA/DARPA (Advanced Research Projects Agency)), prompt 8295 chars
09-28 04:08:29 [cybernetic_elite] darpa: reasoning effort high
09-28 04:08:30 FAIL danny_hillis: rc=1 09-28 04:08:29 [cybernetic_elite] danny_hillis: run (W. Daniel (Danny) Hillis), prompt 8118 chars
09-28 04:08:29 [cybernetic_elite] danny_hillis: reasoning effort high
09-28 04:08:30 FAIL jeff_bezos: rc=1 09-28 04:08:29 [cybernetic_elite] jeff_bezos: run (Jeff Bezos), prompt 7929 chars
09-28 04:08:29 [cybernetic_elite] jeff_bezos: reasoning effort high
09-28 04:08:30 FAIL the_technological_republic: rc=1 nological Republic: Hard Power, Soft Belief, and the Future of the West (Karp and Zamiska, 2025)), prompt 8349 chars
09-28 04:08:29 [cybernetic_elite] the_technological_republic: reasoning effort high
09-28 04:08:30 FAIL james_mcconnell: rc=1 09-28 04:08:29 [cybernetic_elite] james_mcconnell: run (James V. McConnell), prompt 8044 chars
09-28 04:08:29 [cybernetic_elite] james_mcconnell: reasoning effort high
09-28 04:08:30 FAIL vicky_ward: rc=1 09-28 04:08:29 [cybernetic_elite] vicky_ward: run (Vicky Ward), prompt 8007 chars
09-28 04:08:29 [cybernetic_elite] vicky_ward: reasoning effort high
09-28 04:08:30 FAIL larry_page: rc=1 09-28 04:08:29 [cybernetic_elite] larry_page: run (Larry Page), prompt 7699 chars
09-28 04:08:29 [cybernetic_elite] larry_page: reasoning effort high
09-28 04:08:30 FAIL maria_farmer: rc=1 09-28 04:08:29 [cybernetic_elite] maria_farmer: run (Maria Farmer), prompt 8069 chars
09-28 04:08:29 [cybernetic_elite] maria_farmer: reasoning effort high
09-28 04:08:30 FAIL annie_farmer: rc=1 09-28 04:08:29 [cybernetic_elite] annie_farmer: run (Annie Farmer), prompt 7907 chars
09-28 04:08:29 [cybernetic_elite] annie_farmer: reasoning effort high
09-28 04:08:30 FAIL techno_optimist_manifesto: rc=1 te] techno_optimist_manifesto: run (The Techno-Optimist Manifesto (Marc Andreessen, October 2023)), prompt 8170 chars
09-28 04:08:29 [cybernetic_elite] techno_optimist_manifesto: reasoning effort high
09-28 04:08:30 FAIL daniel_dennett: rc=1 09-28 04:08:29 [cybernetic_elite] daniel_dennett: run (Daniel C. Dennett), prompt 7907 chars
09-28 04:08:29 [cybernetic_elite] daniel_dennett: reasoning effort high
09-28 04:08:30 FAIL trilateral_commission: rc=1 09-28 04:08:29 [cybernetic_elite] trilateral_commission: run (Trilateral Commission), prompt 7963 chars
09-28 04:08:29 [cybernetic_elite] trilateral_commission: reasoning effort high
09-28 04:08:30 FAIL program_for_evolutionary_dynamics: rc=1 am_for_evolutionary_dynamics: run (Program for Evolutionary Dynamics (Harvard, 2003-2020)), prompt 8142 chars
09-28 04:08:29 [cybernetic_elite] program_for_evolutionary_dynamics: reasoning effort high
09-28 04:08:30 FAIL charles_epstein_geneticist: rc=1 09-28 04:08:29 [cybernetic_elite] charles_epstein_geneticist: run (Charles J. Epstein), prompt 8088 chars
09-28 04:08:29 [cybernetic_elite] charles_epstein_geneticist: reasoning effort high
09-28 04:08:30 FAIL industrial_society_and_its_future: rc=1 ty_and_its_future: run (Industrial Society and Its Future (the Unabomber manifesto, 1995)), prompt 8368 chars
09-28 04:08:29 [cybernetic_elite] industrial_society_and_its_future: reasoning effort high
09-28 04:08:30 FAIL david_kaczynski: rc=1 09-28 04:08:30 [cybernetic_elite] david_kaczynski: run (David Kaczynski), prompt 8072 chars
09-28 04:08:30 [cybernetic_elite] david_kaczynski: reasoning effort high
09-28 04:08:30 FAIL melinda_french_gates: rc=1 09-28 04:08:29 [cybernetic_elite] melinda_french_gates: run (Melinda French Gates), prompt 7903 chars
09-28 04:08:29 [cybernetic_elite] melinda_french_gates: reasoning effort high
09-28 04:08:30 FAIL palantir_technologies: rc=1 09-28 04:08:29 [cybernetic_elite] palantir_technologies: run (Palantir Technologies), prompt 8144 chars
09-28 04:08:29 [cybernetic_elite] palantir_technologies: reasoning effort high
09-28 04:08:30 FAIL nicklaus_suino: rc=1 09-28 04:08:29 [cybernetic_elite] nicklaus_suino: run (Nicklaus Suino), prompt 7798 chars
09-28 04:08:29 [cybernetic_elite] nicklaus_suino: reasoning effort high
09-28 04:08:30 FAIL sergey_brin: rc=1 09-28 04:08:29 [cybernetic_elite] sergey_brin: run (Sergey Brin), prompt 7773 chars
09-28 04:08:29 [cybernetic_elite] sergey_brin: reasoning effort high
09-28 04:08:30 FAIL linda_patrik: rc=1 09-28 04:08:30 [cybernetic_elite] linda_patrik: run (Linda Patrik), prompt 7807 chars
09-28 04:08:30 [cybernetic_elite] linda_patrik: reasoning effort high
09-28 04:08:30 FAIL joel_gelernter: rc=1 09-28 04:08:29 [cybernetic_elite] joel_gelernter: run (Joel Gelernter), prompt 7989 chars
09-28 04:08:29 [cybernetic_elite] joel_gelernter: reasoning effort high
09-28 04:08:30 FAIL council_on_foreign_relations: rc=1 28 04:08:29 [cybernetic_elite] council_on_foreign_relations: run (Council on Foreign Relations), prompt 7911 chars
09-28 04:08:29 [cybernetic_elite] council_on_foreign_relations: reasoning effort high
09-28 04:08:30 FAIL richard_j_roberts: rc=1 09-28 04:08:30 [cybernetic_elite] richard_j_roberts: run (Richard J. Roberts), prompt 7993 chars
09-28 04:08:30 [cybernetic_elite] richard_j_roberts: reasoning effort high
09-28 04:08:30 FAIL cammie_clark: rc=1 09-28 04:08:29 [cybernetic_elite] cammie_clark: run (Cammie (Kamie) Clark), prompt 8450 chars
09-28 04:08:29 [cybernetic_elite] cammie_clark: reasoning effort high
09-28 04:08:30 FAIL dario_amodei: rc=1 09-28 04:08:29 [cybernetic_elite] dario_amodei: run (Dario Amodei), prompt 8124 chars
09-28 04:08:29 [cybernetic_elite] dario_amodei: reasoning effort high
09-28 04:08:30 FAIL phillip_sharp: rc=1 09-28 04:08:30 [cybernetic_elite] phillip_sharp: run (Phillip A. Sharp), prompt 7907 chars
09-28 04:08:30 [cybernetic_elite] phillip_sharp: reasoning effort high
09-28 04:08:30 FAIL hugh_scrutton: rc=1 09-28 04:08:30 [cybernetic_elite] hugh_scrutton: run (Hugh Scrutton), prompt 7785 chars
09-28 04:08:30 [cybernetic_elite] hugh_scrutton: reasoning effort high
09-28 04:08:30 FAIL gilbert_murray_forester: rc=1 09-28 04:08:30 [cybernetic_elite] gilbert_murray_forester: run (Gilbert Brent Murray), prompt 7867 chars
09-28 04:08:30 [cybernetic_elite] gilbert_murray_forester: reasoning effort high
09-28 04:08:30 FAIL thomas_mosser: rc=1 09-28 04:08:30 [cybernetic_elite] thomas_mosser: run (Thomas J. Mosser), prompt 7949 chars
09-28 04:08:30 [cybernetic_elite] thomas_mosser: reasoning effort high
09-28 04:08:30 batch cybernetic_elite finished: {'fail': 63}
09-28 04:59:53 batch cybernetic_elite: 62 to run, 32 at a time
09-28 04:59:53 start john_brockman (John Brockman)
09-28 04:59:53 start david_gelernter (David Gelernter)
09-28 04:59:53 start edge_foundation (Edge Foundation, Inc.)
09-28 04:59:53 start stewart_brand (Stewart Brand)
09-28 04:59:53 start theodore_kaczynski (Theodore J. Kaczynski)
09-28 04:59:53 start lutz_dammbeck (Lutz Dammbeck)
09-28 04:59:53 start the_net_film_2003 (The Net (Das Netz), 2003 film)
09-28 04:59:53 start henry_murray (Henry A. Murray)
09-28 04:59:53 start murray_harvard_experiment (The Murray Harvard Experiments (Multiform Assessments of Personality Development Among Gifted College Men, 1959-62))
09-28 04:59:53 start macy_conferences (The Macy Conferences on Cybernetics (1946-53))
09-28 04:59:53 start warren_mcculloch (Warren S. McCulloch)
09-28 04:59:53 start gregory_bateson (Gregory Bateson)
09-28 04:59:53 start heinz_von_foerster (Heinz von Foerster)
09-28 04:59:53 start margaret_mead (Margaret Mead)
09-28 04:59:53 start mkultra (MKUltra)
09-28 04:59:53 start marshall_mcluhan (Marshall McLuhan)
09-28 04:59:53 start robert_rauschenberg (Robert Rauschenberg)
09-28 04:59:53 start arthur_k_solomon (Arthur K. Solomon)
09-28 04:59:53 start whole_earth_catalog (Whole Earth Catalog (1968-72) and its successors)
09-28 04:59:53 start douglas_engelbart (Douglas C. Engelbart)
09-28 04:59:53 start augmentation_research_center (Augmentation Research Center (SRI, 1963-77))
09-28 04:59:53 start darpa (ARPA/DARPA (Advanced Research Projects Agency))
09-28 04:59:53 start bill_joy (Bill Joy)
09-28 04:59:53 start brockman_inc (Brockman, Inc.)
09-28 04:59:53 start daniel_dennett (Daniel C. Dennett)
09-28 04:59:53 start stephen_kosslyn (Stephen M. Kosslyn)
09-28 04:59:53 start steven_pinker (Steven Pinker)
09-28 04:59:53 start john_markoff (John Markoff)
09-28 04:59:53 start gerald_edelman (Gerald M. Edelman)
09-28 04:59:53 start martin_nowak (Martin A. Nowak)
09-28 04:59:53 start danny_hillis (W. Daniel (Danny) Hillis)
09-28 04:59:53 start long_now_foundation (The Long Now Foundation)
09-28 05:07:54 DONE brockman_inc: 638 lines, committed and pushed
09-28 05:07:54 start program_for_evolutionary_dynamics (Program for Evolutionary Dynamics (Harvard, 2003-2020))
09-28 05:09:25 DONE marshall_mcluhan: 590 lines, committed and pushed
09-28 05:09:25 start vicky_ward (Vicky Ward)
09-28 05:09:31 DONE macy_conferences: 513 lines, committed and pushed
09-28 05:09:31 start graydon_carter (Graydon Carter)
09-28 05:09:32 DONE robert_rauschenberg: 547 lines, committed and pushed
09-28 05:09:32 start maria_farmer (Maria Farmer)
09-28 05:09:49 DONE mkultra: 663 lines, committed and pushed
09-28 05:09:49 start annie_farmer (Annie Farmer)
09-28 05:10:13 DONE douglas_engelbart: 840 lines, committed and pushed
09-28 05:10:13 start eric_schmidt (Eric Schmidt)
09-28 05:10:26 DONE stephen_kosslyn: 491 lines, committed and pushed
09-28 05:10:26 start dario_amodei (Dario Amodei)
09-28 05:10:50 DONE heinz_von_foerster: 510 lines, committed and pushed
09-28 05:10:50 start cammie_clark (Cammie (Kamie) Clark)
09-28 05:11:34 DONE arthur_k_solomon: 454 lines, committed and pushed
09-28 05:11:34 start jeff_bezos (Jeff Bezos)
09-28 05:11:38 DONE lutz_dammbeck: 622 lines, committed and pushed
09-28 05:11:38 start sergey_brin (Sergey Brin)
09-28 05:11:43 DONE henry_murray: 485 lines, committed and pushed
09-28 05:11:43 start larry_page (Larry Page)
09-28 05:12:14 DONE martin_nowak: 588 lines, committed and pushed
09-28 05:12:14 start melinda_french_gates (Melinda French Gates)
09-28 05:12:20 DONE david_gelernter: 589 lines, committed and pushed
09-28 05:12:20 start palantir_technologies (Palantir Technologies)
09-28 05:12:22 DONE gerald_edelman: 678 lines, committed and pushed
09-28 05:12:22 start dialog_thiel_network (Dialog (Thiel's invitation-only conference network))
09-28 05:12:30 DONE the_net_film_2003: 702 lines, committed and pushed
09-28 05:12:30 start nicholas_zamiska (Nicholas W. Zamiska)
09-28 05:12:48 DONE john_brockman: 700 lines, committed and pushed
09-28 05:12:48 start the_technological_republic (The Technological Republic: Hard Power, Soft Belief, and the Future of the West (Karp and Zamiska, 2025))
09-28 05:12:53 DONE stewart_brand: 702 lines, committed and pushed
09-28 05:12:53 start techno_optimist_manifesto (The Techno-Optimist Manifesto (Marc Andreessen, October 2023))
09-28 05:13:04 DONE daniel_dennett: 533 lines, committed and pushed
09-28 05:13:04 start industrial_society_and_its_future (Industrial Society and Its Future (the Unabomber manifesto, 1995))
09-28 05:13:33 DONE danny_hillis: 585 lines, committed and pushed
09-28 05:13:33 start trilateral_commission (Trilateral Commission)
09-28 05:13:39 DONE bill_joy: 549 lines, committed and pushed
09-28 05:13:39 start council_on_foreign_relations (Council on Foreign Relations)
09-28 05:13:43 DONE gregory_bateson: 634 lines, committed and pushed
09-28 05:13:43 start charles_epstein_geneticist (Charles J. Epstein)
09-28 05:13:47 DONE margaret_mead: 602 lines, committed and pushed
09-28 05:13:47 start joel_gelernter (Joel Gelernter)
09-28 05:13:49 DONE warren_mcculloch: 636 lines, committed and pushed
09-28 05:13:49 start james_mcconnell (James V. McConnell)
09-28 05:13:51 DONE murray_harvard_experiment: 555 lines, committed and pushed
09-28 05:13:51 start nicklaus_suino (Nicklaus Suino)
09-28 05:15:16 DONE augmentation_research_center: 802 lines, committed and pushed
09-28 05:15:16 start hugh_scrutton (Hugh Scrutton)
09-28 05:16:13 DONE edge_foundation: 770 lines, committed and pushed
09-28 05:16:13 start thomas_mosser (Thomas J. Mosser)
09-28 05:16:25 DONE john_markoff: 484 lines, committed and pushed
09-28 05:16:25 start gilbert_murray_forester (Gilbert Brent Murray)
09-28 05:16:30 DONE long_now_foundation: 655 lines, committed and pushed
09-28 05:16:30 start richard_j_roberts (Richard J. Roberts)
09-28 05:16:42 DONE program_for_evolutionary_dynamics: 591 lines, committed and pushed
09-28 05:16:42 start phillip_sharp (Phillip A. Sharp)
09-28 05:18:37 DONE steven_pinker: 554 lines, committed and pushed
09-28 05:18:37 start david_kaczynski (David Kaczynski)
09-28 05:18:57 DONE darpa: 734 lines, committed and pushed
09-28 05:19:42 DONE annie_farmer: 529 lines, committed and pushed
09-28 05:19:48 DONE dialog_thiel_network: 731 lines, committed and pushed
09-28 05:20:22 DONE vicky_ward: 671 lines, committed and pushed
09-28 05:21:14 DONE cammie_clark: 456 lines, committed and pushed
09-28 05:21:19 DONE nicklaus_suino: 429 lines, committed and pushed
09-28 05:21:39 DONE trilateral_commission: 440 lines, committed and pushed
09-28 05:21:58 DONE joel_gelernter: 494 lines, committed and pushed
09-28 05:22:57 DONE maria_farmer: 462 lines, committed and pushed
09-28 05:23:09 DONE charles_epstein_geneticist: 518 lines, committed and pushed
09-28 05:23:20 DONE council_on_foreign_relations: 614 lines, committed and pushed
09-28 05:23:46 DONE industrial_society_and_its_future: 533 lines, committed and pushed
09-28 05:23:55 DONE melinda_french_gates: 580 lines, committed and pushed
09-28 05:24:22 DONE hugh_scrutton: 423 lines, committed and pushed
09-28 05:24:23 DONE techno_optimist_manifesto: 681 lines, committed and pushed
09-28 05:24:37 DONE james_mcconnell: 550 lines, committed and pushed
09-28 05:24:39 DONE the_technological_republic: 561 lines, committed and pushed
09-28 05:25:29 DONE graydon_carter: 451 lines, committed and pushed
09-28 05:25:55 DONE thomas_mosser: 509 lines, committed and pushed
09-28 05:26:04 DONE nicholas_zamiska: 577 lines, committed and pushed
09-28 05:26:07 DONE eric_schmidt: 687 lines, committed and pushed
09-28 05:26:08 DONE gilbert_murray_forester: 488 lines, committed and pushed
09-28 05:26:35 DONE larry_page: 624 lines, committed and pushed
09-28 05:26:57 DONE jeff_bezos: 629 lines, committed and pushed
09-28 05:27:14 DONE palantir_technologies: 543 lines, committed and pushed
09-28 05:27:25 DONE richard_j_roberts: 536 lines, committed and pushed
09-28 05:27:26 DONE sergey_brin: 555 lines, committed and pushed
09-28 05:27:41 DONE dario_amodei: 644 lines, committed and pushed
09-28 05:29:26 DONE david_kaczynski: 428 lines, committed and pushed
09-28 05:31:21 DONE whole_earth_catalog: 669 lines, committed and pushed
09-28 05:32:06 DONE phillip_sharp: 613 lines, committed and pushed
09-28 05:44:19 DONE theodore_kaczynski: 672 lines, committed and pushed
09-28 05:44:19 batch cybernetic_elite finished: {'done': 62}
