09-28 11:38:34 extract: 62 dossiers, 16 at a time
09-28 11:40:22 DONE annie_farmer 1:40:22 [network] annie_farmer: DONE 53 ties -> /home/drdoeg/taller/symbols/cybernetic_elite/relations/annie_farmer.json
09-28 11:40:25 DONE augmentation_research_center search_center: DONE 177 ties -> /home/drdoeg/taller/symbols/cybernetic_elite/relations/augmentation_research_center.json
09-28 11:40:36 DONE charles_epstein_geneticist tein_geneticist: DONE 101 ties -> /home/drdoeg/taller/symbols/cybernetic_elite/relations/charles_epstein_geneticist.json
09-28 11:40:39 DONE cammie_clark 1:40:39 [network] cammie_clark: DONE 63 ties -> /home/drdoeg/taller/symbols/cybernetic_elite/relations/cammie_clark.json
09-28 11:40:55 DONE david_gelernter 5 [network] david_gelernter: DONE 77 ties -> /home/drdoeg/taller/symbols/cybernetic_elite/relations/david_gelernter.json
09-28 11:40:55 DONE daniel_dennett 55 [network] daniel_dennett: DONE 117 ties -> /home/drdoeg/taller/symbols/cybernetic_elite/relations/daniel_dennett.json
09-28 11:40:56 DONE bill_joy 09-28 11:40:56 [network] bill_joy: DONE 113 ties -> /home/drdoeg/taller/symbols/cybernetic_elite/relations/bill_joy.json
09-28 11:40:59 DONE darpa  chars
09-28 11:40:59 [network] darpa: DONE 99 ties -> /home/drdoeg/taller/symbols/cybernetic_elite/relations/darpa.json
09-28 11:41:05 DONE arthur_k_solomon network] arthur_k_solomon: DONE 126 ties -> /home/drdoeg/taller/symbols/cybernetic_elite/relations/arthur_k_solomon.json
09-28 11:41:20 DONE david_kaczynski 0 [network] david_kaczynski: DONE 89 ties -> /home/drdoeg/taller/symbols/cybernetic_elite/relations/david_kaczynski.json
09-28 11:41:44 DONE danny_hillis :41:44 [network] danny_hillis: DONE 158 ties -> /home/drdoeg/taller/symbols/cybernetic_elite/relations/danny_hillis.json
09-28 11:42:21 DONE gilbert_murray_forester ert_murray_forester: DONE 53 ties -> /home/drdoeg/taller/symbols/cybernetic_elite/relations/gilbert_murray_forester.json
09-28 11:42:25 DONE dario_amodei :42:25 [network] dario_amodei: DONE 155 ties -> /home/drdoeg/taller/symbols/cybernetic_elite/relations/dario_amodei.json
09-28 11:42:26 DONE council_on_foreign_relations ign_relations: DONE 133 ties -> /home/drdoeg/taller/symbols/cybernetic_elite/relations/council_on_foreign_relations.json
09-28 11:42:34 DONE hugh_scrutton 42:34 [network] hugh_scrutton: DONE 46 ties -> /home/drdoeg/taller/symbols/cybernetic_elite/relations/hugh_scrutton.json
09-28 11:42:40 DONE brockman_inc :42:40 [network] brockman_inc: DONE 207 ties -> /home/drdoeg/taller/symbols/cybernetic_elite/relations/brockman_inc.json
09-28 11:42:43 DONE edge_foundation  [network] edge_foundation: DONE 117 ties -> /home/drdoeg/taller/symbols/cybernetic_elite/relations/edge_foundation.json
09-28 11:42:44 DONE eric_schmidt :42:44 [network] eric_schmidt: DONE 123 ties -> /home/drdoeg/taller/symbols/cybernetic_elite/relations/eric_schmidt.json
09-28 11:42:44 DONE douglas_engelbart twork] douglas_engelbart: DONE 245 ties -> /home/drdoeg/taller/symbols/cybernetic_elite/relations/douglas_engelbart.json
09-28 11:42:56 DONE gerald_edelman 56 [network] gerald_edelman: DONE 122 ties -> /home/drdoeg/taller/symbols/cybernetic_elite/relations/gerald_edelman.json
09-28 11:43:08 DONE henry_murray 1:43:08 [network] henry_murray: DONE 75 ties -> /home/drdoeg/taller/symbols/cybernetic_elite/relations/henry_murray.json
09-28 11:43:09 DONE heinz_von_foerster ork] heinz_von_foerster: DONE 120 ties -> /home/drdoeg/taller/symbols/cybernetic_elite/relations/heinz_von_foerster.json
09-28 11:43:23 DONE gregory_bateson  [network] gregory_bateson: DONE 127 ties -> /home/drdoeg/taller/symbols/cybernetic_elite/relations/gregory_bateson.json
09-28 11:43:30 DONE graydon_carter 30 [network] graydon_carter: DONE 123 ties -> /home/drdoeg/taller/symbols/cybernetic_elite/relations/graydon_carter.json
09-28 11:43:57 DONE dialog_thiel_network  dialog_thiel_network: DONE 282 ties -> /home/drdoeg/taller/symbols/cybernetic_elite/relations/dialog_thiel_network.json
09-28 11:44:13 DONE industrial_society_and_its_future ts_future: DONE 91 ties -> /home/drdoeg/taller/symbols/cybernetic_elite/relations/industrial_society_and_its_future.json
09-28 11:44:26 DONE james_mcconnell 6 [network] james_mcconnell: DONE 87 ties -> /home/drdoeg/taller/symbols/cybernetic_elite/relations/james_mcconnell.json
09-28 11:44:48 DONE larry_page 8 11:44:48 [network] larry_page: DONE 102 ties -> /home/drdoeg/taller/symbols/cybernetic_elite/relations/larry_page.json
09-28 11:44:57 DONE jeff_bezos 8 11:44:57 [network] jeff_bezos: DONE 126 ties -> /home/drdoeg/taller/symbols/cybernetic_elite/relations/jeff_bezos.json
09-28 11:45:02 DONE john_markoff 1:45:02 [network] john_markoff: DONE 80 ties -> /home/drdoeg/taller/symbols/cybernetic_elite/relations/john_markoff.json
09-28 11:45:04 DONE joel_gelernter :04 [network] joel_gelernter: DONE 88 ties -> /home/drdoeg/taller/symbols/cybernetic_elite/relations/joel_gelernter.json
09-28 11:45:08 DONE margaret_mead 5:08 [network] margaret_mead: DONE 109 ties -> /home/drdoeg/taller/symbols/cybernetic_elite/relations/margaret_mead.json
09-28 11:45:19 DONE macy_conferences network] macy_conferences: DONE 125 ties -> /home/drdoeg/taller/symbols/cybernetic_elite/relations/macy_conferences.json
09-28 11:45:19 DONE martin_nowak 1:45:19 [network] martin_nowak: DONE 94 ties -> /home/drdoeg/taller/symbols/cybernetic_elite/relations/martin_nowak.json
09-28 11:45:22 DONE long_now_foundation k] long_now_foundation: DONE 133 ties -> /home/drdoeg/taller/symbols/cybernetic_elite/relations/long_now_foundation.json
09-28 11:45:29 DONE lutz_dammbeck 5:29 [network] lutz_dammbeck: DONE 137 ties -> /home/drdoeg/taller/symbols/cybernetic_elite/relations/lutz_dammbeck.json
09-28 11:45:33 DONE john_brockman 5:33 [network] john_brockman: DONE 158 ties -> /home/drdoeg/taller/symbols/cybernetic_elite/relations/john_brockman.json
09-28 11:45:41 DONE maria_farmer 1:45:41 [network] maria_farmer: DONE 82 ties -> /home/drdoeg/taller/symbols/cybernetic_elite/relations/maria_farmer.json
09-28 11:45:58 DONE marshall_mcluhan network] marshall_mcluhan: DONE 140 ties -> /home/drdoeg/taller/symbols/cybernetic_elite/relations/marshall_mcluhan.json
09-28 11:46:07 DONE nicholas_zamiska [network] nicholas_zamiska: DONE 52 ties -> /home/drdoeg/taller/symbols/cybernetic_elite/relations/nicholas_zamiska.json
09-28 11:46:11 DONE melinda_french_gates  melinda_french_gates: DONE 129 ties -> /home/drdoeg/taller/symbols/cybernetic_elite/relations/melinda_french_gates.json
09-28 11:46:24 DONE murray_harvard_experiment arvard_experiment: DONE 66 ties -> /home/drdoeg/taller/symbols/cybernetic_elite/relations/murray_harvard_experiment.json
09-28 11:46:49 DONE mkultra rs
09-28 11:46:49 [network] mkultra: DONE 90 ties -> /home/drdoeg/taller/symbols/cybernetic_elite/relations/mkultra.json
09-28 11:47:00 DONE nicklaus_suino :00 [network] nicklaus_suino: DONE 71 ties -> /home/drdoeg/taller/symbols/cybernetic_elite/relations/nicklaus_suino.json
09-28 11:47:12 DONE richard_j_roberts twork] richard_j_roberts: DONE 111 ties -> /home/drdoeg/taller/symbols/cybernetic_elite/relations/richard_j_roberts.json
09-28 11:47:29 DONE steven_pinker 7:29 [network] steven_pinker: DONE 103 ties -> /home/drdoeg/taller/symbols/cybernetic_elite/relations/steven_pinker.json
09-28 11:47:39 DONE techno_optimist_manifesto ptimist_manifesto: DONE 93 ties -> /home/drdoeg/taller/symbols/cybernetic_elite/relations/techno_optimist_manifesto.json
09-28 11:47:39 DONE palantir_technologies palantir_technologies: DONE 89 ties -> /home/drdoeg/taller/symbols/cybernetic_elite/relations/palantir_technologies.json
09-28 11:47:43 DONE stephen_kosslyn 3 [network] stephen_kosslyn: DONE 79 ties -> /home/drdoeg/taller/symbols/cybernetic_elite/relations/stephen_kosslyn.json
09-28 11:47:52 DONE phillip_sharp 7:52 [network] phillip_sharp: DONE 144 ties -> /home/drdoeg/taller/symbols/cybernetic_elite/relations/phillip_sharp.json
09-28 11:47:55 DONE sergey_brin  11:47:55 [network] sergey_brin: DONE 86 ties -> /home/drdoeg/taller/symbols/cybernetic_elite/relations/sergey_brin.json
09-28 11:48:12 DONE program_for_evolutionary_dynamics dynamics: DONE 165 ties -> /home/drdoeg/taller/symbols/cybernetic_elite/relations/program_for_evolutionary_dynamics.json
09-28 11:48:28 DONE the_technological_republic ogical_republic: DONE 115 ties -> /home/drdoeg/taller/symbols/cybernetic_elite/relations/the_technological_republic.json
09-28 11:48:39 DONE robert_rauschenberg k] robert_rauschenberg: DONE 112 ties -> /home/drdoeg/taller/symbols/cybernetic_elite/relations/robert_rauschenberg.json
09-28 11:48:39 DONE the_net_film_2003 twork] the_net_film_2003: DONE 132 ties -> /home/drdoeg/taller/symbols/cybernetic_elite/relations/the_net_film_2003.json
09-28 11:48:46 DONE thomas_mosser 48:46 [network] thomas_mosser: DONE 75 ties -> /home/drdoeg/taller/symbols/cybernetic_elite/relations/thomas_mosser.json
09-28 11:48:49 DONE stewart_brand 8:49 [network] stewart_brand: DONE 177 ties -> /home/drdoeg/taller/symbols/cybernetic_elite/relations/stewart_brand.json
09-28 11:48:59 DONE theodore_kaczynski ork] theodore_kaczynski: DONE 136 ties -> /home/drdoeg/taller/symbols/cybernetic_elite/relations/theodore_kaczynski.json
09-28 11:49:22 DONE trilateral_commission rilateral_commission: DONE 132 ties -> /home/drdoeg/taller/symbols/cybernetic_elite/relations/trilateral_commission.json
09-28 11:49:54 DONE whole_earth_catalog rk] whole_earth_catalog: DONE 81 ties -> /home/drdoeg/taller/symbols/cybernetic_elite/relations/whole_earth_catalog.json
09-28 11:50:03 DONE vicky_ward 8 11:50:03 [network] vicky_ward: DONE 104 ties -> /home/drdoeg/taller/symbols/cybernetic_elite/relations/vicky_ward.json
09-28 11:51:01 DONE warren_mcculloch network] warren_mcculloch: DONE 126 ties -> /home/drdoeg/taller/symbols/cybernetic_elite/relations/warren_mcculloch.json
09-28 11:51:01 extract finished: {'done': 62}
