09-14 04:53:45 batch: 12 to run, 5 at a time
09-14 04:53:45 start reuben (Reuben)
09-14 04:53:45 start simeon (Simeon)
09-14 04:53:45 start levi (Levi)
09-14 04:53:45 start judah (Judah)
09-14 04:53:45 start dan (Dan)
09-14 05:00:40 DONE reuben: 1250 lines, committed and pushed
09-14 05:00:40 start naphtali (Naphtali)
09-14 05:03:52 DONE dan: 976 lines, committed and pushed
09-14 05:03:52 start gad (Gad)
09-14 05:05:58 DONE judah: 1518 lines, committed and pushed
09-14 05:05:58 start asher (Asher)
09-14 05:06:28 DONE levi: 1620 lines, committed and pushed
09-14 05:06:28 start issachar (Issachar)
09-14 05:06:45 DONE simeon: 1291 lines, committed and pushed
09-14 05:06:45 start zebulun (Zebulun)
09-14 05:10:36 DONE naphtali: 1404 lines, committed and pushed
09-14 05:10:36 start joseph (Joseph)
09-14 05:13:59 DONE gad: 1530 lines, committed and pushed
09-14 05:13:59 start benjamin (Benjamin)
09-14 05:14:17 DONE asher: 1081 lines, committed and pushed
09-14 05:16:20 DONE issachar: 1517 lines, committed and pushed
09-14 05:16:35 DONE zebulun: 1708 lines, committed and pushed
09-14 05:21:38 DONE joseph: 1345 lines, committed and pushed
09-14 05:23:45 DONE benjamin: 1484 lines, committed and pushed
09-14 05:23:45 batch finished: {'done': 12}
