09-17 11:43:06 batch heroes: 128 to run, 8 at a time
09-17 11:43:06 start achilles (Achilles)
09-17 11:43:06 start hector (Hector)
09-17 11:43:06 start agamemnon (Agamemnon)
09-17 11:43:06 start helen (Helen of Troy)
09-17 11:43:06 start menelaus (Menelaus)
09-17 11:43:06 start paris (Paris (Alexandros))
09-17 11:43:06 start ajax (Ajax (the Greater, son of Telamon))
09-17 11:43:06 start priam (Priam)
09-17 11:48:41 DONE achilles: 665 lines, committed and pushed
09-17 11:48:41 start diomedes (Diomedes)
09-17 11:49:34 DONE priam: 684 lines, committed and pushed
09-17 11:49:34 start patroclus (Patroclus)
09-17 11:49:48 DONE agamemnon: 548 lines, committed and pushed
09-17 11:49:48 start nestor (Nestor)
09-17 11:50:01 DONE helen: 536 lines, committed and pushed
09-17 11:50:01 start penelope (Penelope)
09-17 11:50:32 DONE menelaus: 698 lines, committed and pushed
09-17 11:50:32 start telemachus (Telemachus)
09-17 11:50:36 DONE hector: 700 lines, committed and pushed
09-17 11:50:36 start odysseus_hero (Odysseus (the hero and his cult))
09-17 11:51:02 DONE paris: 768 lines, committed and pushed
09-17 11:51:02 start perseus (Perseus)
09-17 11:51:18 DONE ajax: 704 lines, committed and pushed
09-17 11:51:18 start theseus (Theseus)
09-17 11:53:32 DONE nestor: 384 lines, committed and pushed
09-17 11:53:32 start jason (Jason)
09-17 11:56:08 DONE patroclus: 732 lines, committed and pushed
09-17 11:56:08 start medea (Medea)
09-17 11:56:27 DONE diomedes: 858 lines, committed and pushed
09-17 11:56:27 start orpheus (Orpheus)
09-17 11:56:28 DONE penelope: 603 lines, committed and pushed
09-17 11:56:28 start cadmus (Cadmus)
09-17 11:57:46 DONE telemachus: 591 lines, committed and pushed
09-17 11:57:46 start bellerophon (Bellerophon)
09-17 11:58:01 DONE theseus: 486 lines, committed and pushed
09-17 11:58:01 start oedipus (Oedipus)
09-17 11:58:29 DONE odysseus_hero: 707 lines, committed and pushed
09-17 11:58:29 start antigone (Antigone)
09-17 11:58:54 DONE perseus: 679 lines, committed and pushed
09-17 11:58:54 start atalanta (Atalanta)
09-17 11:59:29 DONE jason: 402 lines, committed and pushed
09-17 11:59:29 start meleager (Meleager)
09-17 12:01:28 DONE medea: 402 lines, committed and pushed
09-17 12:01:28 start philoctetes (Philoctetes)
09-17 12:02:51 DONE orpheus: 752 lines, committed and pushed
09-17 12:02:51 start neoptolemus (Neoptolemus (Pyrrhus))
09-17 12:03:33 DONE antigone: 688 lines, committed and pushed
09-17 12:03:33 start iphigenia (Iphigenia)
09-17 12:04:12 DONE bellerophon: 679 lines, committed and pushed
09-17 12:04:12 start cassandra (Cassandra)
09-17 12:04:15 DONE cadmus: 739 lines, committed and pushed
09-17 12:04:15 start andromeda (Andromeda)
09-17 12:05:05 DONE oedipus: 680 lines, committed and pushed
09-17 12:05:05 start daedalus_and_icarus (Daedalus and Icarus)
09-17 12:06:19 DONE meleager: 719 lines, committed and pushed
09-17 12:06:19 start tantalus (Tantalus)
09-17 12:08:20 DONE philoctetes: 575 lines, committed and pushed
09-17 12:08:20 start sisyphus (Sisyphus)
09-17 12:08:43 DONE atalanta: 649 lines, committed and pushed
09-17 12:08:43 start pelops (Pelops)
09-17 12:10:06 DONE neoptolemus: 606 lines, committed and pushed
09-17 12:10:06 start orestes (Orestes)
09-17 12:10:39 DONE cassandra: 542 lines, committed and pushed
09-17 12:10:39 start argonauts (The Argonauts)
09-17 12:10:57 DONE daedalus_and_icarus: 523 lines, committed and pushed
09-17 12:10:57 start aeneas_hero (Aeneas (the hero and his cult))
09-17 12:10:59 DONE iphigenia: 601 lines, committed and pushed
09-17 12:10:59 start turnus (Turnus)
09-17 12:12:34 DONE tantalus: 776 lines, committed and pushed
09-17 12:12:34 start evander (Evander)
09-17 12:13:31 DONE sisyphus: 541 lines, committed and pushed
09-17 12:13:31 start ascanius (Ascanius (Iulus))
09-17 12:14:52 DONE andromeda: 607 lines, committed and pushed
09-17 12:14:52 start lavinia (Lavinia)
09-17 12:15:35 DONE turnus: 423 lines, committed and pushed
09-17 12:15:35 start camilla (Camilla)
09-17 12:17:02 DONE pelops: 636 lines, committed and pushed
09-17 12:17:02 start nisus_and_euryalus (Nisus and Euryalus)
09-17 12:17:19 DONE orestes: 712 lines, committed and pushed
09-17 12:17:19 start pallas (Pallas (son of Evander))
09-17 12:17:42 DONE argonauts: 617 lines, committed and pushed
09-17 12:17:42 start romulus_and_remus (Romulus and Remus)
09-17 12:18:18 DONE aeneas_hero: 627 lines, committed and pushed
09-17 12:18:18 start horatius_cocles (Horatius Cocles)
09-17 12:18:31 DONE evander: 669 lines, committed and pushed
09-17 12:18:31 start mucius_scaevola (Gaius Mucius Scaevola)
09-17 12:19:28 DONE ascanius: 673 lines, committed and pushed
09-17 12:19:28 start cloelia (Cloelia)
09-17 12:20:27 DONE camilla: 661 lines, committed and pushed
09-17 12:20:27 start beowulf (Beowulf)
09-17 12:22:01 DONE nisus_and_euryalus: 588 lines, committed and pushed
09-17 12:22:01 start starkad (Starkad (Starkaðr))
09-17 12:22:21 DONE horatius_cocles: 497 lines, committed and pushed
09-17 12:22:21 start ragnar_lodbrok (Ragnar Lodbrok)
09-17 12:22:33 DONE pallas: 732 lines, committed and pushed
09-17 12:22:33 start hervor (Hervör)
09-17 12:22:51 DONE mucius_scaevola: 504 lines, committed and pushed
09-17 12:22:51 start helgi_hundingsbane (Helgi Hundingsbane)
09-17 12:24:03 DONE lavinia: 756 lines, committed and pushed
09-17 12:24:03 start dietrich_von_bern (Dietrich von Bern)
09-17 12:24:14 DONE romulus_and_remus: 513 lines, committed and pushed
09-17 12:24:14 start hagen (Hagen (Högni))
09-17 12:25:11 DONE cloelia: 468 lines, committed and pushed
09-17 12:25:11 start gunnar (Gunnar (Gunther))
09-17 12:28:09 DONE starkad: 507 lines, committed and pushed
09-17 12:28:09 start grettir (Grettir the Strong)
09-17 12:29:10 DONE hervor: 575 lines, committed and pushed
09-17 12:29:10 start egil (Egil Skallagrimsson)
09-17 12:29:11 DONE beowulf: 657 lines, committed and pushed
09-17 12:29:11 start rostam (Rostam)
09-17 12:29:36 DONE helgi_hundingsbane: 465 lines, committed and pushed
09-17 12:29:36 start sohrab (Sohrab)
09-17 12:29:49 DONE ragnar_lodbrok: 642 lines, committed and pushed
09-17 12:29:49 start zal (Zal)
09-17 12:31:20 DONE gunnar: 680 lines, committed and pushed
09-17 12:31:20 start siyavash (Siyavash)
09-17 12:31:48 DONE hagen: 652 lines, committed and pushed
09-17 12:31:48 start esfandiyar (Esfandiyar)
09-17 12:32:04 DONE dietrich_von_bern: 574 lines, committed and pushed
09-17 12:32:04 start kaveh (Kaveh the Blacksmith)
09-17 12:33:59 DONE egil: 338 lines, committed and pushed
09-17 12:33:59 start fereydun (Fereydun (Thraetaona))
09-17 12:34:19 DONE grettir: 633 lines, committed and pushed
09-17 12:34:19 start kay_khosrow (Kay Khosrow)
09-17 12:35:49 DONE rostam: 592 lines, committed and pushed
09-17 12:35:49 start arash (Arash the Archer)
09-17 12:36:20 DONE sohrab: 624 lines, committed and pushed
09-17 12:36:20 start garshasp (Garshasp (Keresaspa))
09-17 12:36:50 DONE zal: 539 lines, committed and pushed
09-17 12:36:50 start arjuna (Arjuna)
09-17 12:37:03 DONE esfandiyar: 597 lines, committed and pushed
09-17 12:37:03 start bhima (Bhima)
09-17 12:37:46 DONE kaveh: 492 lines, committed and pushed
09-17 12:37:46 start yudhishthira (Yudhishthira)
09-17 12:38:12 DONE siyavash: 463 lines, committed and pushed
09-17 12:38:12 start karna (Karna)
09-17 12:41:14 DONE fereydun: 531 lines, committed and pushed
09-17 12:41:14 start bhishma (Bhishma)
09-17 12:41:24 DONE kay_khosrow: 491 lines, committed and pushed
09-17 12:41:24 start drona (Drona)
09-17 12:41:49 DONE garshasp: 451 lines, committed and pushed
09-17 12:41:49 start abhimanyu (Abhimanyu)
09-17 12:42:23 DONE arash: 519 lines, committed and pushed
09-17 12:42:23 start draupadi (Draupadi)
09-17 12:44:44 DONE bhima: 588 lines, committed and pushed
09-17 12:44:44 start duryodhana (Duryodhana)
09-17 12:45:04 DONE arjuna: 594 lines, committed and pushed
09-17 12:45:04 start ashwatthama (Ashwatthama)
09-17 12:46:22 DONE karna: 611 lines, committed and pushed
09-17 12:46:22 start cu_chulainn (Cú Chulainn)
09-17 12:46:30 DONE bhishma: 419 lines, committed and pushed
09-17 12:46:30 start finn_mac_cumhaill (Finn mac Cumhaill)
09-17 12:47:30 DONE drona: 580 lines, committed and pushed
09-17 12:47:30 start oisin (Oisín)
09-17 12:48:15 DONE yudhishthira: 682 lines, committed and pushed
09-17 12:48:15 start diarmuid_and_grainne (Diarmuid and Gráinne)
09-17 12:48:48 DONE abhimanyu: 612 lines, committed and pushed
09-17 12:48:48 start conall_cernach (Conall Cernach)
09-17 12:49:58 DONE ashwatthama: 459 lines, committed and pushed
09-17 12:49:58 start fergus_mac_roich (Fergus mac Róich)
09-17 12:50:15 DONE draupadi: 615 lines, committed and pushed
09-17 12:50:15 start medb (Medb)
09-17 12:51:10 DONE cu_chulainn: 478 lines, committed and pushed
09-17 12:51:10 start deirdre (Deirdre)
09-17 12:51:55 DONE finn_mac_cumhaill: 504 lines, committed and pushed
09-17 12:51:55 start taliesin (Taliesin)
09-17 12:52:04 DONE duryodhana: 610 lines, committed and pushed
09-17 12:52:04 start culhwch (Culhwch)
09-17 12:52:17 DONE oisin: 454 lines, committed and pushed
09-17 12:52:17 start ilya_muromets (Ilya Muromets)
09-17 12:53:12 DONE diarmuid_and_grainne: 571 lines, committed and pushed
09-17 12:53:12 start dobrynya_nikitich (Dobrynya Nikitich)
09-17 12:53:40 DONE conall_cernach: 452 lines, committed and pushed
09-17 12:53:40 start alyosha_popovich (Alyosha Popovich)
09-17 12:55:09 DONE medb: 630 lines, committed and pushed
09-17 12:55:09 start sadko (Sadko)
09-17 12:56:35 DONE culhwch: 667 lines, committed and pushed
09-17 12:56:35 start svyatogor (Svyatogor)
09-17 12:56:47 DONE deirdre: 389 lines, committed and pushed
09-17 12:56:47 start volkh_vseslavyevich (Volkh Vseslavyevich)
09-17 12:56:59 DONE fergus_mac_roich: 561 lines, committed and pushed
09-17 12:56:59 start vainamoinen (Väinämöinen)
09-17 12:58:04 DONE taliesin: 519 lines, committed and pushed
09-17 12:58:04 start ilmarinen (Ilmarinen)
09-17 12:58:26 DONE ilya_muromets: 586 lines, committed and pushed
09-17 12:58:26 start lemminkainen (Lemminkäinen)
09-17 12:59:07 DONE alyosha_popovich: 481 lines, committed and pushed
09-17 12:59:07 start kullervo (Kullervo)
09-17 12:59:54 DONE dobrynya_nikitich: 507 lines, committed and pushed
09-17 12:59:54 start yamato_takeru (Yamato Takeru)
09-17 13:00:15 DONE sadko: 464 lines, committed and pushed
09-17 13:00:15 start momotaro (Momotarō)
09-17 13:01:09 DONE svyatogor: 527 lines, committed and pushed
09-17 13:01:09 start yoshitsune (Minamoto no Yoshitsune)
09-17 13:01:36 DONE volkh_vseslavyevich: 463 lines, committed and pushed
09-17 13:01:36 start benkei (Benkei)
09-17 13:02:36 DONE lemminkainen: 444 lines, committed and pushed
09-17 13:02:36 start kintaro (Kintarō)
09-17 13:03:11 DONE vainamoinen: 563 lines, committed and pushed
09-17 13:03:11 start urashima_taro (Urashima Tarō)
09-17 13:03:41 DONE kullervo: 496 lines, committed and pushed
09-17 13:03:41 start etana (Etana)
09-17 13:04:48 DONE yamato_takeru: 483 lines, committed and pushed
09-17 13:04:48 start sargon_legend (The Sargon Birth Legend)
09-17 13:05:31 DONE ilmarinen: 567 lines, committed and pushed
09-17 13:05:31 start adam (Adam)
09-17 13:05:52 DONE momotaro: 638 lines, committed and pushed
09-17 13:05:52 start eve (Eve)
09-17 13:07:19 DONE kintaro: 561 lines, committed and pushed
09-17 13:07:19 start cain_and_abel (Cain and Abel)
09-17 13:09:01 DONE yoshitsune: 577 lines, committed and pushed
09-17 13:09:01 start enoch (Enoch)
09-17 13:09:20 DONE benkei: 491 lines, committed and pushed
09-17 13:09:20 start nimrod (Nimrod)
09-17 13:09:43 DONE urashima_taro: 550 lines, committed and pushed
09-17 13:09:43 start lot (Lot and his wife)
09-17 13:09:58 DONE eve: 387 lines, committed and pushed
09-17 13:09:58 start job (Job)
09-17 13:10:31 DONE etana: 616 lines, committed and pushed
09-17 13:10:31 start jonah (Jonah)
09-17 13:11:51 DONE sargon_legend: 643 lines, committed and pushed
09-17 13:11:51 start samson (Samson)
09-17 13:13:28 DONE adam: 665 lines, committed and pushed
09-17 13:13:28 start delilah (Delilah)
09-17 13:14:46 DONE nimrod: 545 lines, committed and pushed
09-17 13:14:46 start gideon (Gideon)
09-17 13:14:52 DONE job: 579 lines, committed and pushed
09-17 13:14:52 start deborah_and_jael (Deborah and Jael)
09-17 13:14:58 DONE cain_and_abel: 724 lines, committed and pushed
09-17 13:14:58 start judith (Judith)
09-17 13:15:15 DONE jonah: 563 lines, committed and pushed
09-17 13:15:15 start esther (Esther)
09-17 13:16:07 DONE lot: 460 lines, committed and pushed
09-17 13:16:07 start daniel (Daniel)
09-17 13:16:55 DONE enoch: 612 lines, committed and pushed
09-17 13:16:55 start joshua (Joshua)
09-17 13:18:59 DONE samson: 521 lines, committed and pushed
09-17 13:18:59 start elijah (Elijah)
09-17 13:19:47 DONE delilah: 525 lines, committed and pushed
09-17 13:19:47 start solomon (Solomon)
09-17 13:20:02 DONE esther: 480 lines, committed and pushed
09-17 13:20:02 start jacob (Jacob)
09-17 13:21:59 DONE judith: 475 lines, committed and pushed
09-17 13:21:59 start joseph_the_dreamer (Joseph the Dreamer)
09-17 13:22:35 DONE joshua: 594 lines, committed and pushed
09-17 13:22:35 start oranmiyan (Oranmiyan (Oranyan))
09-17 13:22:43 DONE deborah_and_jael: 642 lines, committed and pushed
09-17 13:22:43 start moremi_ajasoro (Moremi Ajasoro)
09-17 13:24:16 DONE daniel: 602 lines, committed and pushed
09-17 13:26:36 DONE gideon: 671 lines, committed and pushed
09-17 13:26:55 DONE solomon: 502 lines, committed and pushed
09-17 13:27:10 DONE elijah: 526 lines, committed and pushed
09-17 13:27:35 DONE jacob: 620 lines, committed and pushed
09-17 13:30:17 DONE joseph_the_dreamer: 583 lines, committed and pushed
09-17 13:31:38 DONE oranmiyan: 527 lines, committed and pushed
09-17 14:02:45 DONE moremi_ajasoro: 548 lines, committed and pushed
09-17 14:02:45 batch heroes finished: {'done': 128}
09-17 14:03:15 batch heroes: 158 to run, 8 at a time
09-17 14:03:15 start minos (Minos)
09-17 14:03:15 start midas (Midas)
09-17 14:03:15 start deucalion_and_pyrrha (Deucalion and Pyrrha)
09-17 14:03:15 start io (Io)
09-17 14:03:15 start pandora (Pandora)
09-17 14:03:15 start arachne (Arachne)
09-17 14:03:15 start niobe (Niobe)
09-17 14:03:15 start narcissus_and_echo (Narcissus and Echo)
09-17 14:09:25 DONE io: 531 lines, committed and pushed
09-17 14:09:25 start pygmalion (Pygmalion)
09-17 14:09:28 DONE midas: 786 lines, committed and pushed
09-17 14:09:28 start phaethon (Phaethon)
09-17 14:09:29 DONE arachne: 583 lines, committed and pushed
09-17 14:09:29 start hippolytus_and_phaedra (Hippolytus and Phaedra)
09-17 14:09:30 DONE narcissus_and_echo: 455 lines, committed and pushed
09-17 14:09:30 start alcestis_and_admetus (Alcestis and Admetus)
09-17 14:09:32 DONE niobe: 555 lines, committed and pushed
09-17 14:09:32 start peleus (Peleus)
09-17 14:10:02 DONE deucalion_and_pyrrha: 698 lines, committed and pushed
09-17 14:10:02 start tiresias (Tiresias)
09-17 14:11:47 DONE minos: 564 lines, committed and pushed
09-17 14:11:47 start amphiaraus (Amphiaraus)
09-17 14:12:35 DONE pandora: 560 lines, committed and pushed
09-17 14:12:35 start trophonius (Trophonius)
09-17 14:14:01 DONE alcestis_and_admetus: 622 lines, committed and pushed
09-17 14:14:01 start semele (Semele)
09-17 14:14:20 DONE pygmalion: 775 lines, committed and pushed
09-17 14:14:20 start leda (Leda)
09-17 14:14:33 DONE phaethon: 506 lines, committed and pushed
09-17 14:14:33 start actaeon (Actaeon)
09-17 14:15:17 DONE peleus: 485 lines, committed and pushed
09-17 14:15:17 start pentheus (Pentheus)
09-17 14:16:10 DONE hippolytus_and_phaedra: 578 lines, committed and pushed
09-17 14:16:10 start callisto (Callisto)
09-17 14:16:16 DONE tiresias: 609 lines, committed and pushed
09-17 14:16:16 start deianira (Deianira)
09-17 14:17:42 DONE amphiaraus: 462 lines, committed and pushed
09-17 14:17:42 start alcmene_and_amphitryon (Alcmene and Amphitryon)
09-17 14:18:32 DONE semele: 515 lines, committed and pushed
09-17 14:18:32 start electra (Electra)
09-17 14:19:43 DONE trophonius: 724 lines, committed and pushed
09-17 14:19:43 start clytemnestra (Clytemnestra)
09-17 14:20:00 DONE callisto: 401 lines, committed and pushed
09-17 14:20:00 start andromache (Andromache)
09-17 14:20:11 DONE leda: 517 lines, committed and pushed
09-17 14:20:11 start hecuba (Hecuba)
09-17 14:21:25 DONE actaeon: 797 lines, committed and pushed
09-17 14:21:25 start polyxena (Polyxena)
09-17 14:21:28 DONE deianira: 832 lines, committed and pushed
09-17 14:21:28 start penthesilea (Penthesilea)
09-17 14:21:40 DONE pentheus: 664 lines, committed and pushed
09-17 14:21:40 start memnon (Memnon)
09-17 14:23:29 DONE alcmene_and_amphitryon: 668 lines, committed and pushed
09-17 14:23:29 start sarpedon (Sarpedon)
09-17 14:23:47 DONE electra: 527 lines, committed and pushed
09-17 14:23:47 start laocoon (Laocoön)
09-17 14:24:10 DONE andromache: 500 lines, committed and pushed
09-17 14:24:10 start palamedes (Palamedes)
09-17 14:25:49 DONE memnon: 451 lines, committed and pushed
09-17 14:25:49 start protesilaus_and_laodamia (Protesilaus and Laodamia)
09-17 14:26:10 DONE hecuba: 556 lines, committed and pushed
09-17 14:26:10 start philomela_and_procne (Philomela and Procne)
09-17 14:26:48 DONE polyxena: 450 lines, committed and pushed
09-17 14:26:48 start ixion (Ixion)
09-17 14:27:04 DONE clytemnestra: 679 lines, committed and pushed
09-17 14:27:04 start seven_against_thebes (The Seven against Thebes)
09-17 14:27:20 DONE penthesilea: 589 lines, committed and pushed
09-17 14:27:20 start adrastus (Adrastus)
09-17 14:28:17 DONE laocoon: 541 lines, committed and pushed
09-17 14:28:17 start rhadamanthus_and_aeacus (Rhadamanthus and Aeacus)
09-17 14:29:26 DONE palamedes: 646 lines, committed and pushed
09-17 14:29:26 start heracles_labours (The Twelve Labours (the Heracles cycle as story))
09-17 14:29:58 DONE sarpedon: 662 lines, committed and pushed
09-17 14:29:58 start lucretia (Lucretia)
09-17 14:31:26 DONE philomela_and_procne: 622 lines, committed and pushed
09-17 14:31:26 start verginia (Verginia)
09-17 14:32:04 DONE ixion: 598 lines, committed and pushed
09-17 14:32:04 start coriolanus (Coriolanus)
09-17 14:33:27 DONE protesilaus_and_laodamia: 622 lines, committed and pushed
09-17 14:33:27 start horatii_and_curiatii (The Horatii and Curiatii)
09-17 14:34:20 DONE adrastus: 587 lines, committed and pushed
09-17 14:34:20 start tarpeia (Tarpeia)
09-17 14:34:29 DONE seven_against_thebes: 837 lines, committed and pushed
09-17 14:34:29 start marcus_curtius (Marcus Curtius)
09-17 14:36:10 DONE rhadamanthus_and_aeacus: 655 lines, committed and pushed
09-17 14:36:10 start cumaean_sibyl (The Cumaean Sibyl)
09-17 14:36:21 DONE coriolanus: 611 lines, committed and pushed
09-17 14:36:21 start regulus (Marcus Atilius Regulus)
09-17 14:36:56 DONE lucretia: 488 lines, committed and pushed
09-17 14:36:56 start gudrun_kriemhild (Gudrun (Kriemhild))
09-17 14:38:04 DONE heracles_labours: 731 lines, committed and pushed
09-17 14:38:04 start sigmund (Sigmund)
09-17 14:38:18 DONE verginia: 687 lines, committed and pushed
09-17 14:38:18 start signy (Signy)
09-17 14:40:46 DONE horatii_and_curiatii: 632 lines, committed and pushed
09-17 14:40:46 start aslaug (Aslaug (Kráka))
09-17 14:41:01 DONE cumaean_sibyl: 518 lines, committed and pushed
09-17 14:41:01 start lagertha (Lagertha)
09-17 14:41:06 DONE regulus: 560 lines, committed and pushed
09-17 14:41:06 start hrolf_kraki (Hrolf Kraki)
09-17 14:41:39 DONE marcus_curtius: 523 lines, committed and pushed
09-17 14:41:39 start bodvar_bjarki (Bödvar Bjarki)
09-17 14:41:46 DONE tarpeia: 715 lines, committed and pushed
09-17 14:41:46 start atli_etzel (Atli (Etzel, the Attila of legend))
09-17 14:42:18 DONE gudrun_kriemhild: 554 lines, committed and pushed
09-17 14:42:18 start kay_kavus (Kay Kavus)
09-17 14:43:41 DONE sigmund: 747 lines, committed and pushed
09-17 14:43:41 start afrasiyab (Afrasiyab)
09-17 14:44:12 DONE signy: 668 lines, committed and pushed
09-17 14:44:12 start bizhan_and_manizheh (Bizhan and Manizheh)
09-17 14:46:29 DONE hrolf_kraki: 569 lines, committed and pushed
09-17 14:46:29 start gordafarid (Gordafarid)
09-17 14:47:35 DONE lagertha: 600 lines, committed and pushed
09-17 14:47:35 start rudabeh (Rudabeh)
09-17 14:48:32 DONE kay_kavus: 647 lines, committed and pushed
09-17 14:48:32 start bahram_gur (Bahram Gur)
09-17 14:48:42 DONE bodvar_bjarki: 547 lines, committed and pushed
09-17 14:48:42 start shakuntala (Shakuntala)
09-17 14:49:17 DONE aslaug: 605 lines, committed and pushed
09-17 14:49:17 start nala_and_damayanti (Nala and Damayanti)
09-17 14:49:30 DONE atli_etzel: 553 lines, committed and pushed
09-17 14:49:30 start savitri_and_satyavan (Savitri and Satyavan)
09-17 14:50:25 DONE afrasiyab: 711 lines, committed and pushed
09-17 14:50:25 start harishchandra (Harishchandra)
09-17 14:50:49 DONE bizhan_and_manizheh: 626 lines, committed and pushed
09-17 14:50:49 start prahlada (Prahlada)
09-17 14:51:52 DONE gordafarid: 460 lines, committed and pushed
09-17 14:51:52 start dhruva (Dhruva)
09-17 14:53:33 DONE shakuntala: 498 lines, committed and pushed
09-17 14:53:33 start ekalavya (Ekalavya)
09-17 14:54:07 DONE rudabeh: 598 lines, committed and pushed
09-17 14:54:07 start ghatotkacha (Ghatotkacha)
09-17 14:54:23 DONE savitri_and_satyavan: 481 lines, committed and pushed
09-17 14:54:23 start kunti (Kunti)
09-17 14:55:13 DONE nala_and_damayanti: 569 lines, committed and pushed
09-17 14:55:13 start gandhari (Gandhari)
09-17 14:55:43 DONE bahram_gur: 642 lines, committed and pushed
09-17 14:55:43 start sugriva (Sugriva)
09-17 14:56:02 DONE prahlada: 349 lines, committed and pushed
09-17 14:56:02 start vibhishana (Vibhishana)
09-17 14:56:55 DONE harishchandra: 556 lines, committed and pushed
09-17 14:56:55 start emer (Emer)
09-17 14:57:31 DONE dhruva: 510 lines, committed and pushed
09-17 14:57:31 start scathach (Scáthach)
09-17 14:57:55 DONE ekalavya: 548 lines, committed and pushed
09-17 14:57:55 start ferdiad (Ferdiad)
09-17 14:59:57 DONE kunti: 574 lines, committed and pushed
09-17 14:59:57 start conchobar (Conchobar mac Nessa)
09-17 15:00:44 DONE ghatotkacha: 566 lines, committed and pushed
09-17 15:00:44 start etain (Étaín)
09-17 15:00:59 DONE sugriva: 560 lines, committed and pushed
09-17 15:00:59 start pwyll_and_pryderi (Pwyll and Pryderi)
09-17 15:01:05 DONE gandhari: 522 lines, committed and pushed
09-17 15:01:05 start peredur (Peredur)
09-17 15:02:33 DONE vibhishana: 640 lines, committed and pushed
09-17 15:02:33 start owain (Owain (Yvain))
09-17 15:03:39 DONE emer: 464 lines, committed and pushed
09-17 15:03:39 start vasilisa (Vasilisa the Beautiful)
09-17 15:04:30 DONE ferdiad: 565 lines, committed and pushed
09-17 15:04:30 start ivan_tsarevich (Ivan Tsarevich)
09-17 15:04:59 DONE etain: 387 lines, committed and pushed
09-17 15:04:59 start marya_morevna (Marya Morevna)
09-17 15:05:00 DONE scathach: 612 lines, committed and pushed
09-17 15:05:00 start mikula_selyaninovich (Mikula Selyaninovich)
09-17 15:05:47 DONE conchobar: 647 lines, committed and pushed
09-17 15:05:47 start libuse (Libuše)
09-17 15:06:42 DONE pwyll_and_pryderi: 497 lines, committed and pushed
09-17 15:06:42 start marko_kraljevic (Marko Kraljević)
09-17 15:06:59 DONE peredur: 583 lines, committed and pushed
09-17 15:06:59 start lech_czech_and_rus (Lech, Czech and Rus)
09-17 15:08:27 DONE mikula_selyaninovich: 382 lines, committed and pushed
09-17 15:08:27 start krak_and_wanda (Krak and Wanda)
09-17 15:09:05 DONE marya_morevna: 466 lines, committed and pushed
09-17 15:09:05 start aino (Aino)
09-17 15:09:06 DONE owain: 560 lines, committed and pushed
09-17 15:09:06 start joukahainen (Joukahainen)
09-17 15:10:02 DONE vasilisa: 600 lines, committed and pushed
09-17 15:10:02 start empress_jingu (Empress Jingū)
09-17 15:11:01 DONE marko_kraljevic: 457 lines, committed and pushed
09-17 15:11:01 start jimmu (Emperor Jimmu)
09-17 15:11:02 DONE libuse: 746 lines, committed and pushed
09-17 15:11:02 start kaguya_hime (Kaguya-hime)
09-17 15:11:13 DONE ivan_tsarevich: 564 lines, committed and pushed
09-17 15:11:13 start abe_no_seimei (Abe no Seimei)
09-17 15:12:53 DONE lech_czech_and_rus: 474 lines, committed and pushed
09-17 15:12:53 start tawara_toda (Tawara Tōda (Fujiwara no Hidesato))
09-17 15:14:26 DONE krak_and_wanda: 511 lines, committed and pushed
09-17 15:14:26 start issun_boshi (Issun-bōshi)
09-17 15:14:46 DONE aino: 515 lines, committed and pushed
09-17 15:14:46 start enmerkar (Enmerkar)
09-17 15:15:27 DONE joukahainen: 497 lines, committed and pushed
09-17 15:15:27 start naram_sin_legend (Naram-Sin (the Cuthean Legend))
09-17 15:16:04 DONE kaguya_hime: 353 lines, committed and pushed
09-17 15:16:04 start ahiqar (Ahiqar)
09-17 15:16:13 DONE empress_jingu: 738 lines, committed and pushed
09-17 15:16:13 start sinuhe (Sinuhe)
09-17 15:16:28 DONE abe_no_seimei: 501 lines, committed and pushed
09-17 15:16:28 start shipwrecked_sailor (The Shipwrecked Sailor)
09-17 15:18:04 DONE jimmu: 597 lines, committed and pushed
09-17 15:18:04 start setne_khamwas (Setne Khamwas (Khaemwaset))
09-17 15:18:32 DONE tawara_toda: 640 lines, committed and pushed
09-17 15:18:32 start djedi (Djedi the magician)
09-17 15:20:22 DONE enmerkar: 684 lines, committed and pushed
09-17 15:20:22 start wenamun (Wenamun)
09-17 15:20:37 DONE shipwrecked_sailor: 417 lines, committed and pushed
09-17 15:20:37 start two_brothers (The Two Brothers (Anpu and Bata))
09-17 15:20:47 DONE naram_sin_legend: 649 lines, committed and pushed
09-17 15:20:47 start rhampsinitus_thief (The Thief of Rhampsinitus)
09-17 15:20:58 DONE sinuhe: 519 lines, committed and pushed
09-17 15:20:58 start nitocris (Nitocris (the legend))
09-17 15:21:00 DONE issun_boshi: 461 lines, committed and pushed
09-17 15:21:00 start ollantay (Ollantay)
09-17 15:21:01 DONE ahiqar: 494 lines, committed and pushed
09-17 15:21:01 start inkarri (Inkarrí)
09-17 15:23:38 DONE setne_khamwas: 504 lines, committed and pushed
09-17 15:23:38 start naymlap (Naymlap)
09-17 15:23:55 DONE djedi: 578 lines, committed and pushed
09-17 15:23:55 start tacaynamo (Tacaynamo)
09-17 15:24:21 DONE nitocris: 424 lines, committed and pushed
09-17 15:24:21 start chuquillanto_and_acoytapia (Chuquillanto and Acoytapia)
09-17 15:24:42 DONE wenamun: 538 lines, committed and pushed
09-17 15:24:42 start cari_and_zapana (Cari and Zapana)
09-17 15:25:09 DONE rhampsinitus_thief: 539 lines, committed and pushed
09-17 15:25:09 start topiltzin_ce_acatl (Topiltzin Ce Acatl Quetzalcoatl (the man))
09-17 15:25:41 DONE two_brothers: 477 lines, committed and pushed
09-17 15:25:41 start huemac (Huemac)
09-17 15:25:59 DONE inkarri: 544 lines, committed and pushed
09-17 15:25:59 start copil (Copil)
09-17 15:26:01 DONE ollantay: 545 lines, committed and pushed
09-17 15:26:01 start malinalxochitl (Malinalxochitl)
09-17 15:27:39 DONE chuquillanto_and_acoytapia: 458 lines, committed and pushed
09-17 15:27:39 start chimalman (Chimalman)
09-17 15:27:49 DONE naymlap: 414 lines, committed and pushed
09-17 15:27:49 start el_cid (El Cid (Rodrigo Díaz de Vivar))
09-17 15:28:23 DONE tacaynamo: 576 lines, committed and pushed
09-17 15:28:23 start roland_at_roncevaux (Roland and Roncevaux)
09-17 15:29:08 DONE cari_and_zapana: 427 lines, committed and pushed
09-17 15:29:08 start bernardo_del_carpio (Bernardo del Carpio)
09-17 15:30:01 DONE malinalxochitl: 336 lines, committed and pushed
09-17 15:30:01 start don_rodrigo_and_la_cava (Don Rodrigo and La Cava)
09-17 15:30:29 DONE copil: 657 lines, committed and pushed
09-17 15:30:29 start seven_infantes_of_lara (The Seven Infantes of Lara)
09-17 15:30:40 DONE topiltzin_ce_acatl: 597 lines, committed and pushed
09-17 15:30:40 start pelayo (Pelayo)
09-17 15:30:53 DONE huemac: 490 lines, committed and pushed
09-17 15:30:53 start jaun_zuria (Jaun Zuria)
09-17 15:31:22 DONE chimalman: 437 lines, committed and pushed
09-17 15:31:22 start fernan_gonzalez (Fernán González)
09-17 15:34:07 DONE roland_at_roncevaux: 545 lines, committed and pushed
09-17 15:34:07 start wilhelm_tell (Wilhelm Tell)
09-17 15:34:24 DONE el_cid: 529 lines, committed and pushed
09-17 15:34:24 start tristan_and_isolde (Tristan and Isolde)
09-17 15:35:08 DONE seven_infantes_of_lara: 458 lines, committed and pushed
09-17 15:35:08 start parzival (Parzival (Perceval))
09-17 15:35:24 DONE pelayo: 560 lines, committed and pushed
09-17 15:35:24 start tannhauser (Tannhäuser)
09-17 15:35:27 DONE fernan_gonzalez: 461 lines, committed and pushed
09-17 15:35:27 start faust (Faust)
09-17 15:36:21 DONE bernardo_del_carpio: 618 lines, committed and pushed
09-17 15:36:21 start till_eulenspiegel (Till Eulenspiegel)
09-17 15:36:39 DONE don_rodrigo_and_la_cava: 741 lines, committed and pushed
09-17 15:36:39 start pied_piper (The Pied Piper of Hamelin)
09-17 15:36:56 DONE jaun_zuria: 485 lines, committed and pushed
09-17 15:36:56 start lohengrin (Lohengrin)
09-17 15:39:39 DONE tannhauser: 714 lines, committed and pushed
09-17 15:39:39 start robin_hood (Robin Hood)
09-17 15:39:45 DONE wilhelm_tell: 566 lines, committed and pushed
09-17 15:39:45 start makandal (François Makandal)
09-17 15:40:04 DONE faust: 524 lines, committed and pushed
09-17 15:40:04 start boukman (Dutty Boukman)
09-17 15:40:12 DONE parzival: 439 lines, committed and pushed
09-17 15:40:12 start anacaona (Anacaona)
09-17 15:40:54 DONE tristan_and_isolde: 589 lines, committed and pushed
09-17 15:40:54 start caupolican (Caupolicán)
09-17 15:41:37 DONE till_eulenspiegel: 614 lines, committed and pushed
09-17 15:41:37 start galvarino (Galvarino)
09-17 15:42:06 DONE pied_piper: 613 lines, committed and pushed
09-17 15:42:06 start fresia_and_guacolda (Fresia and Guacolda)
09-17 15:42:24 DONE lohengrin: 539 lines, committed and pushed
09-17 15:42:24 start anahi (Anahí)
09-17 15:43:48 DONE makandal: 374 lines, committed and pushed
09-17 15:43:48 start irupe (Irupé)
09-17 15:44:25 DONE boukman: 566 lines, committed and pushed
09-17 15:44:25 start falling_star (Falling Star (Wohpe's son))
09-17 15:45:36 DONE anahi: 461 lines, committed and pushed
09-17 15:45:36 start stone_boy (Stone Boy (Iyan Hokshi))
09-17 15:45:44 DONE robin_hood: 595 lines, committed and pushed
09-17 15:45:44 start egle (Eglė the Queen of Serpents)
09-17 15:46:27 DONE anacaona: 616 lines, committed and pushed
09-17 15:46:27 start jurate_and_kastytis (Jūratė and Kastytis)
09-17 15:46:36 DONE galvarino: 556 lines, committed and pushed
09-17 15:46:36 start antar (Antar (Antarah ibn Shaddad))
09-17 15:46:44 DONE fresia_and_guacolda: 507 lines, committed and pushed
09-17 15:46:44 start majnun_layla (Majnun Layla (Qays ibn al-Mulawwah))
09-17 15:47:06 DONE caupolican: 742 lines, committed and pushed
09-17 15:47:06 start luqman (Luqman)
09-17 15:48:19 DONE irupe: 458 lines, committed and pushed
09-17 15:48:19 start dhul_qarnayn (Dhul-Qarnayn)
09-17 15:49:44 DONE falling_star: 496 lines, committed and pushed
09-17 15:49:44 start al_khidr (Al-Khidr)
09-17 15:49:52 DONE stone_boy: 446 lines, committed and pushed
09-17 15:49:52 start seven_sleepers (The Seven Sleepers (the Companions of the Cave))
09-17 15:50:49 DONE egle: 563 lines, committed and pushed
09-17 15:50:49 start ajaka (Ajaka (Dada Ajaka))
09-17 15:51:42 DONE majnun_layla: 556 lines, committed and pushed
09-17 15:51:42 start bashorun_gaa (Bashorun Gaa)
09-17 15:51:48 DONE luqman: 576 lines, committed and pushed
09-17 15:51:48 start efunsetan_aniwura (Efunsetan Aniwura)
09-17 15:52:01 DONE antar: 507 lines, committed and pushed
09-17 15:52:16 DONE jurate_and_kastytis: 639 lines, committed and pushed
09-17 15:53:35 DONE dhul_qarnayn: 553 lines, committed and pushed
09-17 15:53:55 DONE al_khidr: 491 lines, committed and pushed
09-17 15:54:36 DONE seven_sleepers: 517 lines, committed and pushed
09-17 15:56:15 DONE ajaka: 512 lines, committed and pushed
09-17 15:56:37 DONE bashorun_gaa: 488 lines, committed and pushed
09-17 15:57:35 DONE efunsetan_aniwura: 582 lines, committed and pushed
09-17 15:57:35 batch heroes finished: {'done': 158}
