09-17 16:23:23 relations batch heroes: 286 to run, 8 at a time
09-17 16:23:23 start andean/cari_and_zapana
09-17 16:23:23 start andean/chuquillanto_and_acoytapia
09-17 16:23:23 start andean/ollantay
09-17 16:23:23 start andean/inkarri
09-17 16:23:23 start andean/naymlap
09-17 16:23:23 start arabic/al_khidr
09-17 16:23:23 start arabic/antar
09-17 16:23:23 start andean/tacaynamo
09-17 16:23:36 DONE andean/tacaynamo
09-17 16:23:36 start arabic/dhul_qarnayn
09-17 16:23:36 DONE andean/ollantay
09-17 16:23:36 start arabic/luqman
09-17 16:23:43 DONE andean/cari_and_zapana
09-17 16:23:43 start arabic/majnun_layla
09-17 16:23:45 DONE arabic/antar
09-17 16:23:45 start arabic/seven_sleepers
09-17 16:23:50 DONE andean/chuquillanto_and_acoytapia
09-17 16:23:50 start aztec/chimalman
09-17 16:23:55 DONE andean/naymlap
09-17 16:23:55 start aztec/copil
09-17 16:24:00 DONE arabic/majnun_layla
09-17 16:24:00 start aztec/huemac
09-17 16:24:13 DONE arabic/seven_sleepers
09-17 16:24:13 start aztec/malinalxochitl
09-17 16:24:18 DONE aztec/chimalman
09-17 16:24:18 start aztec/topiltzin_ce_acatl
09-17 16:24:24 DONE arabic/al_khidr
09-17 16:24:24 start baltic/egle
09-17 16:24:24 DONE arabic/luqman
09-17 16:24:24 start baltic/jurate_and_kastytis
09-17 16:24:26 DONE aztec/copil
09-17 16:24:26 start biblical/adam
09-17 16:24:34 DONE aztec/malinalxochitl
09-17 16:24:34 start biblical/cain_and_abel
09-17 16:24:38 DONE andean/inkarri
09-17 16:24:38 start biblical/daniel
09-17 16:24:42 DONE aztec/huemac
09-17 16:24:42 start biblical/deborah_and_jael
09-17 16:24:49 DONE baltic/egle
09-17 16:24:49 start biblical/delilah
09-17 16:24:55 DONE arabic/dhul_qarnayn
09-17 16:24:55 start biblical/elijah
09-17 16:24:57 DONE baltic/jurate_and_kastytis
09-17 16:24:57 start biblical/enoch
09-17 16:25:02 DONE biblical/deborah_and_jael
09-17 16:25:02 start biblical/esther
09-17 16:25:17 DONE biblical/esther
09-17 16:25:17 start biblical/eve
09-17 16:25:19 DONE biblical/daniel
09-17 16:25:19 start biblical/gideon
09-17 16:25:24 DONE biblical/delilah
09-17 16:25:24 start biblical/jacob
09-17 16:25:24 DONE aztec/topiltzin_ce_acatl
09-17 16:25:24 start biblical/job
09-17 16:25:42 DONE biblical/adam
09-17 16:25:42 start biblical/jonah
09-17 16:25:43 DONE biblical/gideon
09-17 16:25:43 start biblical/joseph_the_dreamer
09-17 16:25:59 DONE biblical/cain_and_abel
09-17 16:25:59 start biblical/joshua
09-17 16:26:00 DONE biblical/eve
09-17 16:26:00 start biblical/judith
09-17 16:26:05 DONE biblical/jacob
09-17 16:26:05 start biblical/lot
09-17 16:26:05 DONE biblical/elijah
09-17 16:26:05 start biblical/nimrod
09-17 16:26:07 DONE biblical/jonah
09-17 16:26:07 start biblical/samson
09-17 16:26:13 DONE biblical/judith
09-17 16:26:13 start biblical/solomon
09-17 16:26:32 DONE biblical/enoch
09-17 16:26:32 start celtic/conall_cernach
09-17 16:26:44 DONE biblical/joshua
09-17 16:26:44 start celtic/conchobar
09-17 16:26:48 DONE biblical/samson
09-17 16:26:48 start celtic/cu_chulainn
09-17 16:26:55 DONE biblical/job
09-17 16:26:55 start celtic/culhwch
09-17 16:27:05 DONE biblical/solomon
09-17 16:27:05 start celtic/deirdre
09-17 16:27:05 DONE biblical/lot
09-17 16:27:05 start celtic/diarmuid_and_grainne
09-17 16:27:12 DONE biblical/joseph_the_dreamer
09-17 16:27:12 start celtic/emer
09-17 16:27:13 DONE biblical/nimrod
09-17 16:27:13 start celtic/etain
09-17 16:27:56 DONE celtic/etain
09-17 16:27:56 start celtic/ferdiad
09-17 16:28:04 DONE celtic/conall_cernach
09-17 16:28:04 start celtic/fergus_mac_roich
09-17 16:28:05 DONE celtic/emer
09-17 16:28:05 start celtic/finn_mac_cumhaill
09-17 16:28:08 DONE celtic/deirdre
09-17 16:28:08 start celtic/medb
09-17 16:28:25 DONE celtic/diarmuid_and_grainne
09-17 16:28:25 start celtic/oisin
09-17 16:28:43 DONE celtic/culhwch
09-17 16:28:43 start celtic/owain
09-17 16:28:55 DONE celtic/cu_chulainn
09-17 16:28:55 start celtic/peredur
09-17 16:29:01 DONE celtic/conchobar
09-17 16:29:01 start celtic/pwyll_and_pryderi
09-17 16:29:10 DONE celtic/ferdiad
09-17 16:29:10 start celtic/scathach
09-17 16:29:31 DONE celtic/finn_mac_cumhaill
09-17 16:29:31 start celtic/taliesin
09-17 16:29:32 DONE celtic/owain
09-17 16:29:32 start egyptian/djedi
09-17 16:29:37 DONE celtic/oisin
09-17 16:29:37 start egyptian/nitocris
09-17 16:29:48 DONE egyptian/djedi
09-17 16:29:48 start egyptian/rhampsinitus_thief
09-17 16:29:54 DONE egyptian/rhampsinitus_thief
09-17 16:29:54 start egyptian/setne_khamwas
09-17 16:30:00 DONE celtic/fergus_mac_roich
09-17 16:30:00 start egyptian/shipwrecked_sailor
09-17 16:30:04 DONE egyptian/shipwrecked_sailor
09-17 16:30:04 start egyptian/sinuhe
09-17 16:30:08 DONE egyptian/nitocris
09-17 16:30:08 start egyptian/two_brothers
09-17 16:30:11 DONE celtic/medb
09-17 16:30:11 start egyptian/wenamun
09-17 16:30:13 DONE celtic/peredur
09-17 16:30:13 start finnic/aino
09-17 16:30:15 DONE celtic/scathach
09-17 16:30:15 start finnic/ilmarinen
09-17 16:30:25 DONE egyptian/wenamun
09-17 16:30:25 start finnic/joukahainen
09-17 16:30:36 DONE celtic/pwyll_and_pryderi
09-17 16:30:36 start finnic/kullervo
09-17 16:30:38 DONE celtic/taliesin
09-17 16:30:38 start finnic/lemminkainen
09-17 16:30:49 DONE egyptian/sinuhe
09-17 16:30:49 start finnic/vainamoinen
09-17 16:30:53 DONE finnic/aino
09-17 16:30:53 start greek/achilles
09-17 16:30:54 DONE egyptian/two_brothers
09-17 16:30:54 start greek/actaeon
09-17 16:31:10 DONE egyptian/setne_khamwas
09-17 16:31:10 start greek/adrastus
09-17 16:31:15 DONE finnic/joukahainen
09-17 16:31:15 start greek/agamemnon
09-17 16:31:29 DONE finnic/kullervo
09-17 16:31:29 start greek/ajax
09-17 16:31:46 DONE finnic/ilmarinen
09-17 16:31:46 start greek/alcestis_and_admetus
09-17 16:31:46 DONE finnic/lemminkainen
09-17 16:31:46 start greek/alcmene_and_amphitryon
09-17 16:32:04 DONE greek/actaeon
09-17 16:32:04 start greek/amphiaraus
09-17 16:32:49 DONE greek/adrastus
09-17 16:32:49 start greek/andromache
09-17 16:32:59 DONE greek/alcestis_and_admetus
09-17 16:32:59 start greek/andromeda
09-17 16:33:04 DONE greek/achilles
09-17 16:33:04 start greek/antigone
09-17 16:33:34 DONE greek/ajax
09-17 16:33:34 start greek/arachne
09-17 16:33:46 DONE greek/agamemnon
09-17 16:33:46 start greek/argonauts
09-17 16:33:48 DONE finnic/vainamoinen
09-17 16:33:48 start greek/atalanta
09-17 16:33:55 DONE greek/amphiaraus
09-17 16:33:55 start greek/bellerophon
09-17 16:34:15 DONE greek/alcmene_and_amphitryon
09-17 16:34:15 start greek/cadmus
09-17 16:34:20 DONE greek/andromeda
09-17 16:34:20 start greek/callisto
09-17 16:34:23 DONE greek/arachne
09-17 16:34:23 start greek/cassandra
09-17 16:34:24 DONE greek/andromache
09-17 16:34:24 start greek/clytemnestra
09-17 16:34:33 DONE greek/antigone
09-17 16:34:33 start greek/daedalus_and_icarus
09-17 16:35:17 DONE greek/bellerophon
09-17 16:35:17 start greek/deianira
09-17 16:35:23 DONE greek/atalanta
09-17 16:35:23 start greek/deucalion_and_pyrrha
09-17 16:35:23 DONE greek/callisto
09-17 16:35:23 start greek/diomedes
09-17 16:35:39 DONE greek/argonauts
09-17 16:35:39 start greek/electra
09-17 16:35:50 DONE greek/cassandra
09-17 16:35:50 start greek/hector
09-17 16:36:06 DONE greek/daedalus_and_icarus
09-17 16:36:06 start greek/hecuba
09-17 16:36:14 DONE greek/clytemnestra
09-17 16:36:14 start greek/helen
09-17 16:36:33 DONE greek/cadmus
09-17 16:36:33 start greek/heracles_labours
09-17 16:36:43 DONE greek/deucalion_and_pyrrha
09-17 16:36:43 start greek/hippolytus_and_phaedra
09-17 16:36:48 DONE greek/deianira
09-17 16:36:48 start greek/io
09-17 16:36:57 DONE greek/electra
09-17 16:36:57 start greek/iphigenia
09-17 16:37:46 DONE greek/diomedes
09-17 16:37:46 start greek/ixion
09-17 16:37:55 DONE greek/hippolytus_and_phaedra
09-17 16:37:55 start greek/jason
09-17 16:37:59 DONE greek/io
09-17 16:37:59 start greek/laocoon
09-17 16:38:15 DONE greek/iphigenia
09-17 16:38:15 start greek/leda
09-17 16:38:15 DONE greek/helen
09-17 16:38:15 start greek/medea
09-17 16:38:16 DONE greek/hecuba
09-17 16:38:16 start greek/meleager
09-17 16:38:31 DONE greek/heracles_labours
09-17 16:38:31 start greek/memnon
09-17 16:38:34 DONE greek/hector
09-17 16:38:34 start greek/menelaus
09-17 16:39:00 DONE greek/laocoon
09-17 16:39:00 start greek/midas
09-17 16:39:09 DONE greek/leda
09-17 16:39:09 start greek/minos
09-17 16:39:14 DONE greek/ixion
09-17 16:39:14 start greek/narcissus_and_echo
09-17 16:39:44 DONE greek/memnon
09-17 16:39:44 start greek/neoptolemus
09-17 16:40:03 DONE greek/jason
09-17 16:40:03 start greek/nestor
09-17 16:40:08 DONE greek/meleager
09-17 16:40:08 start greek/niobe
09-17 16:40:19 DONE greek/narcissus_and_echo
09-17 16:40:19 start greek/odysseus_hero
09-17 16:40:20 DONE greek/medea
09-17 16:40:20 start greek/oedipus
09-17 16:40:25 DONE greek/midas
09-17 16:40:25 start greek/orestes
09-17 16:40:53 DONE greek/menelaus
09-17 16:40:53 start greek/orpheus
09-17 16:41:03 DONE greek/niobe
09-17 16:41:03 start greek/palamedes
09-17 16:41:08 DONE greek/minos
09-17 16:41:08 start greek/pandora
09-17 16:41:34 DONE greek/neoptolemus
09-17 16:41:34 start greek/paris
09-17 16:41:36 DONE greek/oedipus
09-17 16:41:36 start greek/patroclus
09-17 16:42:08 DONE greek/pandora
09-17 16:42:08 start greek/peleus
09-17 16:42:15 DONE greek/orestes
09-17 16:42:15 start greek/pelops
09-17 16:42:18 DONE greek/nestor
09-17 16:42:18 start greek/penelope
09-17 16:42:18 DONE greek/palamedes
09-17 16:42:18 start greek/penthesilea
09-17 16:42:57 DONE greek/odysseus_hero
09-17 16:42:57 start greek/pentheus
09-17 16:43:15 DONE greek/patroclus
09-17 16:43:15 start greek/perseus
09-17 16:43:45 DONE greek/penelope
09-17 16:43:45 start greek/phaethon
09-17 16:43:48 DONE greek/paris
09-17 16:43:48 start greek/philoctetes
09-17 16:43:54 DONE greek/pentheus
09-17 16:43:54 start greek/philomela_and_procne
09-17 16:44:01 DONE greek/peleus
09-17 16:44:01 start greek/polyxena
09-17 16:44:21 DONE greek/penthesilea
09-17 16:44:21 start greek/priam
09-17 16:44:27 DONE greek/pelops
09-17 16:44:27 start greek/protesilaus_and_laodamia
09-17 16:44:33 DONE greek/orpheus
09-17 16:44:33 start greek/pygmalion
09-17 16:44:58 DONE greek/philomela_and_procne
09-17 16:44:58 start greek/rhadamanthus_and_aeacus
09-17 16:45:01 DONE greek/phaethon
09-17 16:45:01 start greek/sarpedon
09-17 16:45:05 DONE greek/perseus
09-17 16:45:05 start greek/semele
09-17 16:45:07 DONE greek/philoctetes
09-17 16:45:07 start greek/seven_against_thebes
09-17 16:45:12 DONE greek/pygmalion
09-17 16:45:12 start greek/sisyphus
09-17 16:45:26 DONE greek/polyxena
09-17 16:45:26 start greek/tantalus
09-17 16:45:29 DONE greek/seven_against_thebes
09-17 16:45:29 start greek/telemachus
09-17 16:45:48 DONE greek/protesilaus_and_laodamia
09-17 16:45:48 start greek/theseus
09-17 16:46:11 DONE greek/semele
09-17 16:46:11 start greek/tiresias
09-17 16:46:40 DONE greek/sisyphus
09-17 16:46:40 start greek/trophonius
09-17 16:46:43 DONE greek/sarpedon
09-17 16:46:43 start guarani/anahi
09-17 16:46:47 DONE greek/priam
09-17 16:46:47 start guarani/irupe
09-17 16:46:49 DONE greek/tantalus
09-17 16:46:49 start hindu/abhimanyu
09-17 16:46:52 DONE guarani/anahi
09-17 16:46:52 start hindu/arjuna
09-17 16:46:57 DONE greek/rhadamanthus_and_aeacus
09-17 16:46:57 start hindu/ashwatthama
09-17 16:47:04 DONE greek/telemachus
09-17 16:47:04 start hindu/bhima
09-17 16:47:29 DONE guarani/irupe
09-17 16:47:29 start hindu/bhishma
09-17 16:47:52 DONE greek/tiresias
09-17 16:47:52 start hindu/dhruva
09-17 16:48:19 DONE greek/trophonius
09-17 16:48:19 start hindu/draupadi
09-17 16:48:31 DONE hindu/abhimanyu
09-17 16:48:31 start hindu/drona
09-17 16:49:10 DONE greek/theseus
09-17 16:49:10 start hindu/duryodhana
09-17 16:49:12 DONE hindu/ashwatthama
09-17 16:49:12 start hindu/ekalavya
09-17 16:49:37 DONE hindu/bhima
09-17 16:49:37 start hindu/gandhari
09-17 16:49:57 DONE hindu/arjuna
09-17 16:49:57 start hindu/ghatotkacha
09-17 16:49:58 DONE hindu/dhruva
09-17 16:49:58 start hindu/harishchandra
09-17 16:49:59 DONE hindu/bhishma
09-17 16:49:59 start hindu/karna
09-17 16:50:02 DONE hindu/draupadi
09-17 16:50:02 start hindu/kunti
09-17 16:50:06 DONE hindu/drona
09-17 16:50:06 start hindu/nala_and_damayanti
09-17 16:50:12 DONE hindu/ekalavya
09-17 16:50:12 start hindu/prahlada
09-17 16:50:59 DONE hindu/nala_and_damayanti
09-17 16:50:59 start hindu/savitri_and_satyavan
09-17 16:51:14 DONE hindu/kunti
09-17 16:51:14 start hindu/shakuntala
09-17 16:51:28 DONE hindu/harishchandra
09-17 16:51:28 start hindu/sugriva
09-17 16:51:32 DONE hindu/ghatotkacha
09-17 16:51:32 start hindu/vibhishana
09-17 16:51:39 DONE hindu/prahlada
09-17 16:51:39 start hindu/yudhishthira
09-17 16:51:40 DONE hindu/karna
09-17 16:51:40 start iberian/bernardo_del_carpio
09-17 16:51:42 DONE hindu/gandhari
09-17 16:51:42 start iberian/don_rodrigo_and_la_cava
09-17 16:51:57 DONE iberian/bernardo_del_carpio
09-17 16:51:57 start iberian/el_cid
09-17 16:51:59 DONE hindu/savitri_and_satyavan
09-17 16:51:59 start iberian/fernan_gonzalez
09-17 16:52:05 DONE hindu/shakuntala
09-17 16:52:05 start iberian/jaun_zuria
09-17 16:52:16 DONE iberian/don_rodrigo_and_la_cava
09-17 16:52:16 start iberian/pelayo
09-17 16:52:26 DONE iberian/el_cid
09-17 16:52:26 start iberian/roland_at_roncevaux
09-17 16:52:31 DONE iberian/fernan_gonzalez
09-17 16:52:31 start iberian/seven_infantes_of_lara
09-17 16:52:43 DONE iberian/jaun_zuria
09-17 16:52:43 start japanese/abe_no_seimei
09-17 16:52:46 DONE iberian/pelayo
09-17 16:52:46 start japanese/benkei
09-17 16:52:52 DONE hindu/duryodhana
09-17 16:52:52 start japanese/empress_jingu
09-17 16:53:00 DONE iberian/roland_at_roncevaux
09-17 16:53:00 start japanese/issun_boshi
09-17 16:53:13 DONE hindu/sugriva
09-17 16:53:13 start japanese/jimmu
09-17 16:53:23 DONE iberian/seven_infantes_of_lara
09-17 16:53:23 start japanese/kaguya_hime
09-17 16:53:28 DONE japanese/issun_boshi
09-17 16:53:28 start japanese/kintaro
09-17 16:53:35 DONE hindu/vibhishana
09-17 16:53:35 start japanese/momotaro
09-17 16:53:45 DONE japanese/abe_no_seimei
09-17 16:53:45 start japanese/tawara_toda
09-17 16:53:46 DONE japanese/kaguya_hime
09-17 16:53:46 start japanese/urashima_taro
09-17 16:53:48 DONE japanese/benkei
09-17 16:53:48 start japanese/yamato_takeru
09-17 16:53:55 DONE japanese/momotaro
09-17 16:53:55 start japanese/yoshitsune
09-17 16:54:16 DONE japanese/kintaro
09-17 16:54:16 start lakota/falling_star
09-17 16:54:19 DONE japanese/empress_jingu
09-17 16:54:19 start lakota/stone_boy
09-17 16:54:24 DONE japanese/tawara_toda
09-17 16:54:24 start mapuche/caupolican
09-17 16:54:32 DONE japanese/urashima_taro
09-17 16:54:32 start mapuche/fresia_and_guacolda
09-17 16:54:39 DONE japanese/yoshitsune
09-17 16:54:39 start mapuche/galvarino
09-17 16:54:43 DONE mapuche/fresia_and_guacolda
09-17 16:54:43 start medieval/faust
09-17 16:54:44 DONE japanese/jimmu
09-17 16:54:44 start medieval/lohengrin
09-17 16:54:56 DONE lakota/stone_boy
09-17 16:54:56 start medieval/parzival
09-17 16:54:58 DONE hindu/yudhishthira
09-17 16:54:58 start medieval/pied_piper
09-17 16:54:59 DONE mapuche/caupolican
09-17 16:54:59 start medieval/robin_hood
09-17 16:55:05 DONE mapuche/galvarino
09-17 16:55:05 start medieval/tannhauser
09-17 16:55:06 DONE lakota/falling_star
09-17 16:55:06 start medieval/till_eulenspiegel
09-17 16:55:15 DONE japanese/yamato_takeru
09-17 16:55:15 start medieval/tristan_and_isolde
09-17 16:55:15 DONE medieval/till_eulenspiegel
09-17 16:55:15 start medieval/wilhelm_tell
09-17 16:55:16 DONE medieval/pied_piper
09-17 16:55:16 start mesopotamian/ahiqar
09-17 16:55:24 DONE medieval/tristan_and_isolde
09-17 16:55:24 start mesopotamian/enmerkar
09-17 16:55:28 DONE medieval/wilhelm_tell
09-17 16:55:28 start mesopotamian/etana
09-17 16:55:29 DONE medieval/tannhauser
09-17 16:55:29 start mesopotamian/naram_sin_legend
09-17 16:55:30 DONE medieval/lohengrin
09-17 16:55:30 start mesopotamian/sargon_legend
09-17 16:55:30 DONE mesopotamian/ahiqar
09-17 16:55:30 start norse/aslaug
09-17 16:55:48 DONE medieval/faust
09-17 16:55:48 start norse/atli_etzel
09-17 16:55:58 DONE norse/atli_etzel
09-17 16:55:58 start norse/beowulf
09-17 16:56:06 DONE mesopotamian/etana
09-17 16:56:06 start norse/bodvar_bjarki
09-17 16:56:18 DONE mesopotamian/sargon_legend
09-17 16:56:18 start norse/dietrich_von_bern
09-17 16:56:26 DONE medieval/robin_hood
09-17 16:56:26 start norse/egil
09-17 16:56:34 DONE mesopotamian/enmerkar
09-17 16:56:34 start norse/grettir
09-17 16:56:41 DONE norse/beowulf
09-17 16:56:41 start norse/gudrun_kriemhild
09-17 16:56:42 DONE norse/aslaug
09-17 16:56:42 start norse/gunnar
09-17 16:56:46 DONE norse/egil
09-17 16:56:46 start norse/hagen
09-17 16:56:50 DONE norse/gudrun_kriemhild
09-17 16:56:50 start norse/helgi_hundingsbane
09-17 16:56:56 DONE mesopotamian/naram_sin_legend
09-17 16:56:56 start norse/hervor
09-17 16:56:57 DONE norse/grettir
09-17 16:56:57 start norse/hrolf_kraki
09-17 16:57:06 DONE medieval/parzival
09-17 16:57:06 start norse/lagertha
09-17 16:57:13 DONE norse/hrolf_kraki
09-17 16:57:13 start norse/ragnar_lodbrok
09-17 16:57:13 DONE norse/hagen
09-17 16:57:13 start norse/sigmund
09-17 16:57:19 DONE norse/bodvar_bjarki
09-17 16:57:19 start norse/signy
09-17 16:57:27 DONE norse/lagertha
09-17 16:57:27 start norse/starkad
09-17 16:57:47 DONE norse/hervor
09-17 16:57:47 start persian/afrasiyab
09-17 16:57:48 DONE norse/ragnar_lodbrok
09-17 16:57:48 start persian/arash
09-17 16:58:01 DONE norse/sigmund
09-17 16:58:01 start persian/bahram_gur
09-17 16:58:11 DONE persian/bahram_gur
09-17 16:58:11 start persian/bizhan_and_manizheh
09-17 16:58:18 DONE persian/arash
09-17 16:58:18 start persian/esfandiyar
09-17 16:58:25 DONE norse/dietrich_von_bern
09-17 16:58:25 start persian/fereydun
09-17 16:58:27 DONE norse/helgi_hundingsbane
09-17 16:58:27 start persian/garshasp
09-17 16:58:32 DONE norse/signy
09-17 16:58:32 start persian/gordafarid
09-17 16:58:38 DONE persian/gordafarid
09-17 16:58:38 start persian/kaveh
09-17 16:58:40 DONE norse/starkad
09-17 16:58:40 start persian/kay_kavus
09-17 16:59:01 DONE norse/gunnar
09-17 16:59:01 start persian/kay_khosrow
09-17 16:59:26 DONE persian/kaveh
09-17 16:59:26 start persian/rostam
09-17 16:59:36 DONE persian/bizhan_and_manizheh
09-17 16:59:36 start persian/rudabeh
09-17 16:59:51 DONE persian/rudabeh
09-17 16:59:51 start persian/siyavash
09-17 17:00:00 DONE persian/afrasiyab
09-17 17:00:00 start persian/sohrab
09-17 17:00:07 DONE persian/fereydun
09-17 17:00:07 start persian/zal
09-17 17:00:23 DONE persian/esfandiyar
09-17 17:00:23 start roman/aeneas_hero
09-17 17:00:37 DONE persian/garshasp
09-17 17:00:37 start roman/ascanius
09-17 17:01:01 DONE persian/siyavash
09-17 17:01:01 start roman/camilla
09-17 17:01:17 DONE persian/sohrab
09-17 17:01:17 start roman/cloelia
09-17 17:01:18 DONE persian/kay_khosrow
09-17 17:01:18 start roman/coriolanus
09-17 17:01:28 DONE roman/coriolanus
09-17 17:01:28 start roman/cumaean_sibyl
09-17 17:01:40 DONE persian/rostam
09-17 17:01:40 start roman/evander
09-17 17:01:41 DONE persian/kay_kavus
09-17 17:01:41 start roman/horatii_and_curiatii
09-17 17:01:54 DONE persian/zal
09-17 17:01:54 start roman/horatius_cocles
09-17 17:01:55 DONE roman/cloelia
09-17 17:01:55 start roman/lavinia
09-17 17:02:01 DONE roman/camilla
09-17 17:02:01 start roman/lucretia
09-17 17:02:08 DONE roman/ascanius
09-17 17:02:08 start roman/marcus_curtius
09-17 17:02:09 DONE roman/lucretia
09-17 17:02:09 start roman/mucius_scaevola
09-17 17:02:19 DONE roman/mucius_scaevola
09-17 17:02:19 start roman/nisus_and_euryalus
09-17 17:02:19 DONE roman/horatii_and_curiatii
09-17 17:02:19 start roman/pallas
09-17 17:02:28 DONE roman/marcus_curtius
09-17 17:02:28 start roman/regulus
09-17 17:02:29 DONE roman/horatius_cocles
09-17 17:02:29 start roman/romulus_and_remus
09-17 17:02:35 DONE roman/cumaean_sibyl
09-17 17:02:35 start roman/tarpeia
09-17 17:02:43 DONE roman/lavinia
09-17 17:02:43 start roman/turnus
09-17 17:03:01 DONE roman/regulus
09-17 17:03:01 start roman/verginia
09-17 17:03:01 DONE roman/aeneas_hero
09-17 17:03:01 start slavic/alyosha_popovich
09-17 17:03:09 DONE roman/evander
09-17 17:03:09 start slavic/dobrynya_nikitich
09-17 17:03:13 DONE roman/verginia
09-17 17:03:13 start slavic/ilya_muromets
09-17 17:03:17 DONE roman/tarpeia
09-17 17:03:17 start slavic/ivan_tsarevich
09-17 17:03:25 DONE roman/romulus_and_remus
09-17 17:03:25 start slavic/krak_and_wanda
09-17 17:03:35 DONE roman/pallas
09-17 17:03:35 start slavic/lech_czech_and_rus
09-17 17:03:49 DONE roman/nisus_and_euryalus
09-17 17:03:49 start slavic/libuse
09-17 17:03:59 DONE roman/turnus
09-17 17:03:59 start slavic/marko_kraljevic
09-17 17:04:08 DONE slavic/alyosha_popovich
09-17 17:04:08 start slavic/marya_morevna
09-17 17:04:11 DONE slavic/krak_and_wanda
09-17 17:04:11 start slavic/mikula_selyaninovich
09-17 17:04:19 DONE slavic/ivan_tsarevich
09-17 17:04:19 start slavic/sadko
09-17 17:04:23 DONE slavic/lech_czech_and_rus
09-17 17:04:23 start slavic/svyatogor
09-17 17:04:24 DONE slavic/dobrynya_nikitich
09-17 17:04:24 start slavic/vasilisa
09-17 17:04:24 DONE slavic/ilya_muromets
09-17 17:04:24 start slavic/volkh_vseslavyevich
09-17 17:04:40 DONE slavic/mikula_selyaninovich
09-17 17:04:40 start vodou/anacaona
09-17 17:04:43 DONE slavic/vasilisa
09-17 17:04:43 start vodou/boukman
09-17 17:04:45 DONE vodou/anacaona
09-17 17:04:45 start vodou/makandal
09-17 17:04:45 DONE slavic/libuse
09-17 17:04:45 start yoruba/ajaka
09-17 17:04:54 DONE slavic/marya_morevna
09-17 17:04:54 start yoruba/bashorun_gaa
09-17 17:04:56 DONE slavic/sadko
09-17 17:04:56 start yoruba/efunsetan_aniwura
09-17 17:04:57 DONE slavic/svyatogor
09-17 17:04:57 start yoruba/moremi_ajasoro
09-17 17:04:58 DONE slavic/volkh_vseslavyevich
09-17 17:04:58 start yoruba/oranmiyan
09-17 17:05:00 DONE yoruba/bashorun_gaa
09-17 17:05:00 DONE vodou/makandal
09-17 17:05:03 DONE vodou/boukman
09-17 17:05:13 DONE yoruba/efunsetan_aniwura
09-17 17:05:35 DONE yoruba/moremi_ajasoro
09-17 17:05:40 DONE yoruba/ajaka
09-17 17:05:43 DONE slavic/marko_kraljevic
09-17 17:05:57 DONE yoruba/oranmiyan
09-17 17:05:57 relations batch heroes finished: {'done': 286}
