09-12 06:05:09 batch: 95 to run, 3 at a time
09-12 06:05:09 start andromeda (Andromeda)
09-12 06:05:09 start aquila (Aquila)
09-12 06:05:09 start ara (Ara)
09-12 06:05:33 batch: 95 to run, 5 at a time
09-12 06:05:33 start andromeda (Andromeda)
09-12 06:05:33 start ara (Ara)
09-12 06:05:33 start auriga (Auriga)
09-12 06:05:33 start aquila (Aquila)
09-12 06:05:33 start bootes (Boötes)
09-12 06:11:42 DONE ara: 783 lines, committed and pushed
09-12 06:11:42 start canis_major (Canis Major)
09-12 06:11:55 DONE aquila: 1076 lines, committed and pushed
09-12 06:11:55 start canis_minor (Canis Minor)
09-12 06:12:05 DONE bootes: 904 lines, committed and pushed
09-12 06:12:05 start cassiopeia (Cassiopeia)
09-12 06:12:10 DONE andromeda: 865 lines, committed and pushed
09-12 06:12:10 start centaurus (Centaurus)
09-12 06:13:50 DONE auriga: 676 lines, committed and pushed
09-12 06:13:50 start cepheus (Cepheus)
09-12 06:18:17 DONE centaurus: 1004 lines, committed and pushed
09-12 06:18:17 start cetus (Cetus)
09-12 06:18:55 DONE cassiopeia: 1140 lines, committed and pushed
09-12 06:18:55 start corona_borealis (Corona Borealis)
09-12 06:20:36 DONE canis_minor: 613 lines, committed and pushed
09-12 06:20:36 start corvus (Corvus)
09-12 06:20:40 DONE cepheus: 978 lines, committed and pushed
09-12 06:20:40 start crater (Crater)
09-12 06:24:09 DONE canis_major: 1031 lines, committed and pushed
09-12 06:24:09 start cygnus (Cygnus)
09-12 06:24:34 DONE corona_borealis: 856 lines, committed and pushed
09-12 06:24:34 start delphinus (Delphinus)
09-12 06:25:25 DONE cetus: 979 lines, committed and pushed
09-12 06:25:25 start draco (Draco)
09-12 06:26:08 DONE corvus: 832 lines, committed and pushed
09-12 06:26:08 start equuleus (Equuleus)
09-12 06:30:30 DONE cygnus: 864 lines, committed and pushed
09-12 06:30:30 start eridanus (Eridanus)
09-12 06:31:03 DONE delphinus: 879 lines, committed and pushed
09-12 06:31:03 start hercules (Hercules)
09-12 06:31:06 DONE crater: 805 lines, committed and pushed
09-12 06:31:06 start hydra (Hydra)
09-12 06:31:32 DONE draco: 817 lines, committed and pushed
09-12 06:31:32 start lepus (Lepus)
09-12 06:32:23 DONE equuleus: 973 lines, committed and pushed
09-12 06:32:23 start lupus (Lupus)
09-12 06:36:37 DONE eridanus: 785 lines, committed and pushed
09-12 06:36:37 start lyra (Lyra)
09-12 06:37:13 DONE lepus: 847 lines, committed and pushed
09-12 06:37:13 start ophiuchus (Ophiuchus)
09-12 06:37:44 DONE hercules: 974 lines, committed and pushed
09-12 06:37:44 start orion (Orion)
09-12 06:38:41 DONE lupus: 902 lines, committed and pushed
09-12 06:38:41 start pegasus (Pegasus)
09-12 06:39:09 DONE hydra: 1091 lines, committed and pushed
09-12 06:39:09 start perseus (Perseus)
09-12 06:43:24 DONE lyra: 717 lines, committed and pushed
09-12 06:43:24 start piscis_austrinus (Piscis Austrinus)
09-12 06:43:53 DONE orion: 768 lines, committed and pushed
09-12 06:43:53 start sagitta (Sagitta)
09-12 06:44:33 DONE pegasus: 766 lines, committed and pushed
09-12 06:44:33 start serpens (Serpens)
09-12 06:46:29 DONE perseus: 1184 lines, committed and pushed
09-12 06:46:29 start triangulum (Triangulum)
09-12 06:47:07 DONE ophiuchus: 1194 lines, committed and pushed
09-12 06:47:07 start ursa_major (Ursa Major)
09-12 06:49:52 DONE piscis_austrinus: 966 lines, committed and pushed
09-12 06:49:52 start ursa_minor (Ursa Minor)
09-12 06:50:33 DONE sagitta: 1111 lines, committed and pushed
09-12 06:50:33 start apus (Apus)
09-12 06:50:53 DONE serpens: 960 lines, committed and pushed
09-12 06:50:53 start chamaeleon (Chamaeleon)
09-12 06:53:45 DONE triangulum: 1078 lines, committed and pushed
09-12 06:53:45 start dorado (Dorado)
09-12 06:55:26 DONE ursa_major: 802 lines, committed and pushed
09-12 06:55:26 start grus (Grus)
09-12 06:56:44 DONE apus: 1017 lines, committed and pushed
09-12 06:56:44 start hydrus (Hydrus)
09-12 06:56:46 DONE ursa_minor: 939 lines, committed and pushed
09-12 06:56:46 start indus (Indus)
09-12 06:57:48 DONE chamaeleon: 865 lines, committed and pushed
09-12 06:57:48 start musca (Musca)
09-12 06:59:31 DONE dorado: 819 lines, committed and pushed
09-12 06:59:31 start pavo (Pavo)
09-12 07:01:09 DONE grus: 940 lines, committed and pushed
09-12 07:01:09 start phoenix (Phoenix)
09-12 07:01:57 DONE hydrus: 840 lines, committed and pushed
09-12 07:01:57 start triangulum_australe (Triangulum Australe)
09-12 07:02:30 DONE indus: 796 lines, committed and pushed
09-12 07:02:30 start tucana (Tucana)
09-12 07:03:23 DONE musca: 729 lines, committed and pushed
09-12 07:03:23 start volans (Volans)
09-12 07:06:50 DONE phoenix: 553 lines, committed and pushed
09-12 07:06:50 start canes_venatici (Canes Venatici)
09-12 07:06:55 DONE pavo: 1230 lines, committed and pushed
09-12 07:06:55 start lacerta (Lacerta)
09-12 07:08:09 DONE triangulum_australe: 1020 lines, committed and pushed
09-12 07:08:09 start leo_minor (Leo Minor)
09-12 07:08:41 DONE tucana: 837 lines, committed and pushed
09-12 07:08:41 start lynx (Lynx)
09-12 07:09:26 DONE volans: 1017 lines, committed and pushed
09-12 07:09:26 start scutum (Scutum)
09-12 07:12:51 DONE canes_venatici: 1072 lines, committed and pushed
09-12 07:12:51 start sextans (Sextans)
09-12 07:13:30 DONE lacerta: 1089 lines, committed and pushed
09-12 07:13:30 start vulpecula (Vulpecula)
09-12 07:14:16 DONE lynx: 761 lines, committed and pushed
09-12 07:14:16 start antlia (Antlia)
09-12 07:14:34 DONE leo_minor: 858 lines, committed and pushed
09-12 07:14:34 start caelum (Caelum)
09-12 07:16:07 DONE scutum: 1059 lines, committed and pushed
09-12 07:16:07 start carina (Carina)
09-12 07:19:31 DONE sextans: 1098 lines, committed and pushed
09-12 07:19:31 start circinus (Circinus)
09-12 07:19:46 DONE vulpecula: 736 lines, committed and pushed
09-12 07:19:46 start columba (Columba)
09-12 07:20:17 DONE caelum: 1084 lines, committed and pushed
09-12 07:20:17 start camelopardalis (Camelopardalis)
09-12 07:20:31 DONE antlia: 773 lines, committed and pushed
09-12 07:20:31 start coma_berenices (Coma Berenices)
09-12 07:23:50 DONE carina: 1009 lines, committed and pushed
09-12 07:23:50 start crux (Crux)
09-12 07:25:48 DONE columba: 1186 lines, committed and pushed
09-12 07:25:48 start fornax (Fornax)
09-12 07:26:12 DONE camelopardalis: 855 lines, committed and pushed
09-12 07:26:12 start horologium (Horologium)
09-12 07:26:21 DONE coma_berenices: 825 lines, committed and pushed
09-12 07:26:21 start mensa (Mensa)
09-12 07:26:53 DONE circinus: 1029 lines, committed and pushed
09-12 07:26:53 start microscopium (Microscopium)
09-12 07:28:59 DONE crux: 981 lines, committed and pushed
09-12 07:28:59 start monoceros (Monoceros)
09-12 07:31:11 DONE horologium: 570 lines, committed and pushed
09-12 07:31:11 start norma (Norma)
09-12 07:31:32 DONE fornax: 906 lines, committed and pushed
09-12 07:31:32 start octans (Octans)
09-12 07:31:36 DONE mensa: 973 lines, committed and pushed
09-12 07:31:36 start pictor (Pictor)
09-12 07:32:10 DONE microscopium: 980 lines, committed and pushed
09-12 07:32:10 start puppis (Puppis)
09-12 07:35:32 DONE monoceros: 867 lines, committed and pushed
09-12 07:35:32 start pyxis (Pyxis)
09-12 07:36:01 DONE norma: 877 lines, committed and pushed
09-12 07:36:01 start reticulum (Reticulum)
09-12 07:36:19 DONE octans: 888 lines, committed and pushed
09-12 07:36:19 start sculptor (Sculptor)
09-12 07:36:38 DONE pictor: 1042 lines, committed and pushed
09-12 07:36:38 start telescopium (Telescopium)
09-12 07:39:05 DONE puppis: 971 lines, committed and pushed
09-12 07:39:05 start vela (Vela)
09-12 07:40:47 DONE pyxis: 762 lines, committed and pushed
09-12 07:40:47 start corona_austrina (Corona Austrina)
09-12 07:40:48 DONE reticulum: 782 lines, committed and pushed
09-12 07:40:48 start honores_friderici (Honores Friderici)
09-12 07:41:29 DONE sculptor: 936 lines, committed and pushed
09-12 07:41:29 start quadrans_muralis (Quadrans Muralis)
09-12 07:41:49 DONE telescopium: 976 lines, committed and pushed
09-12 07:41:49 start felis (Felis)
09-12 07:45:17 DONE vela: 922 lines, committed and pushed
09-12 07:45:17 start globus_aerostaticus (Globus Aerostaticus)
09-12 07:46:12 DONE honores_friderici: 688 lines, committed and pushed
09-12 07:46:12 start officina_typographica (Officina Typographica)
09-12 07:46:44 DONE corona_austrina: 866 lines, committed and pushed
09-12 07:46:44 start machina_electrica (Machina Electrica)
09-12 07:47:10 DONE felis: 910 lines, committed and pushed
09-12 07:47:10 start telescopium_herschelii (Telescopium Herschelii)
09-12 07:51:25 DONE quadrans_muralis: 945 lines, committed and pushed
09-12 07:51:25 start custos_messium (Custos Messium)
09-12 07:51:44 DONE officina_typographica: 591 lines, committed and pushed
09-12 07:51:44 start sceptrum_brandenburgicum (Sceptrum Brandenburgicum)
09-12 07:52:07 DONE telescopium_herschelii: 781 lines, committed and pushed
09-12 07:52:07 start lochium_funis (Lochium Funis)
09-12 07:52:29 DONE machina_electrica: 993 lines, committed and pushed
09-12 07:52:29 start taurus_poniatovii (Taurus Poniatovii)
09-12 07:54:27 DONE globus_aerostaticus: 868 lines, committed and pushed
09-12 07:54:27 start cerberus (Cerberus)
09-12 07:56:31 DONE lochium_funis: 538 lines, committed and pushed
09-12 07:56:31 start mons_maenalus (Mons Maenalus)
09-12 07:57:04 DONE custos_messium: 729 lines, committed and pushed
09-12 07:57:04 start triangulum_minus (Triangulum Minus)
09-12 07:57:24 DONE sceptrum_brandenburgicum: 1033 lines, committed and pushed
09-12 07:57:24 start musca_borealis (Musca Borealis)
09-12 07:57:48 DONE taurus_poniatovii: 882 lines, committed and pushed
09-12 07:57:48 start tarandus (Tarandus vel Rangifer)
09-12 07:59:14 DONE cerberus: 684 lines, committed and pushed
09-12 07:59:14 start harpa_georgii (Harpa Georgii)
09-12 08:01:42 DONE mons_maenalus: 668 lines, committed and pushed
09-12 08:01:42 start turdus_solitarius (Turdus Solitarius)
09-12 08:01:43 DONE triangulum_minus: 775 lines, committed and pushed
09-12 08:01:43 start robur_carolinum (Robur Carolinum)
09-12 08:02:53 DONE tarandus: 1092 lines, committed and pushed
09-12 08:03:19 DONE musca_borealis: 797 lines, committed and pushed
09-12 08:04:24 DONE harpa_georgii: 974 lines, committed and pushed
09-12 08:07:01 DONE turdus_solitarius: 865 lines, committed and pushed
09-12 08:08:00 DONE robur_carolinum: 855 lines, committed and pushed
09-12 08:08:00 batch finished: {'done': 95}
09-12 08:21:22 batch: 1 to run, 1 at a time
09-12 08:21:22 start argo_navis (Argo Navis)
09-12 08:28:47 DONE argo_navis: 856 lines, committed and pushed
09-12 08:28:47 batch finished: {'done': 1}
