09-14 05:54:27 batch tarot: 82 to run, 5 at a time
09-14 05:54:27 start 00_the_fool (The Fool)
09-14 05:54:27 start 01_the_magician (The Magician)
09-14 05:54:27 start 02_the_high_priestess (The High Priestess)
09-14 05:54:27 start 04_the_emperor (The Emperor)
09-14 05:54:27 start 03_the_empress (The Empress)
09-14 06:01:27 DONE 04_the_emperor: 594 lines, committed and pushed
09-14 06:01:27 start 05_the_hierophant (The Hierophant)
09-14 06:02:30 DONE 03_the_empress: 1243 lines, committed and pushed
09-14 06:02:30 start 06_the_lovers (The Lovers)
09-14 06:02:32 DONE 00_the_fool: 1082 lines, committed and pushed
09-14 06:02:32 start 07_the_chariot (The Chariot)
09-14 06:02:51 DONE 01_the_magician: 1116 lines, committed and pushed
09-14 06:02:51 start 08_strength (Strength)
09-14 06:10:06 DONE 07_the_chariot: 983 lines, committed and pushed
09-14 06:10:06 start 09_the_hermit (The Hermit)
09-14 06:10:21 DONE 02_the_high_priestess: 1034 lines, committed and pushed
09-14 06:10:21 start 10_the_wheel_of_fortune (The Wheel of Fortune)
09-14 06:11:17 DONE 06_the_lovers: 1089 lines, committed and pushed
09-14 06:11:17 start 11_justice (Justice)
09-14 06:11:19 DONE 05_the_hierophant: 1594 lines, committed and pushed
09-14 06:11:19 start 12_the_hanged_man (The Hanged Man)
09-14 06:14:41 DONE 08_strength: 1006 lines, committed and pushed
09-14 06:14:41 start 13_death (Death)
09-14 06:18:53 DONE 09_the_hermit: 1059 lines, committed and pushed
09-14 06:18:53 start 14_temperance (Temperance)
09-14 06:19:41 DONE 11_justice: 1356 lines, committed and pushed
09-14 06:19:41 start 15_the_devil (The Devil)
09-14 06:19:57 DONE 10_the_wheel_of_fortune: 1197 lines, committed and pushed
09-14 06:19:57 start 16_the_tower (The Tower)
09-14 06:20:35 DONE 12_the_hanged_man: 1114 lines, committed and pushed
09-14 06:20:35 start 17_the_star (The Star)
09-14 06:24:44 DONE 13_death: 1287 lines, committed and pushed
09-14 06:24:44 start 18_the_moon (The Moon)
09-14 06:25:47 DONE 14_temperance: 812 lines, committed and pushed
09-14 06:25:47 start 19_the_sun (The Sun)
09-14 06:29:22 DONE 15_the_devil: 1361 lines, committed and pushed
09-14 06:29:22 start 20_judgement (Judgement)
09-14 06:30:21 DONE 17_the_star: 1419 lines, committed and pushed
09-14 06:30:21 start 21_the_world (The World)
09-14 06:30:40 DONE 16_the_tower: 1506 lines, committed and pushed
09-14 06:30:40 start suit_wands (The Suit of Wands)
09-14 06:32:35 DONE 18_the_moon: 997 lines, committed and pushed
09-14 06:32:35 start 30_ace_of_wands (Ace of Wands)
09-14 06:35:06 DONE 19_the_sun: 1317 lines, committed and pushed
09-14 06:35:06 start 31_two_of_wands (Two of Wands)
09-14 06:38:00 DONE 20_judgement: 865 lines, committed and pushed
09-14 06:38:00 start 32_three_of_wands (Three of Wands)
09-14 06:38:53 DONE 30_ace_of_wands: 636 lines, committed and pushed
09-14 06:38:53 start 33_four_of_wands (Four of Wands)
09-14 06:39:07 DONE 21_the_world: 1285 lines, committed and pushed
09-14 06:39:07 start 34_five_of_wands (Five of Wands)
09-14 06:40:57 DONE suit_wands: 1258 lines, committed and pushed
09-14 06:40:57 start 35_six_of_wands (Six of Wands)
09-14 06:43:25 DONE 31_two_of_wands: 1446 lines, committed and pushed
09-14 06:43:25 start 36_seven_of_wands (Seven of Wands)
09-14 06:43:49 DONE 33_four_of_wands: 1054 lines, committed and pushed
09-14 06:43:49 start 37_eight_of_wands (Eight of Wands)
09-14 06:44:09 DONE 34_five_of_wands: 1034 lines, committed and pushed
09-14 06:44:09 start 38_nine_of_wands (Nine of Wands)
09-14 06:44:55 DONE 32_three_of_wands: 908 lines, committed and pushed
09-14 06:44:55 start 39_ten_of_wands (Ten of Wands)
09-14 06:47:13 DONE 35_six_of_wands: 840 lines, committed and pushed
09-14 06:47:13 start 40_page_of_wands (Page of Wands)
09-14 06:49:20 DONE 37_eight_of_wands: 802 lines, committed and pushed
09-14 06:49:20 start 41_knight_of_wands (Knight of Wands)
09-14 06:49:37 DONE 36_seven_of_wands: 1152 lines, committed and pushed
09-14 06:49:37 start 42_queen_of_wands (Queen of Wands)
09-14 06:49:53 DONE 38_nine_of_wands: 1095 lines, committed and pushed
09-14 06:49:53 start 43_king_of_wands (King of Wands)
09-14 06:51:39 DONE 39_ten_of_wands: 1057 lines, committed and pushed
09-14 06:51:39 start suit_cups (The Suit of Cups)
09-14 06:52:22 DONE 40_page_of_wands: 635 lines, committed and pushed
09-14 06:52:22 start 44_ace_of_cups (Ace of Cups)
09-14 06:55:38 DONE 41_knight_of_wands: 1003 lines, committed and pushed
09-14 06:55:38 start 45_two_of_cups (Two of Cups)
09-14 06:56:26 DONE 43_king_of_wands: 1028 lines, committed and pushed
09-14 06:56:26 start 46_three_of_cups (Three of Cups)
09-14 06:56:29 DONE 42_queen_of_wands: 1129 lines, committed and pushed
09-14 06:56:29 start 47_four_of_cups (Four of Cups)
09-14 06:58:53 DONE 44_ace_of_cups: 1166 lines, committed and pushed
09-14 06:58:53 start 48_five_of_cups (Five of Cups)
09-14 06:59:34 DONE suit_cups: 1100 lines, committed and pushed
09-14 06:59:34 start 49_six_of_cups (Six of Cups)
09-14 07:01:43 DONE 45_two_of_cups: 732 lines, committed and pushed
09-14 07:01:43 start 50_seven_of_cups (Seven of Cups)
09-14 07:02:23 DONE 46_three_of_cups: 895 lines, committed and pushed
09-14 07:02:23 start 51_eight_of_cups (Eight of Cups)
09-14 07:02:26 DONE 47_four_of_cups: 921 lines, committed and pushed
09-14 07:02:26 start 52_nine_of_cups (Nine of Cups)
09-14 07:04:34 DONE 48_five_of_cups: 930 lines, committed and pushed
09-14 07:04:34 start 53_ten_of_cups (Ten of Cups)
09-14 07:06:05 DONE 49_six_of_cups: 1224 lines, committed and pushed
09-14 07:06:05 start 54_page_of_cups (Page of Cups)
09-14 07:07:41 DONE 50_seven_of_cups: 1153 lines, committed and pushed
09-14 07:07:41 start 55_knight_of_cups (Knight of Cups)
09-14 07:09:00 DONE 52_nine_of_cups: 1228 lines, committed and pushed
09-14 07:09:00 start 56_queen_of_cups (Queen of Cups)
09-14 07:10:02 DONE 51_eight_of_cups: 1238 lines, committed and pushed
09-14 07:10:02 start 57_king_of_cups (King of Cups)
09-14 07:10:33 DONE 53_ten_of_cups: 1037 lines, committed and pushed
09-14 07:10:33 start suit_swords (The Suit of Swords)
09-14 07:13:10 DONE 54_page_of_cups: 1013 lines, committed and pushed
09-14 07:13:10 start 58_ace_of_swords (Ace of Swords)
09-14 07:16:01 DONE 55_knight_of_cups: 1058 lines, committed and pushed
09-14 07:16:01 start 59_two_of_swords (Two of Swords)
09-14 07:17:36 FAIL 57_king_of_cups: rc=1  story:     https://bota.org/bota/history - Modern Marseille/Grail proposal, used only as evidence of the modern claim:     https://www.reddit.com/r/TarotDeMarseille/comments/12a56u8/the_king_of_cups/
09-14 07:17:36 start 60_three_of_swords (Three of Swords)
09-14 07:18:16 DONE 56_queen_of_cups: 1168 lines, committed and pushed
09-14 07:18:16 start 61_four_of_swords (Four of Swords)
09-14 07:22:07 DONE suit_swords: 1361 lines, committed and pushed
09-14 07:22:07 start 62_five_of_swords (Five of Swords)
09-14 07:26:43 DONE 58_ace_of_swords: 805 lines, committed and pushed
09-14 07:26:43 start 63_six_of_swords (Six of Swords)
09-14 07:28:28 DONE 60_three_of_swords: 1346 lines, committed and pushed
09-14 07:28:28 start 64_seven_of_swords (Seven of Swords)
09-14 07:30:41 DONE 62_five_of_swords: 979 lines, committed and pushed
09-14 07:30:41 start 65_eight_of_swords (Eight of Swords)
09-14 07:32:59 DONE 59_two_of_swords: 1022 lines, committed and pushed
09-14 07:32:59 start 66_nine_of_swords (Nine of Swords)
09-14 07:35:48 DONE 63_six_of_swords: 833 lines, committed and pushed
09-14 07:35:48 start 67_ten_of_swords (Ten of Swords)
09-14 07:36:27 DONE 61_four_of_swords: 1230 lines, committed and pushed
09-14 07:36:27 start 68_page_of_swords (Page of Swords)
09-14 07:39:40 DONE 64_seven_of_swords: 1003 lines, committed and pushed
09-14 07:39:40 start 69_knight_of_swords (Knight of Swords)
09-14 07:40:36 DONE 65_eight_of_swords: 1220 lines, committed and pushed
09-14 07:40:36 start 70_queen_of_swords (Queen of Swords)
09-14 07:42:05 DONE 66_nine_of_swords: 1070 lines, committed and pushed
09-14 07:42:05 start 71_king_of_swords (King of Swords)
09-14 07:46:59 DONE 67_ten_of_swords: 931 lines, committed and pushed
09-14 07:46:59 start suit_pentacles (The Suit of Pentacles)
09-14 07:47:03 DONE 68_page_of_swords: 1081 lines, committed and pushed
09-14 07:47:03 start 72_ace_of_pentacles (Ace of Pentacles)
09-14 07:48:59 DONE 69_knight_of_swords: 1020 lines, committed and pushed
09-14 07:48:59 start 73_two_of_pentacles (Two of Pentacles)
09-14 07:50:05 DONE 70_queen_of_swords: 841 lines, committed and pushed
09-14 07:50:05 start 74_three_of_pentacles (Three of Pentacles)
09-14 07:50:39 DONE 71_king_of_swords: 830 lines, committed and pushed
09-14 07:50:39 start 75_four_of_pentacles (Four of Pentacles)
09-14 07:55:25 DONE suit_pentacles: 895 lines, committed and pushed
09-14 07:55:25 start 76_five_of_pentacles (Five of Pentacles)
09-14 07:56:12 DONE 72_ace_of_pentacles: 770 lines, committed and pushed
09-14 07:56:12 start 77_six_of_pentacles (Six of Pentacles)
09-14 07:58:19 DONE 73_two_of_pentacles: 949 lines, committed and pushed
09-14 07:58:19 start 78_seven_of_pentacles (Seven of Pentacles)
09-14 07:58:30 DONE 75_four_of_pentacles: 849 lines, committed and pushed
09-14 07:58:30 start 79_eight_of_pentacles (Eight of Pentacles)
09-14 07:58:59 DONE 74_three_of_pentacles: 953 lines, committed and pushed
09-14 07:58:59 start 80_nine_of_pentacles (Nine of Pentacles)
09-14 08:06:19 DONE 76_five_of_pentacles: 1017 lines, committed and pushed
09-14 08:06:19 start 81_ten_of_pentacles (Ten of Pentacles)
09-14 08:06:33 DONE 77_six_of_pentacles: 1379 lines, committed and pushed
09-14 08:06:33 start 82_page_of_pentacles (Page of Pentacles)
09-14 08:07:12 DONE 80_nine_of_pentacles: 783 lines, committed and pushed
09-14 08:07:12 start 83_knight_of_pentacles (Knight of Pentacles)
09-14 08:07:17 DONE 78_seven_of_pentacles: 958 lines, committed and pushed
09-14 08:07:17 start 84_queen_of_pentacles (Queen of Pentacles)
09-14 08:08:03 DONE 79_eight_of_pentacles: 989 lines, committed and pushed
09-14 08:08:03 start 85_king_of_pentacles (King of Pentacles)
09-14 08:16:16 DONE 82_page_of_pentacles: 965 lines, committed and pushed
09-14 08:16:41 DONE 83_knight_of_pentacles: 1146 lines, committed and pushed
09-14 08:16:42 DONE 84_queen_of_pentacles: 931 lines, committed and pushed
09-14 08:17:01 DONE 85_king_of_pentacles: 845 lines, committed and pushed
09-14 08:17:31 DONE 81_ten_of_pentacles: 1334 lines, committed and pushed
09-14 08:17:31 batch tarot finished: {'done': 81, 'fail': 1}
