09-14 06:11:09 batch tree: 34 to run, 3 at a time
09-14 06:11:09 start 00_the_tree_of_life (The Tree of Life)
09-14 06:11:09 start 01_kether (Kether)
09-14 06:11:09 start 02_chokmah (Chokmah)
09-14 06:31:08 DONE 00_the_tree_of_life: 1223 lines, committed and pushed
09-14 06:31:08 start 03_binah (Binah)
09-14 06:32:24 DONE 02_chokmah: 1742 lines, committed and pushed
09-14 06:32:24 start 04_daat (Da'at)
09-14 06:35:08 DONE 01_kether: 1809 lines, committed and pushed
09-14 06:35:08 start 05_chesed (Chesed)
09-14 06:46:00 DONE 03_binah: 1581 lines, committed and pushed
09-14 06:46:00 start 06_geburah (Geburah)
09-14 06:48:41 DONE 04_daat: 1452 lines, committed and pushed
09-14 06:48:41 start 07_tiphareth (Tiphareth)
09-14 06:50:28 DONE 05_chesed: 1416 lines, committed and pushed
09-14 06:50:28 start 08_netzach (Netzach)
09-14 07:00:19 DONE 06_geburah: 1520 lines, committed and pushed
09-14 07:00:19 start 09_hod (Hod)
09-14 07:03:40 DONE 07_tiphareth: 1374 lines, committed and pushed
09-14 07:03:40 start 10_yesod (Yesod)
09-14 07:05:17 DONE 08_netzach: 1488 lines, committed and pushed
09-14 07:05:17 start 11_malkuth (Malkuth)
09-14 07:22:42 DONE 11_malkuth: 1182 lines, committed and pushed
09-14 07:22:42 start 11_path_aleph (The Path of Aleph)
09-14 07:24:04 DONE 10_yesod: 1806 lines, committed and pushed
09-14 07:24:04 start 12_path_beth (The Path of Beth)
09-14 07:30:01 DONE 09_hod: 1629 lines, committed and pushed
09-14 07:30:01 start 13_path_gimel (The Path of Gimel)
09-14 07:45:02 DONE 12_path_beth: 1502 lines, committed and pushed
09-14 07:45:02 start 14_path_daleth (The Path of Daleth)
09-14 07:51:45 DONE 13_path_gimel: 1372 lines, committed and pushed
09-14 07:51:45 start 15_path_heh (The Path of Heh)
09-14 07:52:24 DONE 11_path_aleph: 1225 lines, committed and pushed
09-14 07:52:24 start 16_path_vav (The Path of Vav)
09-14 08:07:24 DONE 14_path_daleth: 1359 lines, committed and pushed
09-14 08:07:24 start 17_path_zayin (The Path of Zayin)
09-14 08:11:16 DONE 15_path_heh: 1162 lines, committed and pushed
09-14 08:11:16 start 18_path_cheth (The Path of Cheth)
09-14 08:15:42 DONE 16_path_vav: 1274 lines, committed and pushed
09-14 08:15:42 start 19_path_teth (The Path of Teth)
09-14 08:30:26 DONE 17_path_zayin: 1256 lines, committed and pushed
09-14 08:30:26 start 20_path_yod (The Path of Yod)
09-14 08:36:52 DONE 18_path_cheth: 1452 lines, committed and pushed
09-14 08:36:52 start 21_path_kaph (The Path of Kaph)
09-14 08:42:19 DONE 19_path_teth: 1509 lines, committed and pushed
09-14 08:42:19 start 22_path_lamed (The Path of Lamed)
09-14 08:53:36 DONE 21_path_kaph: 1479 lines, committed and pushed
09-14 08:53:36 start 23_path_mem (The Path of Mem)
09-14 08:54:34 DONE 20_path_yod: 1527 lines, committed and pushed
09-14 08:54:34 start 24_path_nun (The Path of Nun)
09-14 08:59:09 DONE 22_path_lamed: 1078 lines, committed and pushed
09-14 08:59:09 start 25_path_samekh (The Path of Samekh)
09-14 09:08:56 DONE 23_path_mem: 1340 lines, committed and pushed
09-14 09:08:56 start 26_path_ayin (The Path of Ayin)
09-14 09:17:03 DONE 25_path_samekh: 1247 lines, committed and pushed
09-14 09:17:03 start 27_path_peh (The Path of Peh)
09-14 09:17:05 DONE 24_path_nun: 1314 lines, committed and pushed
09-14 09:17:05 start 28_path_tzaddi (The Path of Tzaddi)
09-14 09:30:35 DONE 26_path_ayin: 1213 lines, committed and pushed
09-14 09:30:35 start 29_path_qoph (The Path of Qoph)
09-14 09:31:20 DONE 27_path_peh: 1361 lines, committed and pushed
09-14 09:31:20 start 30_path_resh (The Path of Resh)
09-14 09:32:44 DONE 28_path_tzaddi: 1517 lines, committed and pushed
09-14 09:32:44 start 31_path_shin (The Path of Shin)
09-14 09:47:04 DONE 29_path_qoph: 1283 lines, committed and pushed
09-14 09:47:04 start 32_path_tav (The Path of Tav)
09-14 09:47:58 DONE 31_path_shin: 1591 lines, committed and pushed
09-14 09:51:16 DONE 30_path_resh: 1725 lines, committed and pushed
09-14 10:03:00 DONE 32_path_tav: 1679 lines, committed and pushed
09-14 10:03:00 batch tree finished: {'done': 34}
09-14 13:01:52 batch tree: 0 to run, 5 at a time
09-14 13:01:52 batch tree finished: {}
